Component: ARM Compiler 6.14.1 Tool: armlink [5db06d00]

==============================================================================

Section Cross References

    lcd.o(.ARM.exidx.text.delay_ms) refers to lcd.o(.text.delay_ms) for [Anonymous Symbol]
    lcd.o(.text.lcd_setup) refers to spi.o(.text.SPI_Init) for SPI_Init
    lcd.o(.text.lcd_setup) refers to lcd.o(.text.lcd_reset) for lcd_reset
    lcd.o(.text.lcd_setup) refers to lcd.o(.text.lcd_cmd) for lcd_cmd
    lcd.o(.ARM.exidx.text.lcd_setup) refers to lcd.o(.text.lcd_setup) for [Anonymous Symbol]
    lcd.o(.text.lcd_reset) refers to lcd.o(.text.delay_ms) for delay_ms
    lcd.o(.ARM.exidx.text.lcd_reset) refers to lcd.o(.text.lcd_reset) for [Anonymous Symbol]
    lcd.o(.text.lcd_cmd) refers to spi.o(.text.SPI_write) for SPI_write
    lcd.o(.ARM.exidx.text.lcd_cmd) refers to lcd.o(.text.lcd_cmd) for [Anonymous Symbol]
    lcd.o(.text.lcd_draw_bitmap) refers to rt_memcpy.o(.text) for __aeabi_memcpy
    lcd.o(.text.lcd_draw_bitmap) refers to lcd.o(.bss.lcd_buffer) for lcd_buffer
    lcd.o(.ARM.exidx.text.lcd_draw_bitmap) refers to lcd.o(.text.lcd_draw_bitmap) for [Anonymous Symbol]
    lcd.o(.text.lcd_clear) refers to rt_memclr.o(.text) for __aeabi_memclr4
    lcd.o(.text.lcd_clear) refers to lcd.o(.bss.lcd_buffer) for lcd_buffer
    lcd.o(.ARM.exidx.text.lcd_clear) refers to lcd.o(.text.lcd_clear) for [Anonymous Symbol]
    lcd.o(.text.lcd_draw_text) refers to lcd.o(.bss.lcd_buffer) for lcd_buffer
    lcd.o(.text.lcd_draw_text) refers to font.o(.rodata.font_ASCII) for font_ASCII
    lcd.o(.ARM.exidx.text.lcd_draw_text) refers to lcd.o(.text.lcd_draw_text) for [Anonymous Symbol]
    lcd.o(.text.lcd_draw_pixel) refers to lcd.o(.bss.lcd_buffer) for lcd_buffer
    lcd.o(.ARM.exidx.text.lcd_draw_pixel) refers to lcd.o(.text.lcd_draw_pixel) for [Anonymous Symbol]
    lcd.o(.text.lcd_draw_line_x_or_y) refers to lcd.o(.text.lcd_draw_pixel) for lcd_draw_pixel
    lcd.o(.ARM.exidx.text.lcd_draw_line_x_or_y) refers to lcd.o(.text.lcd_draw_line_x_or_y) for [Anonymous Symbol]
    lcd.o(.text.lcd_copy) refers to spi.o(.text.SPI_write) for SPI_write
    lcd.o(.text.lcd_copy) refers to lcd.o(.bss.lcd_buffer) for lcd_buffer
    lcd.o(.ARM.exidx.text.lcd_copy) refers to lcd.o(.text.lcd_copy) for [Anonymous Symbol]
    spi.o(.ARM.exidx.text.SPI_Init) refers to spi.o(.text.SPI_Init) for [Anonymous Symbol]
    spi.o(.text.SPI_write) refers to lcd.o(.text.delay_ms) for delay_ms
    spi.o(.ARM.exidx.text.SPI_write) refers to spi.o(.text.SPI_write) for [Anonymous Symbol]
    tsi.o(.text.TSI_Init) refers to tsi.o(.text.__NVIC_SetPriority) for __NVIC_SetPriority
    tsi.o(.text.TSI_Init) refers to tsi.o(.text.__NVIC_ClearPendingIRQ) for __NVIC_ClearPendingIRQ
    tsi.o(.text.TSI_Init) refers to tsi.o(.text.__NVIC_EnableIRQ) for __NVIC_EnableIRQ
    tsi.o(.text.TSI_Init) refers to tsi.o(.text.self_calibration) for self_calibration
    tsi.o(.ARM.exidx.text.TSI_Init) refers to tsi.o(.text.TSI_Init) for [Anonymous Symbol]
    tsi.o(.ARM.exidx.text.__NVIC_SetPriority) refers to tsi.o(.text.__NVIC_SetPriority) for [Anonymous Symbol]
    tsi.o(.ARM.exidx.text.__NVIC_ClearPendingIRQ) refers to tsi.o(.text.__NVIC_ClearPendingIRQ) for [Anonymous Symbol]
    tsi.o(.ARM.exidx.text.__NVIC_EnableIRQ) refers to tsi.o(.text.__NVIC_EnableIRQ) for [Anonymous Symbol]
    tsi.o(.text.self_calibration) refers to tsi.o(.rodata.elec_array) for [Anonymous Symbol]
    tsi.o(.text.self_calibration) refers to tsi.o(.bss.gu16Baseline) for [Anonymous Symbol]
    tsi.o(.ARM.exidx.text.self_calibration) refers to tsi.o(.text.self_calibration) for [Anonymous Symbol]
    tsi.o(.text.TSI_ReadSlider) refers to aeabi_sdivfast.o(.text_divfast) for __aeabi_uidiv
    tsi.o(.text.TSI_ReadSlider) refers to tsi.o(.bss.end_flag) for [Anonymous Symbol]
    tsi.o(.text.TSI_ReadSlider) refers to tsi.o(.bss.gu16Delta) for [Anonymous Symbol]
    tsi.o(.ARM.exidx.text.TSI_ReadSlider) refers to tsi.o(.text.TSI_ReadSlider) for [Anonymous Symbol]
    tsi.o(.text.change_electrode) refers to tsi.o(.bss.ongoing_elec) for [Anonymous Symbol]
    tsi.o(.text.change_electrode) refers to tsi.o(.bss.gu16Baseline) for [Anonymous Symbol]
    tsi.o(.text.change_electrode) refers to tsi.o(.bss.gu16Delta) for [Anonymous Symbol]
    tsi.o(.text.change_electrode) refers to tsi.o(.rodata.elec_array) for [Anonymous Symbol]
    tsi.o(.ARM.exidx.text.change_electrode) refers to tsi.o(.text.change_electrode) for [Anonymous Symbol]
    tsi.o(.text.TSI0_IRQHandler) refers to tsi.o(.text.change_electrode) for change_electrode
    tsi.o(.text.TSI0_IRQHandler) refers to tsi.o(.bss.end_flag) for [Anonymous Symbol]
    tsi.o(.ARM.exidx.text.TSI0_IRQHandler) refers to tsi.o(.text.TSI0_IRQHandler) for [Anonymous Symbol]
    main.o(.text.main) refers to lcd.o(.text.lcd_setup) for lcd_setup
    main.o(.text.main) refers to tsi.o(.text.TSI_Init) for TSI_Init
    main.o(.text.main) refers to lcd.o(.text.lcd_draw_text) for lcd_draw_text
    main.o(.text.main) refers to lcd.o(.text.lcd_draw_line_x_or_y) for lcd_draw_line_x_or_y
    main.o(.text.main) refers to lcd.o(.text.lcd_copy) for lcd_copy
    main.o(.ARM.exidx.text.main) refers to main.o(.text.main) for [Anonymous Symbol]
    startup_mkl05z4.o(STACK) refers (Special) to heapauxi.o(.text) for __use_two_region_memory
    startup_mkl05z4.o(HEAP) refers (Special) to heapauxi.o(.text) for __use_two_region_memory
    startup_mkl05z4.o(RESET) refers (Special) to heapauxi.o(.text) for __use_two_region_memory
    startup_mkl05z4.o(RESET) refers to startup_mkl05z4.o(STACK) for __initial_sp
    startup_mkl05z4.o(RESET) refers to startup_mkl05z4.o(.text) for Reset_Handler
    startup_mkl05z4.o(RESET) refers to tsi.o(.text.TSI0_IRQHandler) for TSI0_IRQHandler
    startup_mkl05z4.o(.ARM.__at_0x400) refers (Special) to heapauxi.o(.text) for __use_two_region_memory
    startup_mkl05z4.o(.text) refers (Special) to heapauxi.o(.text) for __use_two_region_memory
    startup_mkl05z4.o(.text) refers to system_mkl05z4.o(.text.SystemInit) for SystemInit
    startup_mkl05z4.o(.text) refers to __main.o(!!!main) for __main
    startup_mkl05z4.o(.text) refers to startup_mkl05z4.o(HEAP) for Heap_Mem
    startup_mkl05z4.o(.text) refers to startup_mkl05z4.o(STACK) for Stack_Mem
    system_mkl05z4.o(.ARM.exidx.text.SystemInit) refers to system_mkl05z4.o(.text.SystemInit) for [Anonymous Symbol]
    system_mkl05z4.o(.text.SystemCoreClockUpdate) refers to aeabi_sdivfast.o(.text_divfast) for __aeabi_uidiv
    system_mkl05z4.o(.text.SystemCoreClockUpdate) refers to system_mkl05z4.o(.data.SystemCoreClock) for SystemCoreClock
    system_mkl05z4.o(.ARM.exidx.text.SystemCoreClockUpdate) refers to system_mkl05z4.o(.text.SystemCoreClockUpdate) for [Anonymous Symbol]
    rt_memcpy.o(.text) refers to rt_memcpy.o(.emb_text) for __aeabi_memcpy4
    __main.o(!!!main) refers to __rtentry.o(.ARM.Collect$$rtentry$$00000000) for __rt_entry
    __rtentry.o(.ARM.Collect$$rtentry$$00000000) refers (Special) to __rtentry2.o(.ARM.Collect$$rtentry$$0000000A) for __rt_entry_li
    __rtentry.o(.ARM.Collect$$rtentry$$00000000) refers (Special) to __rtentry2.o(.ARM.Collect$$rtentry$$0000000D) for __rt_entry_main
    __rtentry.o(.ARM.Collect$$rtentry$$00000000) refers (Special) to __rtentry2.o(.ARM.Collect$$rtentry$$0000000C) for __rt_entry_postli_1
    __rtentry.o(.ARM.Collect$$rtentry$$00000000) refers (Special) to __rtentry2.o(.ARM.Collect$$rtentry$$00000009) for __rt_entry_postsh_1
    __rtentry.o(.ARM.Collect$$rtentry$$00000000) refers (Special) to __rtentry2.o(.ARM.Collect$$rtentry$$00000002) for __rt_entry_presh_1
    __rtentry.o(.ARM.Collect$$rtentry$$00000000) refers (Special) to __rtentry4.o(.ARM.Collect$$rtentry$$00000004) for __rt_entry_sh
    aeabi_idiv0_sigfpe.o(.text) refers to rt_div0.o(.text) for __rt_div0
    __rtentry2.o(.ARM.Collect$$rtentry$$00000008) refers to boardinit2.o(.text) for _platform_post_stackheap_init
    __rtentry2.o(.ARM.Collect$$rtentry$$0000000A) refers to libinit.o(.ARM.Collect$$libinit$$00000000) for __rt_lib_init
    __rtentry2.o(.ARM.Collect$$rtentry$$0000000B) refers to boardinit3.o(.text) for _platform_post_lib_init
    __rtentry2.o(.ARM.Collect$$rtentry$$0000000D) refers to main.o(.text.main) for main
    __rtentry2.o(.ARM.Collect$$rtentry$$0000000D) refers to exit.o(.text) for exit
    __rtentry2.o(.ARM.exidx) refers to __rtentry2.o(.ARM.Collect$$rtentry$$00000001) for .ARM.Collect$$rtentry$$00000001
    __rtentry2.o(.ARM.exidx) refers to __rtentry2.o(.ARM.Collect$$rtentry$$00000008) for .ARM.Collect$$rtentry$$00000008
    __rtentry2.o(.ARM.exidx) refers to __rtentry2.o(.ARM.Collect$$rtentry$$0000000A) for .ARM.Collect$$rtentry$$0000000A
    __rtentry2.o(.ARM.exidx) refers to __rtentry2.o(.ARM.Collect$$rtentry$$0000000B) for .ARM.Collect$$rtentry$$0000000B
    __rtentry2.o(.ARM.exidx) refers to __rtentry2.o(.ARM.Collect$$rtentry$$0000000D) for .ARM.Collect$$rtentry$$0000000D
    __rtentry4.o(.ARM.Collect$$rtentry$$00000004) refers to sys_stackheap_outer.o(.text) for __user_setup_stackheap
    __rtentry4.o(.ARM.exidx) refers to __rtentry4.o(.ARM.Collect$$rtentry$$00000004) for .ARM.Collect$$rtentry$$00000004
    rt_div0.o(.text) refers to defsig_fpe_outer.o(.text) for __rt_SIGFPE
    sys_stackheap_outer.o(.text) refers to libspace.o(.text) for __user_perproc_libspace
    sys_stackheap_outer.o(.text) refers to startup_mkl05z4.o(.text) for __user_initial_stackheap
    sys_stackheap_outer.o(__vectab_stack_and_reset_area) refers to tempstk.o(.text) for __temporary_stack_top
    sys_stackheap_outer.o(__vectab_stack_and_reset_area) refers to __main.o(!!!main) for __main
    exit.o(.text) refers to rtexit.o(.ARM.Collect$$rtexit$$00000000) for __rt_exit
    defsig_fpe_outer.o(.text) refers to defsig_fpe_inner.o(.text) for __rt_SIGFPE_inner
    defsig_fpe_outer.o(.text) refers to defsig_exit.o(.text) for __sig_exit
    defsig_fpe_formal.o(.text) refers to rt_raise.o(.text) for __rt_raise
    libinit.o(.ARM.Collect$$libinit$$00000000) refers (Special) to libinit2.o(.ARM.Collect$$libinit$$0000002E) for __rt_lib_init_alloca_1
    libinit.o(.ARM.Collect$$libinit$$00000000) refers (Special) to libinit2.o(.ARM.Collect$$libinit$$0000002C) for __rt_lib_init_argv_1
    libinit.o(.ARM.Collect$$libinit$$00000000) refers (Special) to libinit2.o(.ARM.Collect$$libinit$$0000001B) for __rt_lib_init_atexit_1
    libinit.o(.ARM.Collect$$libinit$$00000000) refers (Special) to libinit2.o(.ARM.Collect$$libinit$$00000021) for __rt_lib_init_clock_1
    libinit.o(.ARM.Collect$$libinit$$00000000) refers (Special) to libinit2.o(.ARM.Collect$$libinit$$00000032) for __rt_lib_init_cpp_1
    libinit.o(.ARM.Collect$$libinit$$00000000) refers (Special) to libinit2.o(.ARM.Collect$$libinit$$00000030) for __rt_lib_init_exceptions_1
    libinit.o(.ARM.Collect$$libinit$$00000000) refers (Special) to libinit2.o(.ARM.Collect$$libinit$$00000002) for __rt_lib_init_fp_1
    libinit.o(.ARM.Collect$$libinit$$00000000) refers (Special) to libinit2.o(.ARM.Collect$$libinit$$0000001F) for __rt_lib_init_fp_trap_1
    libinit.o(.ARM.Collect$$libinit$$00000000) refers (Special) to libinit2.o(.ARM.Collect$$libinit$$00000023) for __rt_lib_init_getenv_1
    libinit.o(.ARM.Collect$$libinit$$00000000) refers (Special) to libinit2.o(.ARM.Collect$$libinit$$0000000A) for __rt_lib_init_heap_1
    libinit.o(.ARM.Collect$$libinit$$00000000) refers (Special) to libinit2.o(.ARM.Collect$$libinit$$00000011) for __rt_lib_init_lc_collate_1
    libinit.o(.ARM.Collect$$libinit$$00000000) refers (Special) to libinit2.o(.ARM.Collect$$libinit$$00000013) for __rt_lib_init_lc_ctype_1
    libinit.o(.ARM.Collect$$libinit$$00000000) refers (Special) to libinit2.o(.ARM.Collect$$libinit$$00000015) for __rt_lib_init_lc_monetary_1
    libinit.o(.ARM.Collect$$libinit$$00000000) refers (Special) to libinit2.o(.ARM.Collect$$libinit$$00000017) for __rt_lib_init_lc_numeric_1
    libinit.o(.ARM.Collect$$libinit$$00000000) refers (Special) to libinit2.o(.ARM.Collect$$libinit$$00000019) for __rt_lib_init_lc_time_1
    libinit.o(.ARM.Collect$$libinit$$00000000) refers (Special) to libinit2.o(.ARM.Collect$$libinit$$00000004) for __rt_lib_init_preinit_1
    libinit.o(.ARM.Collect$$libinit$$00000000) refers (Special) to libinit2.o(.ARM.Collect$$libinit$$0000000E) for __rt_lib_init_rand_1
    libinit.o(.ARM.Collect$$libinit$$00000000) refers (Special) to libinit2.o(.ARM.Collect$$libinit$$00000033) for __rt_lib_init_return
    libinit.o(.ARM.Collect$$libinit$$00000000) refers (Special) to libinit2.o(.ARM.Collect$$libinit$$0000001D) for __rt_lib_init_signal_1
    libinit.o(.ARM.Collect$$libinit$$00000000) refers (Special) to libinit2.o(.ARM.Collect$$libinit$$00000025) for __rt_lib_init_stdio_1
    libinit.o(.ARM.Collect$$libinit$$00000000) refers (Special) to libinit2.o(.ARM.Collect$$libinit$$0000000C) for __rt_lib_init_user_alloc_1
    libspace.o(.text) refers to libspace.o(.bss) for __libspace_start
    rtexit.o(.ARM.Collect$$rtexit$$00000000) refers (Special) to rtexit2.o(.ARM.Collect$$rtexit$$00000004) for __rt_exit_exit
    rtexit.o(.ARM.Collect$$rtexit$$00000000) refers (Special) to rtexit2.o(.ARM.Collect$$rtexit$$00000003) for __rt_exit_ls
    rtexit.o(.ARM.Collect$$rtexit$$00000000) refers (Special) to rtexit2.o(.ARM.Collect$$rtexit$$00000002) for __rt_exit_prels_1
    rtexit.o(.ARM.exidx) refers (Special) to rtexit2.o(.ARM.Collect$$rtexit$$00000004) for __rt_exit_exit
    rtexit.o(.ARM.exidx) refers (Special) to rtexit2.o(.ARM.Collect$$rtexit$$00000003) for __rt_exit_ls
    rtexit.o(.ARM.exidx) refers (Special) to rtexit2.o(.ARM.Collect$$rtexit$$00000002) for __rt_exit_prels_1
    rtexit.o(.ARM.exidx) refers to rtexit.o(.ARM.Collect$$rtexit$$00000000) for .ARM.Collect$$rtexit$$00000000
    rt_raise.o(.text) refers to __raise.o(.text) for __raise
    rt_raise.o(.text) refers to sys_exit.o(.text) for _sys_exit
    defsig_exit.o(.text) refers to sys_exit.o(.text) for _sys_exit
    defsig_fpe_inner.o(.text) refers to defsig_general.o(.text) for __default_signal_display
    libinit2.o(.ARM.Collect$$libinit$$00000010) refers to libinit2.o(.ARM.Collect$$libinit$$0000000F) for .ARM.Collect$$libinit$$0000000F
    libinit2.o(.ARM.Collect$$libinit$$00000012) refers to libinit2.o(.ARM.Collect$$libinit$$0000000F) for .ARM.Collect$$libinit$$0000000F
    libinit2.o(.ARM.Collect$$libinit$$00000014) refers to libinit2.o(.ARM.Collect$$libinit$$0000000F) for .ARM.Collect$$libinit$$0000000F
    libinit2.o(.ARM.Collect$$libinit$$00000016) refers to libinit2.o(.ARM.Collect$$libinit$$0000000F) for .ARM.Collect$$libinit$$0000000F
    libinit2.o(.ARM.Collect$$libinit$$00000018) refers to libinit2.o(.ARM.Collect$$libinit$$0000000F) for .ARM.Collect$$libinit$$0000000F
    libinit2.o(.ARM.Collect$$libinit$$00000026) refers to argv_veneer.o(.text) for __ARM_argv_veneer
    libinit2.o(.ARM.Collect$$libinit$$00000027) refers to argv_veneer.o(.text) for __ARM_argv_veneer
    sys_exit.o(.text) refers (Special) to use_no_semi.o(.text) for __I$use$semihosting
    sys_exit.o(.text) refers (Special) to indicate_semi.o(.text) for __semihosting_library_function
    sys_exit_hlt.o(.text) refers (Special) to use_no_semi.o(.text) for __I$use$semihosting
    sys_exit_hlt.o(.text) refers (Special) to indicate_semi.o(.text) for __semihosting_library_function
    rtexit2.o(.ARM.Collect$$rtexit$$00000003) refers to libshutdown.o(.ARM.Collect$$libshutdown$$00000000) for __rt_lib_shutdown
    rtexit2.o(.ARM.Collect$$rtexit$$00000004) refers to sys_exit.o(.text) for _sys_exit
    rtexit2.o(.ARM.exidx) refers to rtexit2.o(.ARM.Collect$$rtexit$$00000001) for .ARM.Collect$$rtexit$$00000001
    rtexit2.o(.ARM.exidx) refers to rtexit2.o(.ARM.Collect$$rtexit$$00000003) for .ARM.Collect$$rtexit$$00000003
    rtexit2.o(.ARM.exidx) refers to rtexit2.o(.ARM.Collect$$rtexit$$00000004) for .ARM.Collect$$rtexit$$00000004
    __raise.o(.text) refers to defsig.o(CL$$defsig) for __default_signal_handler
    defsig_general.o(.text) refers to sys_wrch.o(.text) for _ttywrch
    sys_wrch.o(.text) refers (Special) to use_no_semi.o(.text) for __I$use$semihosting
    sys_wrch.o(.text) refers (Special) to indicate_semi.o(.text) for __semihosting_library_function
    sys_wrch_hlt.o(.text) refers (Special) to use_no_semi.o(.text) for __I$use$semihosting
    sys_wrch_hlt.o(.text) refers (Special) to indicate_semi.o(.text) for __semihosting_library_function
    defsig.o(CL$$defsig) refers to defsig_fpe_inner.o(.text) for __rt_SIGFPE_inner
    defsig.o(CL$$defsig) refers to defsig_rtmem_inner.o(.text) for __rt_SIGRTMEM_inner
    _get_argv_nomalloc.o(.text) refers (Special) to hrguard.o(.text) for __heap_region$guard
    _get_argv_nomalloc.o(.text) refers to defsig_rtmem_outer.o(.text) for __rt_SIGRTMEM
    _get_argv_nomalloc.o(.text) refers to sys_command.o(.text) for _sys_command_string
    libshutdown.o(.ARM.Collect$$libshutdown$$00000000) refers (Special) to libshutdown2.o(.ARM.Collect$$libshutdown$$00000002) for __rt_lib_shutdown_cpp_1
    libshutdown.o(.ARM.Collect$$libshutdown$$00000000) refers (Special) to libshutdown2.o(.ARM.Collect$$libshutdown$$00000007) for __rt_lib_shutdown_fp_trap_1
    libshutdown.o(.ARM.Collect$$libshutdown$$00000000) refers (Special) to libshutdown2.o(.ARM.Collect$$libshutdown$$0000000F) for __rt_lib_shutdown_heap_1
    libshutdown.o(.ARM.Collect$$libshutdown$$00000000) refers (Special) to libshutdown2.o(.ARM.Collect$$libshutdown$$00000010) for __rt_lib_shutdown_return
    libshutdown.o(.ARM.Collect$$libshutdown$$00000000) refers (Special) to libshutdown2.o(.ARM.Collect$$libshutdown$$0000000A) for __rt_lib_shutdown_signal_1
    libshutdown.o(.ARM.Collect$$libshutdown$$00000000) refers (Special) to libshutdown2.o(.ARM.Collect$$libshutdown$$00000004) for __rt_lib_shutdown_stdio_1
    libshutdown.o(.ARM.Collect$$libshutdown$$00000000) refers (Special) to libshutdown2.o(.ARM.Collect$$libshutdown$$0000000C) for __rt_lib_shutdown_user_alloc_1
    sys_command.o(.text) refers (Special) to use_no_semi.o(.text) for __I$use$semihosting
    sys_command.o(.text) refers (Special) to indicate_semi.o(.text) for __semihosting_library_function
    sys_command_hlt.o(.text) refers (Special) to use_no_semi.o(.text) for __I$use$semihosting
    sys_command_hlt.o(.text) refers (Special) to indicate_semi.o(.text) for __semihosting_library_function
    defsig_abrt_inner.o(.text) refers to defsig_general.o(.text) for __default_signal_display
    defsig_rtred_inner.o(.text) refers to defsig_general.o(.text) for __default_signal_display
    defsig_rtmem_inner.o(.text) refers to defsig_general.o(.text) for __default_signal_display
    defsig_rtmem_outer.o(.text) refers to defsig_rtmem_inner.o(.text) for __rt_SIGRTMEM_inner
    defsig_rtmem_outer.o(.text) refers to defsig_exit.o(.text) for __sig_exit
    defsig_rtmem_formal.o(.text) refers to rt_raise.o(.text) for __rt_raise
    defsig_stak_inner.o(.text) refers to defsig_general.o(.text) for __default_signal_display
    defsig_pvfn_inner.o(.text) refers to defsig_general.o(.text) for __default_signal_display
    defsig_cppl_inner.o(.text) refers to defsig_general.o(.text) for __default_signal_display
    defsig_segv_inner.o(.text) refers to defsig_general.o(.text) for __default_signal_display
    defsig_other.o(.text) refers to defsig_general.o(.text) for __default_signal_display


==============================================================================

Removing Unused input sections from the image.

    Removing bitmap.o(.text), (0 bytes).
    Removing bitmap.o(.rodata.pause), (504 bytes).
    Removing bitmap.o(.rodata.logo), (504 bytes).
    Removing font.o(.text), (0 bytes).
    Removing lcd.o(.text), (0 bytes).
    Removing lcd.o(.ARM.exidx.text.delay_ms), (8 bytes).
    Removing lcd.o(.ARM.exidx.text.lcd_setup), (8 bytes).
    Removing lcd.o(.ARM.exidx.text.lcd_reset), (8 bytes).
    Removing lcd.o(.ARM.exidx.text.lcd_cmd), (8 bytes).
    Removing lcd.o(.text.lcd_draw_bitmap), (20 bytes).
    Removing lcd.o(.ARM.exidx.text.lcd_draw_bitmap), (8 bytes).
    Removing lcd.o(.text.lcd_clear), (20 bytes).
    Removing lcd.o(.ARM.exidx.text.lcd_clear), (8 bytes).
    Removing lcd.o(.ARM.exidx.text.lcd_draw_text), (8 bytes).
    Removing lcd.o(.ARM.exidx.text.lcd_draw_pixel), (8 bytes).
    Removing lcd.o(.ARM.exidx.text.lcd_draw_line_x_or_y), (8 bytes).
    Removing lcd.o(.ARM.exidx.text.lcd_copy), (8 bytes).
    Removing spi.o(.text), (0 bytes).
    Removing spi.o(.ARM.exidx.text.SPI_Init), (8 bytes).
    Removing spi.o(.ARM.exidx.text.SPI_write), (8 bytes).
    Removing tsi.o(.text), (0 bytes).
    Removing tsi.o(.ARM.exidx.text.TSI_Init), (8 bytes).
    Removing tsi.o(.ARM.exidx.text.__NVIC_SetPriority), (8 bytes).
    Removing tsi.o(.ARM.exidx.text.__NVIC_ClearPendingIRQ), (8 bytes).
    Removing tsi.o(.ARM.exidx.text.__NVIC_EnableIRQ), (8 bytes).
    Removing tsi.o(.ARM.exidx.text.self_calibration), (8 bytes).
    Removing tsi.o(.text.TSI_ReadSlider), (84 bytes).
    Removing tsi.o(.ARM.exidx.text.TSI_ReadSlider), (8 bytes).
    Removing tsi.o(.ARM.exidx.text.change_electrode), (8 bytes).
    Removing tsi.o(.ARM.exidx.text.TSI0_IRQHandler), (8 bytes).
    Removing main.o(.text), (0 bytes).
    Removing main.o(.ARM.exidx.text.main), (8 bytes).
    Removing main.o(.ARM.use_no_argv), (4 bytes).
    Removing snake.o(.text), (0 bytes).
    Removing system_mkl05z4.o(.text), (0 bytes).
    Removing system_mkl05z4.o(.ARM.exidx.text.SystemInit), (8 bytes).
    Removing system_mkl05z4.o(.text.SystemCoreClockUpdate), (184 bytes).
    Removing system_mkl05z4.o(.ARM.exidx.text.SystemCoreClockUpdate), (8 bytes).
    Removing system_mkl05z4.o(.data.SystemCoreClock), (4 bytes).

39 unused section(s) (total 1508 bytes) removed from the image.

==============================================================================

Image Symbol Table

    Local Symbols

    Symbol Name                              Value     Ov Type        Size  Object(Section)

    ../clib/angel/boardlib.s                 0x00000000   Number         0  boardinit1.o ABSOLUTE
    ../clib/angel/boardlib.s                 0x00000000   Number         0  boardinit2.o ABSOLUTE
    ../clib/angel/boardlib.s                 0x00000000   Number         0  boardinit3.o ABSOLUTE
    ../clib/angel/boardlib.s                 0x00000000   Number         0  boardshut.o ABSOLUTE
    ../clib/angel/handlers.s                 0x00000000   Number         0  __scatter_zi.o ABSOLUTE
    ../clib/angel/kernel.s                   0x00000000   Number         0  __rtentry.o ABSOLUTE
    ../clib/angel/kernel.s                   0x00000000   Number         0  __rtentry2.o ABSOLUTE
    ../clib/angel/kernel.s                   0x00000000   Number         0  __rtentry4.o ABSOLUTE
    ../clib/angel/kernel.s                   0x00000000   Number         0  rtexit.o ABSOLUTE
    ../clib/angel/kernel.s                   0x00000000   Number         0  rtexit2.o ABSOLUTE
    ../clib/angel/rt.s                       0x00000000   Number         0  aeabi_idiv0.o ABSOLUTE
    ../clib/angel/rt.s                       0x00000000   Number         0  aeabi_idiv0_sigfpe.o ABSOLUTE
    ../clib/angel/rt.s                       0x00000000   Number         0  rt_div0.o ABSOLUTE
    ../clib/angel/rt.s                       0x00000000   Number         0  rt_raise.o ABSOLUTE
    ../clib/angel/scatterp.s                 0x00000000   Number         0  __scatter.o ABSOLUTE
    ../clib/angel/startup.s                  0x00000000   Number         0  __main.o ABSOLUTE
    ../clib/angel/sys.s                      0x00000000   Number         0  sys_stackheap_outer.o ABSOLUTE
    ../clib/angel/sys.s                      0x00000000   Number         0  libspace.o ABSOLUTE
    ../clib/angel/sys.s                      0x00000000   Number         0  tempstk.o ABSOLUTE
    ../clib/angel/sys.s                      0x00000000   Number         0  use_no_semi.o ABSOLUTE
    ../clib/angel/sys.s                      0x00000000   Number         0  indicate_semi.o ABSOLUTE
    ../clib/angel/sysapp.c                   0x00000000   Number         0  sys_exit.o ABSOLUTE
    ../clib/angel/sysapp.c                   0x00000000   Number         0  sys_exit_hlt.o ABSOLUTE
    ../clib/angel/sysapp.c                   0x00000000   Number         0  sys_wrch.o ABSOLUTE
    ../clib/angel/sysapp.c                   0x00000000   Number         0  sys_wrch_hlt.o ABSOLUTE
    ../clib/angel/sysapp.c                   0x00000000   Number         0  sys_command.o ABSOLUTE
    ../clib/angel/sysapp.c                   0x00000000   Number         0  sys_command_hlt.o ABSOLUTE
    ../clib/armsys.c                         0x00000000   Number         0  argv_veneer.o ABSOLUTE
    ../clib/armsys.c                         0x00000000   Number         0  _get_argv_nomalloc.o ABSOLUTE
    ../clib/armsys.c                         0x00000000   Number         0  no_argv.o ABSOLUTE
    ../clib/division.s                       0x00000000   Number         0  aeabi_sdivfast.o ABSOLUTE
    ../clib/division.s                       0x00000000   Number         0  aeabi_sdivfast_div0.o ABSOLUTE
    ../clib/heapalloc.c                      0x00000000   Number         0  hrguard.o ABSOLUTE
    ../clib/heapaux.c                        0x00000000   Number         0  heapauxi.o ABSOLUTE
    ../clib/libinit.s                        0x00000000   Number         0  libinit.o ABSOLUTE
    ../clib/libinit.s                        0x00000000   Number         0  libinit2.o ABSOLUTE
    ../clib/libinit.s                        0x00000000   Number         0  libshutdown.o ABSOLUTE
    ../clib/libinit.s                        0x00000000   Number         0  libshutdown2.o ABSOLUTE
    ../clib/memcpset.c                       0x00000000   Number         0  rt_memcpy.o ABSOLUTE
    ../clib/memcpset.c                       0x00000000   Number         0  rt_memcpy.o ABSOLUTE
    ../clib/memcpset.c                       0x00000000   Number         0  rt_memclr.o ABSOLUTE
    ../clib/signal.c                         0x00000000   Number         0  defsig_fpe_outer.o ABSOLUTE
    ../clib/signal.c                         0x00000000   Number         0  defsig_fpe_formal.o ABSOLUTE
    ../clib/signal.c                         0x00000000   Number         0  defsig_exit.o ABSOLUTE
    ../clib/signal.c                         0x00000000   Number         0  defsig_fpe_inner.o ABSOLUTE
    ../clib/signal.c                         0x00000000   Number         0  __raise.o ABSOLUTE
    ../clib/signal.c                         0x00000000   Number         0  defsig_general.o ABSOLUTE
    ../clib/signal.c                         0x00000000   Number         0  defsig_abrt_inner.o ABSOLUTE
    ../clib/signal.c                         0x00000000   Number         0  defsig_rtred_inner.o ABSOLUTE
    ../clib/signal.c                         0x00000000   Number         0  defsig_rtmem_inner.o ABSOLUTE
    ../clib/signal.c                         0x00000000   Number         0  defsig_rtmem_outer.o ABSOLUTE
    ../clib/signal.c                         0x00000000   Number         0  defsig_rtmem_formal.o ABSOLUTE
    ../clib/signal.c                         0x00000000   Number         0  defsig_stak_inner.o ABSOLUTE
    ../clib/signal.c                         0x00000000   Number         0  defsig_pvfn_inner.o ABSOLUTE
    ../clib/signal.c                         0x00000000   Number         0  defsig_cppl_inner.o ABSOLUTE
    ../clib/signal.c                         0x00000000   Number         0  defsig_segv_inner.o ABSOLUTE
    ../clib/signal.c                         0x00000000   Number         0  defsig_other.o ABSOLUTE
    ../clib/signal.s                         0x00000000   Number         0  defsig.o ABSOLUTE
    ../clib/stdlib.c                         0x00000000   Number         0  exit.o ABSOLUTE
    ../fplib/cfplib/fpinit.c                 0x00000000   Number         0  fpinit.o ABSOLUTE
    RTE/Device/MKL05Z32xxx4/startup_MKL05Z4.s 0x00000000   Number         0  startup_mkl05z4.o ABSOLUTE
    SPI.c                                    0x00000000   Number         0  spi.o ABSOLUTE
    bitmap.c                                 0x00000000   Number         0  bitmap.o ABSOLUTE
    dc.s                                     0x00000000   Number         0  dc.o ABSOLUTE
    font.c                                   0x00000000   Number         0  font.o ABSOLUTE
    lcd.c                                    0x00000000   Number         0  lcd.o ABSOLUTE
    main.c                                   0x00000000   Number         0  main.o ABSOLUTE
    snake.c                                  0x00000000   Number         0  snake.o ABSOLUTE
    system_MKL05Z4.c                         0x00000000   Number         0  system_mkl05z4.o ABSOLUTE
    tsi.c                                    0x00000000   Number         0  tsi.o ABSOLUTE
    RESET                                    0x00000000   Section      192  startup_mkl05z4.o(RESET)
    !!!main                                  0x000000c0   Section        8  __main.o(!!!main)
    !!!scatter                               0x000000c8   Section       60  __scatter.o(!!!scatter)
    !!handler_zi                             0x00000104   Section       28  __scatter_zi.o(!!handler_zi)
    .ARM.Collect$$libinit$$00000000          0x00000120   Section        2  libinit.o(.ARM.Collect$$libinit$$00000000)
    .ARM.Collect$$libinit$$00000002          0x00000122   Section        0  libinit2.o(.ARM.Collect$$libinit$$00000002)
    .ARM.Collect$$libinit$$00000004          0x00000122   Section        0  libinit2.o(.ARM.Collect$$libinit$$00000004)
    .ARM.Collect$$libinit$$0000000A          0x00000122   Section        0  libinit2.o(.ARM.Collect$$libinit$$0000000A)
    .ARM.Collect$$libinit$$0000000C          0x00000122   Section        0  libinit2.o(.ARM.Collect$$libinit$$0000000C)
    .ARM.Collect$$libinit$$0000000E          0x00000122   Section        0  libinit2.o(.ARM.Collect$$libinit$$0000000E)
    .ARM.Collect$$libinit$$00000011          0x00000122   Section        0  libinit2.o(.ARM.Collect$$libinit$$00000011)
    .ARM.Collect$$libinit$$00000013          0x00000122   Section        0  libinit2.o(.ARM.Collect$$libinit$$00000013)
    .ARM.Collect$$libinit$$00000015          0x00000122   Section        0  libinit2.o(.ARM.Collect$$libinit$$00000015)
    .ARM.Collect$$libinit$$00000017          0x00000122   Section        0  libinit2.o(.ARM.Collect$$libinit$$00000017)
    .ARM.Collect$$libinit$$00000019          0x00000122   Section        0  libinit2.o(.ARM.Collect$$libinit$$00000019)
    .ARM.Collect$$libinit$$0000001B          0x00000122   Section        0  libinit2.o(.ARM.Collect$$libinit$$0000001B)
    .ARM.Collect$$libinit$$0000001D          0x00000122   Section        0  libinit2.o(.ARM.Collect$$libinit$$0000001D)
    .ARM.Collect$$libinit$$0000001F          0x00000122   Section        0  libinit2.o(.ARM.Collect$$libinit$$0000001F)
    .ARM.Collect$$libinit$$00000021          0x00000122   Section        0  libinit2.o(.ARM.Collect$$libinit$$00000021)
    .ARM.Collect$$libinit$$00000023          0x00000122   Section        0  libinit2.o(.ARM.Collect$$libinit$$00000023)
    .ARM.Collect$$libinit$$00000025          0x00000122   Section        0  libinit2.o(.ARM.Collect$$libinit$$00000025)
    .ARM.Collect$$libinit$$0000002C          0x00000122   Section        0  libinit2.o(.ARM.Collect$$libinit$$0000002C)
    .ARM.Collect$$libinit$$0000002E          0x00000122   Section        0  libinit2.o(.ARM.Collect$$libinit$$0000002E)
    .ARM.Collect$$libinit$$00000030          0x00000122   Section        0  libinit2.o(.ARM.Collect$$libinit$$00000030)
    .ARM.Collect$$libinit$$00000032          0x00000122   Section        0  libinit2.o(.ARM.Collect$$libinit$$00000032)
    .ARM.Collect$$libinit$$00000033          0x00000122   Section        2  libinit2.o(.ARM.Collect$$libinit$$00000033)
    .ARM.Collect$$libshutdown$$00000000      0x00000124   Section        2  libshutdown.o(.ARM.Collect$$libshutdown$$00000000)
    .ARM.Collect$$libshutdown$$00000002      0x00000126   Section        0  libshutdown2.o(.ARM.Collect$$libshutdown$$00000002)
    .ARM.Collect$$libshutdown$$00000004      0x00000126   Section        0  libshutdown2.o(.ARM.Collect$$libshutdown$$00000004)
    .ARM.Collect$$libshutdown$$00000007      0x00000126   Section        0  libshutdown2.o(.ARM.Collect$$libshutdown$$00000007)
    .ARM.Collect$$libshutdown$$0000000A      0x00000126   Section        0  libshutdown2.o(.ARM.Collect$$libshutdown$$0000000A)
    .ARM.Collect$$libshutdown$$0000000C      0x00000126   Section        0  libshutdown2.o(.ARM.Collect$$libshutdown$$0000000C)
    .ARM.Collect$$libshutdown$$0000000F      0x00000126   Section        0  libshutdown2.o(.ARM.Collect$$libshutdown$$0000000F)
    .ARM.Collect$$libshutdown$$00000010      0x00000126   Section        2  libshutdown2.o(.ARM.Collect$$libshutdown$$00000010)
    .ARM.Collect$$rtentry$$00000000          0x00000128   Section        0  __rtentry.o(.ARM.Collect$$rtentry$$00000000)
    .ARM.Collect$$rtentry$$00000002          0x00000128   Section        0  __rtentry2.o(.ARM.Collect$$rtentry$$00000002)
    .ARM.Collect$$rtentry$$00000004          0x00000128   Section        6  __rtentry4.o(.ARM.Collect$$rtentry$$00000004)
    .ARM.Collect$$rtentry$$00000009          0x0000012e   Section        0  __rtentry2.o(.ARM.Collect$$rtentry$$00000009)
    .ARM.Collect$$rtentry$$0000000A          0x0000012e   Section        4  __rtentry2.o(.ARM.Collect$$rtentry$$0000000A)
    .ARM.Collect$$rtentry$$0000000C          0x00000132   Section        0  __rtentry2.o(.ARM.Collect$$rtentry$$0000000C)
    .ARM.Collect$$rtentry$$0000000D          0x00000132   Section        8  __rtentry2.o(.ARM.Collect$$rtentry$$0000000D)
    .ARM.Collect$$rtexit$$00000000           0x0000013a   Section        2  rtexit.o(.ARM.Collect$$rtexit$$00000000)
    .ARM.Collect$$rtexit$$00000002           0x0000013c   Section        0  rtexit2.o(.ARM.Collect$$rtexit$$00000002)
    .ARM.Collect$$rtexit$$00000003           0x0000013c   Section        4  rtexit2.o(.ARM.Collect$$rtexit$$00000003)
    .ARM.Collect$$rtexit$$00000004           0x00000140   Section        6  rtexit2.o(.ARM.Collect$$rtexit$$00000004)
    .text                                    0x00000148   Section       52  startup_mkl05z4.o(.text)
    .text                                    0x0000017c   Section        0  heapauxi.o(.text)
    .text                                    0x00000182   Section       62  sys_stackheap_outer.o(.text)
    .text                                    0x000001c0   Section        0  exit.o(.text)
    .text                                    0x000001d0   Section        8  libspace.o(.text)
    .text                                    0x000001d8   Section        0  sys_exit.o(.text)
    .text                                    0x000001e4   Section        2  use_no_semi.o(.text)
    .text                                    0x000001e6   Section        0  indicate_semi.o(.text)
    [Anonymous Symbol]                       0x000001e8   Section        0  spi.o(.text.SPI_Init)
    __arm_cp.0_0                             0x00000278   Number         4  spi.o(.text.SPI_Init)
    __arm_cp.0_1                             0x0000027c   Number         4  spi.o(.text.SPI_Init)
    __arm_cp.0_2                             0x00000280   Number         4  spi.o(.text.SPI_Init)
    __arm_cp.0_3                             0x00000284   Number         4  spi.o(.text.SPI_Init)
    __arm_cp.0_4                             0x00000288   Number         4  spi.o(.text.SPI_Init)
    [Anonymous Symbol]                       0x0000028c   Section        0  spi.o(.text.SPI_write)
    __arm_cp.1_0                             0x000002b0   Number         4  spi.o(.text.SPI_write)
    __arm_cp.1_1                             0x000002b4   Number         4  spi.o(.text.SPI_write)
    [Anonymous Symbol]                       0x000002b8   Section        0  system_mkl05z4.o(.text.SystemInit)
    __arm_cp.0_0                             0x000002f4   Number         4  system_mkl05z4.o(.text.SystemInit)
    __arm_cp.0_1                             0x000002f8   Number         4  system_mkl05z4.o(.text.SystemInit)
    __arm_cp.0_2                             0x000002fc   Number         4  system_mkl05z4.o(.text.SystemInit)
    __arm_cp.0_3                             0x00000300   Number         4  system_mkl05z4.o(.text.SystemInit)
    [Anonymous Symbol]                       0x00000304   Section        0  tsi.o(.text.TSI0_IRQHandler)
    __arm_cp.7_0                             0x0000031c   Number         4  tsi.o(.text.TSI0_IRQHandler)
    [Anonymous Symbol]                       0x00000320   Section        0  tsi.o(.text.TSI_Init)
    __arm_cp.0_0                             0x0000035c   Number         4  tsi.o(.text.TSI_Init)
    __arm_cp.0_1                             0x00000360   Number         4  tsi.o(.text.TSI_Init)
    __arm_cp.0_2                             0x00000364   Number         4  tsi.o(.text.TSI_Init)
    __arm_cp.0_4                             0x00000368   Number         4  tsi.o(.text.TSI_Init)
    __NVIC_ClearPendingIRQ                   0x0000036d   Thumb Code    16  tsi.o(.text.__NVIC_ClearPendingIRQ)
    [Anonymous Symbol]                       0x0000036c   Section        0  tsi.o(.text.__NVIC_ClearPendingIRQ)
    __arm_cp.2_0                             0x00000378   Number         4  tsi.o(.text.__NVIC_ClearPendingIRQ)
    __NVIC_EnableIRQ                         0x0000037d   Thumb Code    16  tsi.o(.text.__NVIC_EnableIRQ)
    [Anonymous Symbol]                       0x0000037c   Section        0  tsi.o(.text.__NVIC_EnableIRQ)
    __arm_cp.3_0                             0x00000388   Number         4  tsi.o(.text.__NVIC_EnableIRQ)
    __NVIC_SetPriority                       0x0000038d   Thumb Code    24  tsi.o(.text.__NVIC_SetPriority)
    [Anonymous Symbol]                       0x0000038c   Section        0  tsi.o(.text.__NVIC_SetPriority)
    __arm_cp.1_0                             0x000003a0   Number         4  tsi.o(.text.__NVIC_SetPriority)
    [Anonymous Symbol]                       0x000003a4   Section        0  tsi.o(.text.change_electrode)
    __arm_cp.6_0                             0x000003e4   Number         4  tsi.o(.text.change_electrode)
    __arm_cp.6_2                             0x000003e8   Number         4  tsi.o(.text.change_electrode)
    __arm_cp.6_3                             0x000003ec   Number         4  tsi.o(.text.change_electrode)
    elec_array                               0x000003f0   Data           2  tsi.o(.rodata.elec_array)
    [Anonymous Symbol]                       0x000003f0   Section        0  tsi.o(.rodata.elec_array)
    .ARM.__at_0x400                          0x00000400   Section       16  startup_mkl05z4.o(.ARM.__at_0x400)
    [Anonymous Symbol]                       0x00000410   Section        0  lcd.o(.text.delay_ms)
    __arm_cp.0_0                             0x00000440   Number         4  lcd.o(.text.delay_ms)
    [Anonymous Symbol]                       0x00000444   Section        0  lcd.o(.text.lcd_cmd)
    __arm_cp.3_0                             0x00000458   Number         4  lcd.o(.text.lcd_cmd)
    [Anonymous Symbol]                       0x0000045c   Section        0  lcd.o(.text.lcd_copy)
    [Anonymous Symbol]                       0x0000047c   Section        0  lcd.o(.text.lcd_draw_line_x_or_y)
    [Anonymous Symbol]                       0x000004bc   Section        0  lcd.o(.text.lcd_draw_pixel)
    [Anonymous Symbol]                       0x000004d8   Section        0  lcd.o(.text.lcd_draw_text)
    __arm_cp.6_0                             0x0000052c   Number         4  lcd.o(.text.lcd_draw_text)
    __arm_cp.6_1                             0x00000530   Number         4  lcd.o(.text.lcd_draw_text)
    [Anonymous Symbol]                       0x00000534   Section        0  lcd.o(.text.lcd_reset)
    __arm_cp.2_0                             0x00000554   Number         4  lcd.o(.text.lcd_reset)
    [Anonymous Symbol]                       0x00000558   Section        0  lcd.o(.text.lcd_setup)
    [Anonymous Symbol]                       0x00000590   Section        0  main.o(.text.main)
    [Anonymous Symbol]                       0x000005c4   Section        0  tsi.o(.text.self_calibration)
    __arm_cp.4_0                             0x00000664   Number         4  tsi.o(.text.self_calibration)
    __arm_cp.4_1                             0x00000668   Number         4  tsi.o(.text.self_calibration)
    __arm_cp.4_2                             0x0000066c   Number         4  tsi.o(.text.self_calibration)
    .bss                                     0x1ffffc00   Section       96  libspace.o(.bss)
    end_flag                                 0x1ffffc60   Data           1  tsi.o(.bss.end_flag)
    [Anonymous Symbol]                       0x1ffffc60   Section        0  tsi.o(.bss.end_flag)
    gu16Baseline                             0x1ffffc62   Data           4  tsi.o(.bss.gu16Baseline)
    [Anonymous Symbol]                       0x1ffffc62   Section        0  tsi.o(.bss.gu16Baseline)
    gu16Delta                                0x1ffffc66   Data           4  tsi.o(.bss.gu16Delta)
    [Anonymous Symbol]                       0x1ffffc66   Section        0  tsi.o(.bss.gu16Delta)
    ongoing_elec                             0x1ffffe64   Data           1  tsi.o(.bss.ongoing_elec)
    [Anonymous Symbol]                       0x1ffffe64   Section        0  tsi.o(.bss.ongoing_elec)
    Heap_Mem                                 0x1ffffe68   Data           0  startup_mkl05z4.o(HEAP)
    Stack_Mem                                0x1ffffe68   Data         256  startup_mkl05z4.o(STACK)
    HEAP                                     0x1ffffe68   Section        0  startup_mkl05z4.o(HEAP)
    STACK                                    0x1ffffe68   Section      256  startup_mkl05z4.o(STACK)
    __initial_sp                             0x1fffff68   Data           0  startup_mkl05z4.o(STACK)

    Global Symbols

    Symbol Name                              Value     Ov Type        Size  Object(Section)

    BuildAttributes$$THM_ISAv3M$S$PE$A:L22$X:L11$S22$IEEE1$IW$~IW$USESV6$~STKCKD$USESV7$~SHL$OTIME$ROPI$EBA8$UX$STANDARDLIB$REQ8$PRES8$EABIv2 0x00000000   Number         0  anon$$obj.o ABSOLUTE
    __Vectors                                0x00000000   Data           4  startup_mkl05z4.o(RESET)
    __ARM_exceptions_init                     - Undefined Weak Reference
    __alloca_initialize                       - Undefined Weak Reference
    __arm_preinit_                            - Undefined Weak Reference
    __cpp_initialize__aeabi_                  - Undefined Weak Reference
    __cxa_finalize                            - Undefined Weak Reference
    __rt_locale                               - Undefined Weak Reference
    __sigvec_lookup                           - Undefined Weak Reference
    _atexit_init                              - Undefined Weak Reference
    _call_atexit_fns                          - Undefined Weak Reference
    _clock_init                               - Undefined Weak Reference
    _fp_trap_init                             - Undefined Weak Reference
    _fp_trap_shutdown                         - Undefined Weak Reference
    _get_lc_collate                           - Undefined Weak Reference
    _get_lc_ctype                             - Undefined Weak Reference
    _get_lc_monetary                          - Undefined Weak Reference
    _get_lc_numeric                           - Undefined Weak Reference
    _get_lc_time                              - Undefined Weak Reference
    _getenv_init                              - Undefined Weak Reference
    _handle_redirection                       - Undefined Weak Reference
    _init_alloc                               - Undefined Weak Reference
    _init_user_alloc                          - Undefined Weak Reference
    _initio                                   - Undefined Weak Reference
    _rand_init                                - Undefined Weak Reference
    _signal_finish                            - Undefined Weak Reference
    _signal_init                              - Undefined Weak Reference
    _terminate_alloc                          - Undefined Weak Reference
    _terminate_user_alloc                     - Undefined Weak Reference
    _terminateio                              - Undefined Weak Reference
    __Vectors_End                            0x000000c0   Data           0  startup_mkl05z4.o(RESET)
    __Vectors_Size                           0x000000c0   Number         0  startup_mkl05z4.o ABSOLUTE
    __main                                   0x000000c1   Thumb Code     8  __main.o(!!!main)
    __scatterload                            0x000000c9   Thumb Code     0  __scatter.o(!!!scatter)
    __scatterload_rt2                        0x000000c9   Thumb Code    52  __scatter.o(!!!scatter)
    __scatterload_rt2_thumb_only             0x000000c9   Thumb Code     0  __scatter.o(!!!scatter)
    __scatterload_null                       0x000000d9   Thumb Code     0  __scatter.o(!!!scatter)
    __scatterload_zeroinit                   0x00000105   Thumb Code    28  __scatter_zi.o(!!handler_zi)
    __rt_lib_init                            0x00000121   Thumb Code     0  libinit.o(.ARM.Collect$$libinit$$00000000)
    __rt_lib_init_alloca_1                   0x00000123   Thumb Code     0  libinit2.o(.ARM.Collect$$libinit$$0000002E)
    __rt_lib_init_argv_1                     0x00000123   Thumb Code     0  libinit2.o(.ARM.Collect$$libinit$$0000002C)
    __rt_lib_init_atexit_1                   0x00000123   Thumb Code     0  libinit2.o(.ARM.Collect$$libinit$$0000001B)
    __rt_lib_init_clock_1                    0x00000123   Thumb Code     0  libinit2.o(.ARM.Collect$$libinit$$00000021)
    __rt_lib_init_cpp_1                      0x00000123   Thumb Code     0  libinit2.o(.ARM.Collect$$libinit$$00000032)
    __rt_lib_init_exceptions_1               0x00000123   Thumb Code     0  libinit2.o(.ARM.Collect$$libinit$$00000030)
    __rt_lib_init_fp_1                       0x00000123   Thumb Code     0  libinit2.o(.ARM.Collect$$libinit$$00000002)
    __rt_lib_init_fp_trap_1                  0x00000123   Thumb Code     0  libinit2.o(.ARM.Collect$$libinit$$0000001F)
    __rt_lib_init_getenv_1                   0x00000123   Thumb Code     0  libinit2.o(.ARM.Collect$$libinit$$00000023)
    __rt_lib_init_heap_1                     0x00000123   Thumb Code     0  libinit2.o(.ARM.Collect$$libinit$$0000000A)
    __rt_lib_init_lc_collate_1               0x00000123   Thumb Code     0  libinit2.o(.ARM.Collect$$libinit$$00000011)
    __rt_lib_init_lc_ctype_1                 0x00000123   Thumb Code     0  libinit2.o(.ARM.Collect$$libinit$$00000013)
    __rt_lib_init_lc_monetary_1              0x00000123   Thumb Code     0  libinit2.o(.ARM.Collect$$libinit$$00000015)
    __rt_lib_init_lc_numeric_1               0x00000123   Thumb Code     0  libinit2.o(.ARM.Collect$$libinit$$00000017)
    __rt_lib_init_lc_time_1                  0x00000123   Thumb Code     0  libinit2.o(.ARM.Collect$$libinit$$00000019)
    __rt_lib_init_preinit_1                  0x00000123   Thumb Code     0  libinit2.o(.ARM.Collect$$libinit$$00000004)
    __rt_lib_init_rand_1                     0x00000123   Thumb Code     0  libinit2.o(.ARM.Collect$$libinit$$0000000E)
    __rt_lib_init_return                     0x00000123   Thumb Code     0  libinit2.o(.ARM.Collect$$libinit$$00000033)
    __rt_lib_init_signal_1                   0x00000123   Thumb Code     0  libinit2.o(.ARM.Collect$$libinit$$0000001D)
    __rt_lib_init_stdio_1                    0x00000123   Thumb Code     0  libinit2.o(.ARM.Collect$$libinit$$00000025)
    __rt_lib_init_user_alloc_1               0x00000123   Thumb Code     0  libinit2.o(.ARM.Collect$$libinit$$0000000C)
    __rt_lib_shutdown                        0x00000125   Thumb Code     0  libshutdown.o(.ARM.Collect$$libshutdown$$00000000)
    __rt_lib_shutdown_cpp_1                  0x00000127   Thumb Code     0  libshutdown2.o(.ARM.Collect$$libshutdown$$00000002)
    __rt_lib_shutdown_fp_trap_1              0x00000127   Thumb Code     0  libshutdown2.o(.ARM.Collect$$libshutdown$$00000007)
    __rt_lib_shutdown_heap_1                 0x00000127   Thumb Code     0  libshutdown2.o(.ARM.Collect$$libshutdown$$0000000F)
    __rt_lib_shutdown_return                 0x00000127   Thumb Code     0  libshutdown2.o(.ARM.Collect$$libshutdown$$00000010)
    __rt_lib_shutdown_signal_1               0x00000127   Thumb Code     0  libshutdown2.o(.ARM.Collect$$libshutdown$$0000000A)
    __rt_lib_shutdown_stdio_1                0x00000127   Thumb Code     0  libshutdown2.o(.ARM.Collect$$libshutdown$$00000004)
    __rt_lib_shutdown_user_alloc_1           0x00000127   Thumb Code     0  libshutdown2.o(.ARM.Collect$$libshutdown$$0000000C)
    __rt_entry                               0x00000129   Thumb Code     0  __rtentry.o(.ARM.Collect$$rtentry$$00000000)
    __rt_entry_presh_1                       0x00000129   Thumb Code     0  __rtentry2.o(.ARM.Collect$$rtentry$$00000002)
    __rt_entry_sh                            0x00000129   Thumb Code     0  __rtentry4.o(.ARM.Collect$$rtentry$$00000004)
    __rt_entry_li                            0x0000012f   Thumb Code     0  __rtentry2.o(.ARM.Collect$$rtentry$$0000000A)
    __rt_entry_postsh_1                      0x0000012f   Thumb Code     0  __rtentry2.o(.ARM.Collect$$rtentry$$00000009)
    __rt_entry_main                          0x00000133   Thumb Code     0  __rtentry2.o(.ARM.Collect$$rtentry$$0000000D)
    __rt_entry_postli_1                      0x00000133   Thumb Code     0  __rtentry2.o(.ARM.Collect$$rtentry$$0000000C)
    __rt_exit                                0x0000013b   Thumb Code     0  rtexit.o(.ARM.Collect$$rtexit$$00000000)
    __rt_exit_ls                             0x0000013d   Thumb Code     0  rtexit2.o(.ARM.Collect$$rtexit$$00000003)
    __rt_exit_prels_1                        0x0000013d   Thumb Code     0  rtexit2.o(.ARM.Collect$$rtexit$$00000002)
    __rt_exit_exit                           0x00000141   Thumb Code     0  rtexit2.o(.ARM.Collect$$rtexit$$00000004)
    Reset_Handler                            0x00000149   Thumb Code     8  startup_mkl05z4.o(.text)
    NMI_Handler                              0x00000151   Thumb Code     2  startup_mkl05z4.o(.text)
    HardFault_Handler                        0x00000153   Thumb Code     2  startup_mkl05z4.o(.text)
    SVC_Handler                              0x00000155   Thumb Code     2  startup_mkl05z4.o(.text)
    PendSV_Handler                           0x00000157   Thumb Code     2  startup_mkl05z4.o(.text)
    SysTick_Handler                          0x00000159   Thumb Code     2  startup_mkl05z4.o(.text)
    ADC0_IRQHandler                          0x0000015b   Thumb Code     0  startup_mkl05z4.o(.text)
    CMP0_IRQHandler                          0x0000015b   Thumb Code     0  startup_mkl05z4.o(.text)
    DAC0_IRQHandler                          0x0000015b   Thumb Code     0  startup_mkl05z4.o(.text)
    DMA0_IRQHandler                          0x0000015b   Thumb Code     0  startup_mkl05z4.o(.text)
    DMA1_IRQHandler                          0x0000015b   Thumb Code     0  startup_mkl05z4.o(.text)
    DMA2_IRQHandler                          0x0000015b   Thumb Code     0  startup_mkl05z4.o(.text)
    DMA3_IRQHandler                          0x0000015b   Thumb Code     0  startup_mkl05z4.o(.text)
    DefaultISR                               0x0000015b   Thumb Code     0  startup_mkl05z4.o(.text)
    FTFA_IRQHandler                          0x0000015b   Thumb Code     0  startup_mkl05z4.o(.text)
    I2C0_IRQHandler                          0x0000015b   Thumb Code     0  startup_mkl05z4.o(.text)
    LLW_IRQHandler                           0x0000015b   Thumb Code     0  startup_mkl05z4.o(.text)
    LPTimer_IRQHandler                       0x0000015b   Thumb Code     0  startup_mkl05z4.o(.text)
    LVD_LVW_IRQHandler                       0x0000015b   Thumb Code     0  startup_mkl05z4.o(.text)
    MCG_IRQHandler                           0x0000015b   Thumb Code     0  startup_mkl05z4.o(.text)
    PIT_IRQHandler                           0x0000015b   Thumb Code     0  startup_mkl05z4.o(.text)
    PORTA_IRQHandler                         0x0000015b   Thumb Code     0  startup_mkl05z4.o(.text)
    PORTB_IRQHandler                         0x0000015b   Thumb Code     0  startup_mkl05z4.o(.text)
    RTC_IRQHandler                           0x0000015b   Thumb Code     0  startup_mkl05z4.o(.text)
    RTC_Seconds_IRQHandler                   0x0000015b   Thumb Code     0  startup_mkl05z4.o(.text)
    Reserved20_IRQHandler                    0x0000015b   Thumb Code     0  startup_mkl05z4.o(.text)
    Reserved25_IRQHandler                    0x0000015b   Thumb Code     0  startup_mkl05z4.o(.text)
    Reserved27_IRQHandler                    0x0000015b   Thumb Code     0  startup_mkl05z4.o(.text)
    Reserved29_IRQHandler                    0x0000015b   Thumb Code     0  startup_mkl05z4.o(.text)
    Reserved30_IRQHandler                    0x0000015b   Thumb Code     0  startup_mkl05z4.o(.text)
    Reserved35_IRQHandler                    0x0000015b   Thumb Code     0  startup_mkl05z4.o(.text)
    Reserved39_IRQHandler                    0x0000015b   Thumb Code     0  startup_mkl05z4.o(.text)
    Reserved40_IRQHandler                    0x0000015b   Thumb Code     0  startup_mkl05z4.o(.text)
    Reserved45_IRQHandler                    0x0000015b   Thumb Code     0  startup_mkl05z4.o(.text)
    SPI0_IRQHandler                          0x0000015b   Thumb Code     0  startup_mkl05z4.o(.text)
    TPM0_IRQHandler                          0x0000015b   Thumb Code     0  startup_mkl05z4.o(.text)
    TPM1_IRQHandler                          0x0000015b   Thumb Code     0  startup_mkl05z4.o(.text)
    UART0_IRQHandler                         0x0000015b   Thumb Code     0  startup_mkl05z4.o(.text)
    __user_initial_stackheap                 0x0000015d   Thumb Code     0  startup_mkl05z4.o(.text)
    __use_two_region_memory                  0x0000017d   Thumb Code     2  heapauxi.o(.text)
    __rt_heap_escrow$2region                 0x0000017f   Thumb Code     2  heapauxi.o(.text)
    __rt_heap_expand$2region                 0x00000181   Thumb Code     2  heapauxi.o(.text)
    __user_setup_stackheap                   0x00000183   Thumb Code    62  sys_stackheap_outer.o(.text)
    exit                                     0x000001c1   Thumb Code    16  exit.o(.text)
    __user_libspace                          0x000001d1   Thumb Code     8  libspace.o(.text)
    __user_perproc_libspace                  0x000001d1   Thumb Code     0  libspace.o(.text)
    __user_perthread_libspace                0x000001d1   Thumb Code     0  libspace.o(.text)
    _sys_exit                                0x000001d9   Thumb Code     8  sys_exit.o(.text)
    __I$use$semihosting                      0x000001e5   Thumb Code     0  use_no_semi.o(.text)
    __use_no_semihosting_swi                 0x000001e5   Thumb Code     2  use_no_semi.o(.text)
    __semihosting_library_function           0x000001e7   Thumb Code     0  indicate_semi.o(.text)
    SPI_Init                                 0x000001e9   Thumb Code   164  spi.o(.text.SPI_Init)
    SPI_write                                0x0000028d   Thumb Code    44  spi.o(.text.SPI_write)
    SystemInit                               0x000002b9   Thumb Code    76  system_mkl05z4.o(.text.SystemInit)
    TSI0_IRQHandler                          0x00000305   Thumb Code    28  tsi.o(.text.TSI0_IRQHandler)
    TSI_Init                                 0x00000321   Thumb Code    76  tsi.o(.text.TSI_Init)
    change_electrode                         0x000003a5   Thumb Code    76  tsi.o(.text.change_electrode)
    delay_ms                                 0x00000411   Thumb Code    52  lcd.o(.text.delay_ms)
    lcd_cmd                                  0x00000445   Thumb Code    24  lcd.o(.text.lcd_cmd)
    lcd_copy                                 0x0000045d   Thumb Code    32  lcd.o(.text.lcd_copy)
    lcd_draw_line_x_or_y                     0x0000047d   Thumb Code    64  lcd.o(.text.lcd_draw_line_x_or_y)
    lcd_draw_pixel                           0x000004bd   Thumb Code    28  lcd.o(.text.lcd_draw_pixel)
    lcd_draw_text                            0x000004d9   Thumb Code    92  lcd.o(.text.lcd_draw_text)
    lcd_reset                                0x00000535   Thumb Code    36  lcd.o(.text.lcd_reset)
    lcd_setup                                0x00000559   Thumb Code    54  lcd.o(.text.lcd_setup)
    main                                     0x00000591   Thumb Code    52  main.o(.text.main)
    self_calibration                         0x000005c5   Thumb Code   172  tsi.o(.text.self_calibration)
    font_ASCII                               0x00000670   Data         480  font.o(.rodata.font_ASCII)
    Region$$Table$$Base                      0x00000850   Number         0  anon$$obj.o(Region$$Table)
    Region$$Table$$Limit                     0x00000860   Number         0  anon$$obj.o(Region$$Table)
    __libspace_start                         0x1ffffc00   Data          96  libspace.o(.bss)
    __temporary_stack_top$libspace           0x1ffffc60   Data           0  libspace.o(.bss)
    lcd_buffer                               0x1ffffc6c   Data         504  lcd.o(.bss.lcd_buffer)



==============================================================================

Memory Map of the image

  Image Entry point : 0x00000149

  Load Region LR_1 (Base: 0x00000000, Size: 0x00000860, Max: 0xffffffff, ABSOLUTE)

    Execution Region ER_RO (Exec base: 0x00000000, Load base: 0x00000000, Size: 0x00000860, Max: 0xffffffff, ABSOLUTE)

    Exec Addr    Load Addr    Size         Type   Attr      Idx    E Section Name        Object

    0x00000000   0x00000000   0x000000c0   Data   RO           96    RESET               startup_mkl05z4.o
    0x000000c0   0x000000c0   0x00000008   Code   RO          137  * !!!main             c_p.l(__main.o)
    0x000000c8   0x000000c8   0x0000003c   Code   RO          312    !!!scatter          c_p.l(__scatter.o)
    0x00000104   0x00000104   0x0000001c   Code   RO          314    !!handler_zi        c_p.l(__scatter_zi.o)
    0x00000120   0x00000120   0x00000002   Code   RO          175    .ARM.Collect$$libinit$$00000000  c_p.l(libinit.o)
    0x00000122   0x00000122   0x00000000   Code   RO          189    .ARM.Collect$$libinit$$00000002  c_p.l(libinit2.o)
    0x00000122   0x00000122   0x00000000   Code   RO          191    .ARM.Collect$$libinit$$00000004  c_p.l(libinit2.o)
    0x00000122   0x00000122   0x00000000   Code   RO          194    .ARM.Collect$$libinit$$0000000A  c_p.l(libinit2.o)
    0x00000122   0x00000122   0x00000000   Code   RO          196    .ARM.Collect$$libinit$$0000000C  c_p.l(libinit2.o)
    0x00000122   0x00000122   0x00000000   Code   RO          198    .ARM.Collect$$libinit$$0000000E  c_p.l(libinit2.o)
    0x00000122   0x00000122   0x00000000   Code   RO          201    .ARM.Collect$$libinit$$00000011  c_p.l(libinit2.o)
    0x00000122   0x00000122   0x00000000   Code   RO          203    .ARM.Collect$$libinit$$00000013  c_p.l(libinit2.o)
    0x00000122   0x00000122   0x00000000   Code   RO          205    .ARM.Collect$$libinit$$00000015  c_p.l(libinit2.o)
    0x00000122   0x00000122   0x00000000   Code   RO          207    .ARM.Collect$$libinit$$00000017  c_p.l(libinit2.o)
    0x00000122   0x00000122   0x00000000   Code   RO          209    .ARM.Collect$$libinit$$00000019  c_p.l(libinit2.o)
    0x00000122   0x00000122   0x00000000   Code   RO          211    .ARM.Collect$$libinit$$0000001B  c_p.l(libinit2.o)
    0x00000122   0x00000122   0x00000000   Code   RO          213    .ARM.Collect$$libinit$$0000001D  c_p.l(libinit2.o)
    0x00000122   0x00000122   0x00000000   Code   RO          215    .ARM.Collect$$libinit$$0000001F  c_p.l(libinit2.o)
    0x00000122   0x00000122   0x00000000   Code   RO          217    .ARM.Collect$$libinit$$00000021  c_p.l(libinit2.o)
    0x00000122   0x00000122   0x00000000   Code   RO          219    .ARM.Collect$$libinit$$00000023  c_p.l(libinit2.o)
    0x00000122   0x00000122   0x00000000   Code   RO          221    .ARM.Collect$$libinit$$00000025  c_p.l(libinit2.o)
    0x00000122   0x00000122   0x00000000   Code   RO          225    .ARM.Collect$$libinit$$0000002C  c_p.l(libinit2.o)
    0x00000122   0x00000122   0x00000000   Code   RO          227    .ARM.Collect$$libinit$$0000002E  c_p.l(libinit2.o)
    0x00000122   0x00000122   0x00000000   Code   RO          229    .ARM.Collect$$libinit$$00000030  c_p.l(libinit2.o)
    0x00000122   0x00000122   0x00000000   Code   RO          231    .ARM.Collect$$libinit$$00000032  c_p.l(libinit2.o)
    0x00000122   0x00000122   0x00000002   Code   RO          232    .ARM.Collect$$libinit$$00000033  c_p.l(libinit2.o)
    0x00000124   0x00000124   0x00000002   Code   RO          267    .ARM.Collect$$libshutdown$$00000000  c_p.l(libshutdown.o)
    0x00000126   0x00000126   0x00000000   Code   RO          295    .ARM.Collect$$libshutdown$$00000002  c_p.l(libshutdown2.o)
    0x00000126   0x00000126   0x00000000   Code   RO          297    .ARM.Collect$$libshutdown$$00000004  c_p.l(libshutdown2.o)
    0x00000126   0x00000126   0x00000000   Code   RO          300    .ARM.Collect$$libshutdown$$00000007  c_p.l(libshutdown2.o)
    0x00000126   0x00000126   0x00000000   Code   RO          303    .ARM.Collect$$libshutdown$$0000000A  c_p.l(libshutdown2.o)
    0x00000126   0x00000126   0x00000000   Code   RO          305    .ARM.Collect$$libshutdown$$0000000C  c_p.l(libshutdown2.o)
    0x00000126   0x00000126   0x00000000   Code   RO          308    .ARM.Collect$$libshutdown$$0000000F  c_p.l(libshutdown2.o)
    0x00000126   0x00000126   0x00000002   Code   RO          309    .ARM.Collect$$libshutdown$$00000010  c_p.l(libshutdown2.o)
    0x00000128   0x00000128   0x00000000   Code   RO          139    .ARM.Collect$$rtentry$$00000000  c_p.l(__rtentry.o)
    0x00000128   0x00000128   0x00000000   Code   RO          145    .ARM.Collect$$rtentry$$00000002  c_p.l(__rtentry2.o)
    0x00000128   0x00000128   0x00000006   Code   RO          157    .ARM.Collect$$rtentry$$00000004  c_p.l(__rtentry4.o)
    0x0000012e   0x0000012e   0x00000000   Code   RO          147    .ARM.Collect$$rtentry$$00000009  c_p.l(__rtentry2.o)
    0x0000012e   0x0000012e   0x00000004   Code   RO          148    .ARM.Collect$$rtentry$$0000000A  c_p.l(__rtentry2.o)
    0x00000132   0x00000132   0x00000000   Code   RO          150    .ARM.Collect$$rtentry$$0000000C  c_p.l(__rtentry2.o)
    0x00000132   0x00000132   0x00000008   Code   RO          151    .ARM.Collect$$rtentry$$0000000D  c_p.l(__rtentry2.o)
    0x0000013a   0x0000013a   0x00000002   Code   RO          180    .ARM.Collect$$rtexit$$00000000  c_p.l(rtexit.o)
    0x0000013c   0x0000013c   0x00000000   Code   RO          238    .ARM.Collect$$rtexit$$00000002  c_p.l(rtexit2.o)
    0x0000013c   0x0000013c   0x00000004   Code   RO          239    .ARM.Collect$$rtexit$$00000003  c_p.l(rtexit2.o)
    0x00000140   0x00000140   0x00000006   Code   RO          240    .ARM.Collect$$rtexit$$00000004  c_p.l(rtexit2.o)
    0x00000146   0x00000146   0x00000002   PAD
    0x00000148   0x00000148   0x00000034   Code   RO           98  * .text               startup_mkl05z4.o
    0x0000017c   0x0000017c   0x00000006   Code   RO          135    .text               c_p.l(heapauxi.o)
    0x00000182   0x00000182   0x0000003e   Code   RO          161    .text               c_p.l(sys_stackheap_outer.o)
    0x000001c0   0x000001c0   0x00000010   Code   RO          164    .text               c_p.l(exit.o)
    0x000001d0   0x000001d0   0x00000008   Code   RO          176    .text               c_p.l(libspace.o)
    0x000001d8   0x000001d8   0x0000000c   Code   RO          233    .text               c_p.l(sys_exit.o)
    0x000001e4   0x000001e4   0x00000002   Code   RO          256    .text               c_p.l(use_no_semi.o)
    0x000001e6   0x000001e6   0x00000000   Code   RO          258    .text               c_p.l(indicate_semi.o)
    0x000001e6   0x000001e6   0x00000002   PAD
    0x000001e8   0x000001e8   0x000000a4   Code   RO           44    .text.SPI_Init      spi.o
    0x0000028c   0x0000028c   0x0000002c   Code   RO           46    .text.SPI_write     spi.o
    0x000002b8   0x000002b8   0x0000004c   Code   RO          107    .text.SystemInit    system_mkl05z4.o
    0x00000304   0x00000304   0x0000001c   Code   RO           70    .text.TSI0_IRQHandler  tsi.o
    0x00000320   0x00000320   0x0000004c   Code   RO           56    .text.TSI_Init      tsi.o
    0x0000036c   0x0000036c   0x00000010   Code   RO           60    .text.__NVIC_ClearPendingIRQ  tsi.o
    0x0000037c   0x0000037c   0x00000010   Code   RO           62    .text.__NVIC_EnableIRQ  tsi.o
    0x0000038c   0x0000038c   0x00000018   Code   RO           58    .text.__NVIC_SetPriority  tsi.o
    0x000003a4   0x000003a4   0x0000004c   Code   RO           68    .text.change_electrode  tsi.o
    0x000003f0   0x000003f0   0x00000002   Data   RO           74    .rodata.elec_array  tsi.o
    0x000003f2   0x000003f2   0x0000000e   PAD
    0x00000400   0x00000400   0x00000010   Code   RO           97    .ARM.__at_0x400     startup_mkl05z4.o
    0x00000410   0x00000410   0x00000034   Code   RO           15    .text.delay_ms      lcd.o
    0x00000444   0x00000444   0x00000018   Code   RO           21    .text.lcd_cmd       lcd.o
    0x0000045c   0x0000045c   0x00000020   Code   RO           33    .text.lcd_copy      lcd.o
    0x0000047c   0x0000047c   0x00000040   Code   RO           31    .text.lcd_draw_line_x_or_y  lcd.o
    0x000004bc   0x000004bc   0x0000001c   Code   RO           29    .text.lcd_draw_pixel  lcd.o
    0x000004d8   0x000004d8   0x0000005c   Code   RO           27    .text.lcd_draw_text  lcd.o
    0x00000534   0x00000534   0x00000024   Code   RO           19    .text.lcd_reset     lcd.o
    0x00000558   0x00000558   0x00000036   Code   RO           17    .text.lcd_setup     lcd.o
    0x0000058e   0x0000058e   0x00000002   PAD
    0x00000590   0x00000590   0x00000034   Code   RO           85    .text.main          main.o
    0x000005c4   0x000005c4   0x000000ac   Code   RO           64    .text.self_calibration  tsi.o
    0x00000670   0x00000670   0x000001e0   Data   RO            9    .rodata.font_ASCII  font.o
    0x00000850   0x00000850   0x00000010   Data   RO          311    Region$$Table       anon$$obj.o


    Execution Region ER_RW (Exec base: 0x1ffffc00, Load base: 0x00000860, Size: 0x00000000, Max: 0xffffffff, ABSOLUTE)

    **** No section assigned to this execution region ****


    Execution Region ER_ZI (Exec base: 0x1ffffc00, Load base: 0x00000860, Size: 0x00000368, Max: 0xffffffff, ABSOLUTE)

    Exec Addr    Load Addr    Size         Type   Attr      Idx    E Section Name        Object

    0x1ffffc00        -       0x00000060   Zero   RW          177    .bss                c_p.l(libspace.o)
    0x1ffffc60        -       0x00000001   Zero   RW           72    .bss.end_flag       tsi.o
    0x1ffffc61   0x00000860   0x00000001   PAD
    0x1ffffc62        -       0x00000004   Zero   RW           75    .bss.gu16Baseline   tsi.o
    0x1ffffc66        -       0x00000004   Zero   RW           73    .bss.gu16Delta      tsi.o
    0x1ffffc6a   0x00000860   0x00000002   PAD
    0x1ffffc6c        -       0x000001f8   Zero   RW           35    .bss.lcd_buffer     lcd.o
    0x1ffffe64        -       0x00000001   Zero   RW           76    .bss.ongoing_elec   tsi.o
    0x1ffffe65   0x00000860   0x00000003   PAD
    0x1ffffe68        -       0x00000000   Zero   RW           95    HEAP                startup_mkl05z4.o
    0x1ffffe68        -       0x00000100   Zero   RW           94    STACK               startup_mkl05z4.o


==============================================================================

Image component sizes


      Code (inc. data)   RO Data    RW Data    ZI Data      Debug   Object Name

         0          0        480          0          0        476   font.o
       382         20          0          0        504       3259   lcd.o
        52          8          0          0          0        360   main.o
       208         28          0          0          0       2151   spi.o
        68         38        192          0        256        888   startup_mkl05z4.o
        76         16          0          0          0       2348   system_mkl05z4.o
       408         56          2          0         10       4771   tsi.o

    ----------------------------------------------------------------------
      1196        166        704          0        776      14253   Object Totals
         0          0         16          0          0          0   (incl. Generated)
         2          0         14          0          6          0   (incl. Padding)

    ----------------------------------------------------------------------

      Code (inc. data)   RO Data    RW Data    ZI Data      Debug   Library Member Name

         8          0          0          0          0         68   __main.o
         0          0          0          0          0          0   __rtentry.o
        12          0          0          0          0          0   __rtentry2.o
         6          0          0          0          0          0   __rtentry4.o
        60          8          0          0          0          0   __scatter.o
        28          0          0          0          0          0   __scatter_zi.o
        16          0          0          0          0         68   exit.o
         6          0          0          0          0        136   heapauxi.o
         0          0          0          0          0          0   indicate_semi.o
         2          0          0          0          0          0   libinit.o
         2          0          0          0          0          0   libinit2.o
         2          0          0          0          0          0   libshutdown.o
         2          0          0          0          0          0   libshutdown2.o
         8          4          0          0         96         68   libspace.o
         2          0          0          0          0          0   rtexit.o
        10          0          0          0          0          0   rtexit2.o
        12          4          0          0          0         60   sys_exit.o
        62          0          0          0          0         80   sys_stackheap_outer.o
         2          0          0          0          0         68   use_no_semi.o

    ----------------------------------------------------------------------
       244         16          0          0         96        548   Library Totals
         4          0          0          0          0          0   (incl. Padding)

    ----------------------------------------------------------------------

      Code (inc. data)   RO Data    RW Data    ZI Data      Debug   Library Name

       240         16          0          0         96        548   c_p.l

    ----------------------------------------------------------------------
       244         16          0          0         96        548   Library Totals

    ----------------------------------------------------------------------

==============================================================================


      Code (inc. data)   RO Data    RW Data    ZI Data      Debug   

      1440        182        704          0        872      14577   Grand Totals
      1440        182        704          0        872      14577   ELF Image Totals
      1440        182        704          0          0          0   ROM Totals

==============================================================================

    Total RO  Size (Code + RO Data)                 2144 (   2.09kB)
    Total RW  Size (RW Data + ZI Data)               872 (   0.85kB)
    Total ROM Size (Code + RO Data + RW Data)       2144 (   2.09kB)

==============================================================================

