Component: ARM Compiler 6.14.1 Tool: armlink [5db06d00]

==============================================================================

Section Cross References

    main.o(.text) refers (Special) to _printf_percent.o(.ARM.Collect$$_printf_percent$$00000000) for _printf_percent
    main.o(.text) refers (Special) to _printf_s.o(.ARM.Collect$$_printf_percent$$00000014) for _printf_s
    main.o(.text) refers (Special) to _printf_str.o(.text) for _printf_str
    main.o(.text.ADC0_IRQHandler) refers (Special) to _printf_percent.o(.ARM.Collect$$_printf_percent$$00000000) for _printf_percent
    main.o(.text.ADC0_IRQHandler) refers (Special) to _printf_s.o(.ARM.Collect$$_printf_percent$$00000014) for _printf_s
    main.o(.text.ADC0_IRQHandler) refers (Special) to _printf_str.o(.text) for _printf_str
    main.o(.text.ADC0_IRQHandler) refers to main.o(.text.__NVIC_EnableIRQ) for __NVIC_EnableIRQ
    main.o(.text.ADC0_IRQHandler) refers to fflti.o(.text) for __aeabi_ui2f
    main.o(.text.ADC0_IRQHandler) refers to main.o(.bss.temp) for temp
    main.o(.text.ADC0_IRQHandler) refers to main.o(.bss.wynik_ok) for wynik_ok
    main.o(.text.ADC0_IRQHandler) refers to main.o(.bss.wynik) for wynik
    main.o(.ARM.exidx.text.ADC0_IRQHandler) refers (Special) to _printf_percent.o(.ARM.Collect$$_printf_percent$$00000000) for _printf_percent
    main.o(.ARM.exidx.text.ADC0_IRQHandler) refers (Special) to _printf_s.o(.ARM.Collect$$_printf_percent$$00000014) for _printf_s
    main.o(.ARM.exidx.text.ADC0_IRQHandler) refers (Special) to _printf_str.o(.text) for _printf_str
    main.o(.ARM.exidx.text.ADC0_IRQHandler) refers to main.o(.text.ADC0_IRQHandler) for [Anonymous Symbol]
    main.o(.text.__NVIC_EnableIRQ) refers (Special) to _printf_percent.o(.ARM.Collect$$_printf_percent$$00000000) for _printf_percent
    main.o(.text.__NVIC_EnableIRQ) refers (Special) to _printf_s.o(.ARM.Collect$$_printf_percent$$00000014) for _printf_s
    main.o(.text.__NVIC_EnableIRQ) refers (Special) to _printf_str.o(.text) for _printf_str
    main.o(.ARM.exidx.text.__NVIC_EnableIRQ) refers (Special) to _printf_percent.o(.ARM.Collect$$_printf_percent$$00000000) for _printf_percent
    main.o(.ARM.exidx.text.__NVIC_EnableIRQ) refers (Special) to _printf_s.o(.ARM.Collect$$_printf_percent$$00000014) for _printf_s
    main.o(.ARM.exidx.text.__NVIC_EnableIRQ) refers (Special) to _printf_str.o(.text) for _printf_str
    main.o(.ARM.exidx.text.__NVIC_EnableIRQ) refers to main.o(.text.__NVIC_EnableIRQ) for [Anonymous Symbol]
    main.o(.text.main) refers (Special) to _printf_percent.o(.ARM.Collect$$_printf_percent$$00000000) for _printf_percent
    main.o(.text.main) refers (Special) to _printf_s.o(.ARM.Collect$$_printf_percent$$00000014) for _printf_s
    main.o(.text.main) refers (Special) to _printf_str.o(.text) for _printf_str
    main.o(.text.main) refers to lcd.o(.text.lcd_setup) for lcd_setup
    main.o(.text.main) refers to buttons.o(.text.buttonsInitialize) for buttonsInitialize
    main.o(.text.main) refers to tsi.o(.text.TSI_Init) for TSI_Init
    main.o(.text.main) refers to lcd.o(.text.lcd_clear) for lcd_clear
    main.o(.text.main) refers to lcd.o(.text.lcd_draw_text) for lcd_draw_text
    main.o(.text.main) refers to lcd.o(.text.lcd_copy) for lcd_copy
    main.o(.text.main) refers to adc.o(.text.ADC_Init) for ADC_Init
    main.o(.text.main) refers to buttons.o(.text.correct_button) for correct_button
    main.o(.text.main) refers to ffixi.o(.text) for __aeabi_f2iz
    main.o(.text.main) refers to aeabi_sdivfast.o(.text_divfast) for __aeabi_idiv
    main.o(.text.main) refers to noretval__2sprintf.o(.text) for __2sprintf
    main.o(.text.main) refers to buttons.o(.text.name_button) for name_button
    main.o(.text.main) refers to buttons.o(.text.set_v_name) for set_v_name
    main.o(.text.main) refers to buttons.o(.text.incorrect_button) for incorrect_button
    main.o(.text.main) refers to buttons.o(.text.set_v_incorrect) for set_v_incorrect
    main.o(.text.main) refers to main.o(.bss.wynik_ok) for wynik_ok
    main.o(.text.main) refers to main.o(.bss.wynik) for wynik
    main.o(.text.main) refers to main.o(.rodata..L__const.main.znak) for [Anonymous Symbol]
    main.o(.ARM.exidx.text.main) refers (Special) to _printf_percent.o(.ARM.Collect$$_printf_percent$$00000000) for _printf_percent
    main.o(.ARM.exidx.text.main) refers (Special) to _printf_s.o(.ARM.Collect$$_printf_percent$$00000014) for _printf_s
    main.o(.ARM.exidx.text.main) refers (Special) to _printf_str.o(.text) for _printf_str
    main.o(.ARM.exidx.text.main) refers to main.o(.text.main) for [Anonymous Symbol]
    main.o(.data.volt_coeff) refers (Special) to _printf_percent.o(.ARM.Collect$$_printf_percent$$00000000) for _printf_percent
    main.o(.data.volt_coeff) refers (Special) to _printf_s.o(.ARM.Collect$$_printf_percent$$00000014) for _printf_s
[...]
    tsi.o(.text.change_electrode) refers to tsi.o(.bss.gu16Delta) for [Anonymous Symbol]
    tsi.o(.text.change_electrode) refers to tsi.o(.rodata.elec_array) for [Anonymous Symbol]
    tsi.o(.ARM.exidx.text.change_electrode) refers to tsi.o(.text.change_electrode) for [Anonymous Symbol]
    tsi.o(.text.TSI0_IRQHandler) refers to tsi.o(.text.change_electrode) for change_electrode
    tsi.o(.text.TSI0_IRQHandler) refers to tsi.o(.bss.end_flag) for [Anonymous Symbol]
    tsi.o(.ARM.exidx.text.TSI0_IRQHandler) refers to tsi.o(.text.TSI0_IRQHandler) for [Anonymous Symbol]
    adc.o(.text.ADC_Init) refers to adc.o(.text.__NVIC_ClearPendingIRQ) for __NVIC_ClearPendingIRQ
    adc.o(.text.ADC_Init) refers to adc.o(.text.__NVIC_EnableIRQ) for __NVIC_EnableIRQ
    adc.o(.ARM.exidx.text.ADC_Init) refers to adc.o(.text.ADC_Init) for [Anonymous Symbol]
    adc.o(.ARM.exidx.text.__NVIC_ClearPendingIRQ) refers to adc.o(.text.__NVIC_ClearPendingIRQ) for [Anonymous Symbol]
    adc.o(.ARM.exidx.text.__NVIC_EnableIRQ) refers to adc.o(.text.__NVIC_EnableIRQ) for [Anonymous Symbol]
    startup_mkl05z4.o(STACK) refers (Special) to heapauxi.o(.text) for __use_two_region_memory
    startup_mkl05z4.o(HEAP) refers (Special) to heapauxi.o(.text) for __use_two_region_memory
    startup_mkl05z4.o(RESET) refers (Special) to heapauxi.o(.text) for __use_two_region_memory
    startup_mkl05z4.o(RESET) refers to startup_mkl05z4.o(STACK) for __initial_sp
    startup_mkl05z4.o(RESET) refers to startup_mkl05z4.o(.text) for Reset_Handler
    startup_mkl05z4.o(RESET) refers to main.o(.text.ADC0_IRQHandler) for ADC0_IRQHandler
    startup_mkl05z4.o(RESET) refers to tsi.o(.text.TSI0_IRQHandler) for TSI0_IRQHandler
    startup_mkl05z4.o(RESET) refers to buttons.o(.text.PORTB_IRQHandler) for PORTB_IRQHandler
    startup_mkl05z4.o(.ARM.__at_0x400) refers (Special) to heapauxi.o(.text) for __use_two_region_memory
    startup_mkl05z4.o(.text) refers (Special) to heapauxi.o(.text) for __use_two_region_memory
    startup_mkl05z4.o(.text) refers to system_mkl05z4.o(.text.SystemInit) for SystemInit
    startup_mkl05z4.o(.text) refers to __main.o(!!!main) for __main
    startup_mkl05z4.o(.text) refers to startup_mkl05z4.o(HEAP) for Heap_Mem
    startup_mkl05z4.o(.text) refers to startup_mkl05z4.o(STACK) for Stack_Mem
    system_mkl05z4.o(.ARM.exidx.text.SystemInit) refers to system_mkl05z4.o(.text.SystemInit) for [Anonymous Symbol]
    system_mkl05z4.o(.text.SystemCoreClockUpdate) refers to aeabi_sdivfast.o(.text_divfast) for __aeabi_uidiv
    system_mkl05z4.o(.text.SystemCoreClockUpdate) refers to system_mkl05z4.o(.data.SystemCoreClock) for SystemCoreClock
    system_mkl05z4.o(.ARM.exidx.text.SystemCoreClockUpdate) refers to system_mkl05z4.o(.text.SystemCoreClockUpdate) for [Anonymous Symbol]
    __2sprintf.o(.text) refers to _printf_char_common.o(.text) for _printf_char_common
    __2sprintf.o(.text) refers to _sputc.o(.text) for _sputc
    noretval__2sprintf.o(.text) refers to _printf_char_common.o(.text) for _printf_char_common
    noretval__2sprintf.o(.text) refers to _sputc.o(.text) for _sputc
    __printf.o(.text) refers to _printf_percent.o(.ARM.Collect$$_printf_percent$$00000000) for _printf_percent
    _printf_str.o(.text) refers (Special) to _printf_char.o(.text) for _printf_cs_common
    __printf_flags.o(.text) refers to _printf_percent.o(.ARM.Collect$$_printf_percent$$00000000) for _printf_percent
    __printf_flags.o(.text) refers to __printf_flags.o(.constdata) for .constdata
    __printf_ss.o(.text) refers to _printf_percent.o(.ARM.Collect$$_printf_percent$$00000000) for _printf_percent
    __printf_flags_ss.o(.text) refers to _printf_percent.o(.ARM.Collect$$_printf_percent$$00000000) for _printf_percent
    __printf_flags_ss.o(.text) refers to __printf_flags_ss.o(.constdata) for .constdata
    __printf_wp.o(.text) refers to __printf_wp.o(i._is_digit) for _is_digit
    __printf_wp.o(.text) refers to _printf_percent.o(.ARM.Collect$$_printf_percent$$00000000) for _printf_percent
    __printf_flags_wp.o(.text) refers to __printf_wp.o(i._is_digit) for _is_digit
    __printf_flags_wp.o(.text) refers to _printf_percent.o(.ARM.Collect$$_printf_percent$$00000000) for _printf_percent
    __printf_flags_wp.o(.text) refers to __printf_flags_wp.o(.constdata) for .constdata
    __printf_ss_wp.o(.text) refers to __printf_wp.o(i._is_digit) for _is_digit
    __printf_ss_wp.o(.text) refers to _printf_percent.o(.ARM.Collect$$_printf_percent$$00000000) for _printf_percent
    __printf_flags_ss_wp.o(.text) refers to __printf_wp.o(i._is_digit) for _is_digit
    __printf_flags_ss_wp.o(.text) refers to _printf_percent.o(.ARM.Collect$$_printf_percent$$00000000) for _printf_percent
    __printf_flags_ss_wp.o(.text) refers to __printf_flags_ss_wp.o(.constdata) for .constdata
    _printf_s.o(.ARM.Collect$$_printf_percent$$00000014) refers (Weak) to _printf_char.o(.text) for _printf_string
    _printf_percent.o(.ARM.Collect$$_printf_percent$$00000000) refers (Special) to _printf_percent_end.o(.ARM.Collect$$_printf_percent$$00000017) for _printf_percent_end
    rt_memcpy.o(.text) refers to rt_memcpy.o(.emb_text) for __aeabi_memcpy4
    __main.o(!!!main) refers to __rtentry.o(.ARM.Collect$$rtentry$$00000000) for __rt_entry
    ffixi.o(.text) refers (Special) to usenofp.o(x$fpl$usenofp) for __I$use$fp
    fflti.o(.text) refers (Special) to usenofp.o(x$fpl$usenofp) for __I$use$fp
    __rtentry.o(.ARM.Collect$$rtentry$$00000000) refers (Special) to __rtentry2.o(.ARM.Collect$$rtentry$$0000000A) for __rt_entry_li
    __rtentry.o(.ARM.Collect$$rtentry$$00000000) refers (Special) to __rtentry2.o(.ARM.Collect$$rtentry$$0000000D) for __rt_entry_main
    __rtentry.o(.ARM.Collect$$rtentry$$00000000) refers (Special) to __rtentry2.o(.ARM.Collect$$rtentry$$0000000C) for __rt_entry_postli_1
    __rtentry.o(.ARM.Collect$$rtentry$$00000000) refers (Special) to __rtentry2.o(.ARM.Collect$$rtentry$$00000009) for __rt_entry_postsh_1
    __rtentry.o(.ARM.Collect$$rtentry$$00000000) refers (Special) to __rtentry2.o(.ARM.Collect$$rtentry$$00000002) for __rt_entry_presh_1
    __rtentry.o(.ARM.Collect$$rtentry$$00000000) refers (Special) to __rtentry4.o(.ARM.Collect$$rtentry$$00000004) for __rt_entry_sh
    aeabi_idiv0_sigfpe.o(.text) refers to rt_div0.o(.text) for __rt_div0
    _printf_char_common.o(.text) refers to __printf.o(.text) for __printf
    _printf_char.o(.text) refers (Weak) to _printf_str.o(.text) for _printf_str
    __rtentry2.o(.ARM.Collect$$rtentry$$00000008) refers to boardinit2.o(.text) for _platform_post_stackheap_init
    __rtentry2.o(.ARM.Collect$$rtentry$$0000000A) refers to libinit.o(.ARM.Collect$$libinit$$00000000) for __rt_lib_init
    __rtentry2.o(.ARM.Collect$$rtentry$$0000000B) refers to boardinit3.o(.text) for _platform_post_lib_init
    __rtentry2.o(.ARM.Collect$$rtentry$$0000000D) refers to main.o(.text.main) for main
    __rtentry2.o(.ARM.Collect$$rtentry$$0000000D) refers to exit.o(.text) for exit
    __rtentry2.o(.ARM.exidx) refers to __rtentry2.o(.ARM.Collect$$rtentry$$00000001) for .ARM.Collect$$rtentry$$00000001
    __rtentry2.o(.ARM.exidx) refers to __rtentry2.o(.ARM.Collect$$rtentry$$00000008) for .ARM.Collect$$rtentry$$00000008
    __rtentry2.o(.ARM.exidx) refers to __rtentry2.o(.ARM.Collect$$rtentry$$0000000A) for .ARM.Collect$$rtentry$$0000000A
    __rtentry2.o(.ARM.exidx) refers to __rtentry2.o(.ARM.Collect$$rtentry$$0000000B) for .ARM.Collect$$rtentry$$0000000B
    __rtentry2.o(.ARM.exidx) refers to __rtentry2.o(.ARM.Collect$$rtentry$$0000000D) for .ARM.Collect$$rtentry$$0000000D
    __rtentry4.o(.ARM.Collect$$rtentry$$00000004) refers to sys_stackheap_outer.o(.text) for __user_setup_stackheap
    __rtentry4.o(.ARM.exidx) refers to __rtentry4.o(.ARM.Collect$$rtentry$$00000004) for .ARM.Collect$$rtentry$$00000004
    rt_div0.o(.text) refers to defsig_fpe_outer.o(.text) for __rt_SIGFPE
    sys_stackheap_outer.o(.text) refers to libspace.o(.text) for __user_perproc_libspace
    sys_stackheap_outer.o(.text) refers to startup_mkl05z4.o(.text) for __user_initial_stackheap
    sys_stackheap_outer.o(__vectab_stack_and_reset_area) refers to tempstk.o(.text) for __temporary_stack_top
    sys_stackheap_outer.o(__vectab_stack_and_reset_area) refers to __main.o(!!!main) for __main
    exit.o(.text) refers to rtexit.o(.ARM.Collect$$rtexit$$00000000) for __rt_exit
    defsig_fpe_outer.o(.text) refers to defsig_fpe_inner.o(.text) for __rt_SIGFPE_inner
    defsig_fpe_outer.o(.text) refers to defsig_exit.o(.text) for __sig_exit
    defsig_fpe_formal.o(.text) refers to rt_raise.o(.text) for __rt_raise
    libinit.o(.ARM.Collect$$libinit$$00000000) refers (Special) to libinit2.o(.ARM.Collect$$libinit$$0000002E) for __rt_lib_init_alloca_1
    libinit.o(.ARM.Collect$$libinit$$00000000) refers (Special) to libinit2.o(.ARM.Collect$$libinit$$0000002C) for __rt_lib_init_argv_1
    libinit.o(.ARM.Collect$$libinit$$00000000) refers (Special) to libinit2.o(.ARM.Collect$$libinit$$0000001B) for __rt_lib_init_atexit_1
    libinit.o(.ARM.Collect$$libinit$$00000000) refers (Special) to libinit2.o(.ARM.Collect$$libinit$$00000021) for __rt_lib_init_clock_1
    libinit.o(.ARM.Collect$$libinit$$00000000) refers (Special) to libinit2.o(.ARM.Collect$$libinit$$00000032) for __rt_lib_init_cpp_1
    libinit.o(.ARM.Collect$$libinit$$00000000) refers (Special) to libinit2.o(.ARM.Collect$$libinit$$00000030) for __rt_lib_init_exceptions_1
    libinit.o(.ARM.Collect$$libinit$$00000000) refers (Special) to libinit2.o(.ARM.Collect$$libinit$$00000002) for __rt_lib_init_fp_1
    libinit.o(.ARM.Collect$$libinit$$00000000) refers (Special) to libinit2.o(.ARM.Collect$$libinit$$0000001F) for __rt_lib_init_fp_trap_1
    libinit.o(.ARM.Collect$$libinit$$00000000) refers (Special) to libinit2.o(.ARM.Collect$$libinit$$00000023) for __rt_lib_init_getenv_1
    libinit.o(.ARM.Collect$$libinit$$00000000) refers (Special) to libinit2.o(.ARM.Collect$$libinit$$0000000A) for __rt_lib_init_heap_1
    libinit.o(.ARM.Collect$$libinit$$00000000) refers (Special) to libinit2.o(.ARM.Collect$$libinit$$00000011) for __rt_lib_init_lc_collate_1
    libinit.o(.ARM.Collect$$libinit$$00000000) refers (Special) to libinit2.o(.ARM.Collect$$libinit$$00000013) for __rt_lib_init_lc_ctype_1
    libinit.o(.ARM.Collect$$libinit$$00000000) refers (Special) to libinit2.o(.ARM.Collect$$libinit$$00000015) for __rt_lib_init_lc_monetary_1
    libinit.o(.ARM.Collect$$libinit$$00000000) refers (Special) to libinit2.o(.ARM.Collect$$libinit$$00000017) for __rt_lib_init_lc_numeric_1
    libinit.o(.ARM.Collect$$libinit$$00000000) refers (Special) to libinit2.o(.ARM.Collect$$libinit$$00000019) for __rt_lib_init_lc_time_1
    libinit.o(.ARM.Collect$$libinit$$00000000) refers (Special) to libinit2.o(.ARM.Collect$$libinit$$00000004) for __rt_lib_init_preinit_1
    libinit.o(.ARM.Collect$$libinit$$00000000) refers (Special) to libinit2.o(.ARM.Collect$$libinit$$0000000E) for __rt_lib_init_rand_1
    libinit.o(.ARM.Collect$$libinit$$00000000) refers (Special) to libinit2.o(.ARM.Collect$$libinit$$00000033) for __rt_lib_init_return
    libinit.o(.ARM.Collect$$libinit$$00000000) refers (Special) to libinit2.o(.ARM.Collect$$libinit$$0000001D) for __rt_lib_init_signal_1
    libinit.o(.ARM.Collect$$libinit$$00000000) refers (Special) to libinit2.o(.ARM.Collect$$libinit$$00000025) for __rt_lib_init_stdio_1
    libinit.o(.ARM.Collect$$libinit$$00000000) refers (Special) to libinit2.o(.ARM.Collect$$libinit$$0000000C) for __rt_lib_init_user_alloc_1
    libspace.o(.text) refers to libspace.o(.bss) for __libspace_start
    rtexit.o(.ARM.Collect$$rtexit$$00000000) refers (Special) to rtexit2.o(.ARM.Collect$$rtexit$$00000004) for __rt_exit_exit
    rtexit.o(.ARM.Collect$$rtexit$$00000000) refers (Special) to rtexit2.o(.ARM.Collect$$rtexit$$00000003) for __rt_exit_ls
    rtexit.o(.ARM.Collect$$rtexit$$00000000) refers (Special) to rtexit2.o(.ARM.Collect$$rtexit$$00000002) for __rt_exit_prels_1
    rtexit.o(.ARM.exidx) refers (Special) to rtexit2.o(.ARM.Collect$$rtexit$$00000004) for __rt_exit_exit
    rtexit.o(.ARM.exidx) refers (Special) to rtexit2.o(.ARM.Collect$$rtexit$$00000003) for __rt_exit_ls
    rtexit.o(.ARM.exidx) refers (Special) to rtexit2.o(.ARM.Collect$$rtexit$$00000002) for __rt_exit_prels_1
    rtexit.o(.ARM.exidx) refers to rtexit.o(.ARM.Collect$$rtexit$$00000000) for .ARM.Collect$$rtexit$$00000000
    rt_raise.o(.text) refers to __raise.o(.text) for __raise
    rt_raise.o(.text) refers to sys_exit.o(.text) for _sys_exit
    defsig_exit.o(.text) refers to sys_exit.o(.text) for _sys_exit
    defsig_fpe_inner.o(.text) refers to defsig_general.o(.text) for __default_signal_display
    libinit2.o(.ARM.Collect$$libinit$$00000010) refers to libinit2.o(.ARM.Collect$$libinit$$0000000F) for .ARM.Collect$$libinit$$0000000F
    libinit2.o(.ARM.Collect$$libinit$$00000012) refers to libinit2.o(.ARM.Collect$$libinit$$0000000F) for .ARM.Collect$$libinit$$0000000F
    libinit2.o(.ARM.Collect$$libinit$$00000014) refers to libinit2.o(.ARM.Collect$$libinit$$0000000F) for .ARM.Collect$$libinit$$0000000F
    libinit2.o(.ARM.Collect$$libinit$$00000016) refers to libinit2.o(.ARM.Collect$$libinit$$0000000F) for .ARM.Collect$$libinit$$0000000F
    libinit2.o(.ARM.Collect$$libinit$$00000018) refers to libinit2.o(.ARM.Collect$$libinit$$0000000F) for .ARM.Collect$$libinit$$0000000F
    libinit2.o(.ARM.Collect$$libinit$$00000026) refers to argv_veneer.o(.text) for __ARM_argv_veneer
    libinit2.o(.ARM.Collect$$libinit$$00000027) refers to argv_veneer.o(.text) for __ARM_argv_veneer
    sys_exit.o(.text) refers (Special) to use_no_semi.o(.text) for __I$use$semihosting
    sys_exit.o(.text) refers (Special) to indicate_semi.o(.text) for __semihosting_library_function
    sys_exit_hlt.o(.text) refers (Special) to use_no_semi.o(.text) for __I$use$semihosting
    sys_exit_hlt.o(.text) refers (Special) to indicate_semi.o(.text) for __semihosting_library_function
    rtexit2.o(.ARM.Collect$$rtexit$$00000003) refers to libshutdown.o(.ARM.Collect$$libshutdown$$00000000) for __rt_lib_shutdown
    rtexit2.o(.ARM.Collect$$rtexit$$00000004) refers to sys_exit.o(.text) for _sys_exit
    rtexit2.o(.ARM.exidx) refers to rtexit2.o(.ARM.Collect$$rtexit$$00000001) for .ARM.Collect$$rtexit$$00000001
    rtexit2.o(.ARM.exidx) refers to rtexit2.o(.ARM.Collect$$rtexit$$00000003) for .ARM.Collect$$rtexit$$00000003
    rtexit2.o(.ARM.exidx) refers to rtexit2.o(.ARM.Collect$$rtexit$$00000004) for .ARM.Collect$$rtexit$$00000004
    __raise.o(.text) refers to defsig.o(CL$$defsig) for __default_signal_handler
    defsig_general.o(.text) refers to sys_wrch.o(.text) for _ttywrch
    sys_wrch.o(.text) refers (Special) to use_no_semi.o(.text) for __I$use$semihosting
    sys_wrch.o(.text) refers (Special) to indicate_semi.o(.text) for __semihosting_library_function
    sys_wrch_hlt.o(.text) refers (Special) to use_no_semi.o(.text) for __I$use$semihosting
    sys_wrch_hlt.o(.text) refers (Special) to indicate_semi.o(.text) for __semihosting_library_function
    defsig.o(CL$$defsig) refers to defsig_fpe_inner.o(.text) for __rt_SIGFPE_inner
    defsig.o(CL$$defsig) refers to defsig_rtmem_inner.o(.text) for __rt_SIGRTMEM_inner
    _get_argv_nomalloc.o(.text) refers (Special) to hrguard.o(.text) for __heap_region$guard
    _get_argv_nomalloc.o(.text) refers to defsig_rtmem_outer.o(.text) for __rt_SIGRTMEM
    _get_argv_nomalloc.o(.text) refers to sys_command.o(.text) for _sys_command_string
    libshutdown.o(.ARM.Collect$$libshutdown$$00000000) refers (Special) to libshutdown2.o(.ARM.Collect$$libshutdown$$00000002) for __rt_lib_shutdown_cpp_1
    libshutdown.o(.ARM.Collect$$libshutdown$$00000000) refers (Special) to libshutdown2.o(.ARM.Collect$$libshutdown$$00000007) for __rt_lib_shutdown_fp_trap_1
    libshutdown.o(.ARM.Collect$$libshutdown$$00000000) refers (Special) to libshutdown2.o(.ARM.Collect$$libshutdown$$0000000F) for __rt_lib_shutdown_heap_1
    libshutdown.o(.ARM.Collect$$libshutdown$$00000000) refers (Special) to libshutdown2.o(.ARM.Collect$$libshutdown$$00000010) for __rt_lib_shutdown_return
    libshutdown.o(.ARM.Collect$$libshutdown$$00000000) refers (Special) to libshutdown2.o(.ARM.Collect$$libshutdown$$0000000A) for __rt_lib_shutdown_signal_1
    libshutdown.o(.ARM.Collect$$libshutdown$$00000000) refers (Special) to libshutdown2.o(.ARM.Collect$$libshutdown$$00000004) for __rt_lib_shutdown_stdio_1
    libshutdown.o(.ARM.Collect$$libshutdown$$00000000) refers (Special) to libshutdown2.o(.ARM.Collect$$libshutdown$$0000000C) for __rt_lib_shutdown_user_alloc_1
    sys_command.o(.text) refers (Special) to use_no_semi.o(.text) for __I$use$semihosting
    sys_command.o(.text) refers (Special) to indicate_semi.o(.text) for __semihosting_library_function
    sys_command_hlt.o(.text) refers (Special) to use_no_semi.o(.text) for __I$use$semihosting
    sys_command_hlt.o(.text) refers (Special) to indicate_semi.o(.text) for __semihosting_library_function
    defsig_abrt_inner.o(.text) refers to defsig_general.o(.text) for __default_signal_display
    defsig_rtred_inner.o(.text) refers to defsig_general.o(.text) for __default_signal_display
    defsig_rtmem_inner.o(.text) refers to defsig_general.o(.text) for __default_signal_display
    defsig_rtmem_outer.o(.text) refers to defsig_rtmem_inner.o(.text) for __rt_SIGRTMEM_inner
    defsig_rtmem_outer.o(.text) refers to defsig_exit.o(.text) for __sig_exit
    defsig_rtmem_formal.o(.text) refers to rt_raise.o(.text) for __rt_raise
    defsig_stak_inner.o(.text) refers to defsig_general.o(.text) for __default_signal_display
    defsig_pvfn_inner.o(.text) refers to defsig_general.o(.text) for __default_signal_display
    defsig_cppl_inner.o(.text) refers to defsig_general.o(.text) for __default_signal_display
    defsig_segv_inner.o(.text) refers to defsig_general.o(.text) for __default_signal_display
    defsig_other.o(.text) refers to defsig_general.o(.text) for __default_signal_display


==============================================================================

Removing Unused input sections from the image.

    Removing main.o(.text), (0 bytes).
    Removing main.o(.ARM.exidx.text.ADC0_IRQHandler), (8 bytes).
    Removing main.o(.ARM.exidx.text.__NVIC_EnableIRQ), (8 bytes).
    Removing main.o(.ARM.exidx.text.main), (8 bytes).
    Removing main.o(.data.volt_coeff), (4 bytes).
    Removing main.o(.bss.naz), (4 bytes).
    Removing main.o(.rodata.str1.4), (11 bytes).
    Removing main.o(.ARM.use_no_argv), (4 bytes).
    Removing spi.o(.text), (0 bytes).
    Removing spi.o(.ARM.exidx.text.SPI_Init), (8 bytes).
    Removing spi.o(.ARM.exidx.text.SPI_write), (8 bytes).
    Removing bitmap.o(.text), (0 bytes).
    Removing bitmap.o(.rodata.logo), (504 bytes).
    Removing font.o(.text), (0 bytes).
    Removing lcd.o(.text), (0 bytes).
    Removing lcd.o(.ARM.exidx.text.delay_ms), (8 bytes).
    Removing lcd.o(.ARM.exidx.text.lcd_setup), (8 bytes).
    Removing lcd.o(.ARM.exidx.text.lcd_reset), (8 bytes).
    Removing lcd.o(.ARM.exidx.text.lcd_cmd), (8 bytes).
    Removing lcd.o(.text.lcd_draw_bitmap), (20 bytes).
    Removing lcd.o(.ARM.exidx.text.lcd_draw_bitmap), (8 bytes).
    Removing lcd.o(.ARM.exidx.text.lcd_clear), (8 bytes).
    Removing lcd.o(.ARM.exidx.text.lcd_draw_text), (8 bytes).
    Removing lcd.o(.ARM.exidx.text.lcd_copy), (8 bytes).
    Removing buttons.o(.text), (0 bytes).
    Removing buttons.o(.ARM.exidx.text.PORTB_IRQHandler), (8 bytes).
    Removing buttons.o(.ARM.exidx.text.name_button), (8 bytes).
    Removing buttons.o(.ARM.exidx.text.set_v_name), (8 bytes).
    Removing buttons.o(.ARM.exidx.text.correct_button), (8 bytes).
    Removing buttons.o(.text.set_v_correct), (12 bytes).
    Removing buttons.o(.ARM.exidx.text.set_v_correct), (8 bytes).
    Removing buttons.o(.ARM.exidx.text.incorrect_button), (8 bytes).
    Removing buttons.o(.ARM.exidx.text.set_v_incorrect), (8 bytes).
    Removing buttons.o(.ARM.exidx.text.buttonsInitialize), (8 bytes).
    Removing buttons.o(.ARM.exidx.text.__NVIC_ClearPendingIRQ), (8 bytes).
    Removing buttons.o(.ARM.exidx.text.__NVIC_EnableIRQ), (8 bytes).
    Removing buttons.o(.ARM.exidx.text.__NVIC_SetPriority), (8 bytes).
    Removing tsi.o(.text), (0 bytes).
    Removing tsi.o(.ARM.exidx.text.TSI_Init), (8 bytes).
    Removing tsi.o(.ARM.exidx.text.__NVIC_SetPriority), (8 bytes).
    Removing tsi.o(.ARM.exidx.text.__NVIC_ClearPendingIRQ), (8 bytes).
    Removing tsi.o(.ARM.exidx.text.__NVIC_EnableIRQ), (8 bytes).
    Removing tsi.o(.ARM.exidx.text.self_calibration), (8 bytes).
    Removing tsi.o(.text.TSI_ReadSlider), (84 bytes).
    Removing tsi.o(.ARM.exidx.text.TSI_ReadSlider), (8 bytes).
    Removing tsi.o(.ARM.exidx.text.change_electrode), (8 bytes).
    Removing tsi.o(.ARM.exidx.text.TSI0_IRQHandler), (8 bytes).
    Removing adc.o(.text), (0 bytes).
    Removing adc.o(.ARM.exidx.text.ADC_Init), (8 bytes).
    Removing adc.o(.ARM.exidx.text.__NVIC_ClearPendingIRQ), (8 bytes).
    Removing adc.o(.ARM.exidx.text.__NVIC_EnableIRQ), (8 bytes).
    Removing system_mkl05z4.o(.text), (0 bytes).
    Removing system_mkl05z4.o(.ARM.exidx.text.SystemInit), (8 bytes).
    Removing system_mkl05z4.o(.text.SystemCoreClockUpdate), (184 bytes).
    Removing system_mkl05z4.o(.ARM.exidx.text.SystemCoreClockUpdate), (8 bytes).
    Removing system_mkl05z4.o(.data.SystemCoreClock), (4 bytes).

56 unused section(s) (total 1127 bytes) removed from the image.

==============================================================================

Image Symbol Table

    Local Symbols

    Symbol Name                              Value     Ov Type        Size  Object(Section)

    ../clib/angel/boardlib.s                 0x00000000   Number         0  boardinit1.o ABSOLUTE
    ../clib/angel/boardlib.s                 0x00000000   Number         0  boardinit2.o ABSOLUTE
    ../clib/angel/boardlib.s                 0x00000000   Number         0  boardinit3.o ABSOLUTE
    ../clib/angel/boardlib.s                 0x00000000   Number         0  boardshut.o ABSOLUTE
    ../clib/angel/handlers.s                 0x00000000   Number         0  __scatter_copy.o ABSOLUTE
    ../clib/angel/handlers.s                 0x00000000   Number         0  __scatter_zi.o ABSOLUTE
    ../clib/angel/kernel.s                   0x00000000   Number         0  __rtentry.o ABSOLUTE
    ../clib/angel/kernel.s                   0x00000000   Number         0  __rtentry2.o ABSOLUTE
    ../clib/angel/kernel.s                   0x00000000   Number         0  __rtentry4.o ABSOLUTE
    ../clib/angel/kernel.s                   0x00000000   Number         0  rtexit.o ABSOLUTE
    ../clib/angel/kernel.s                   0x00000000   Number         0  rtexit2.o ABSOLUTE
    ../clib/angel/rt.s                       0x00000000   Number         0  aeabi_idiv0.o ABSOLUTE
    ../clib/angel/rt.s                       0x00000000   Number         0  aeabi_idiv0_sigfpe.o ABSOLUTE
    ../clib/angel/rt.s                       0x00000000   Number         0  rt_div0.o ABSOLUTE
    ../clib/angel/rt.s                       0x00000000   Number         0  rt_raise.o ABSOLUTE
    ../clib/angel/scatterp.s                 0x00000000   Number         0  __scatter.o ABSOLUTE
    ../clib/angel/startup.s                  0x00000000   Number         0  __main.o ABSOLUTE
    ../clib/angel/sys.s                      0x00000000   Number         0  sys_stackheap_outer.o ABSOLUTE
    ../clib/angel/sys.s                      0x00000000   Number         0  libspace.o ABSOLUTE
    ../clib/angel/sys.s                      0x00000000   Number         0  tempstk.o ABSOLUTE
    ../clib/angel/sys.s                      0x00000000   Number         0  use_no_semi.o ABSOLUTE
    ../clib/angel/sys.s                      0x00000000   Number         0  indicate_semi.o ABSOLUTE
    ../clib/angel/sysapp.c                   0x00000000   Number         0  sys_exit.o ABSOLUTE
    ../clib/angel/sysapp.c                   0x00000000   Number         0  sys_exit_hlt.o ABSOLUTE
    ../clib/angel/sysapp.c                   0x00000000   Number         0  sys_wrch.o ABSOLUTE
    ../clib/angel/sysapp.c                   0x00000000   Number         0  sys_wrch_hlt.o ABSOLUTE
    ../clib/angel/sysapp.c                   0x00000000   Number         0  sys_command.o ABSOLUTE
    ../clib/angel/sysapp.c                   0x00000000   Number         0  sys_command_hlt.o ABSOLUTE
    ../clib/armsys.c                         0x00000000   Number         0  argv_veneer.o ABSOLUTE
    ../clib/armsys.c                         0x00000000   Number         0  _get_argv_nomalloc.o ABSOLUTE
    ../clib/armsys.c                         0x00000000   Number         0  no_argv.o ABSOLUTE
    ../clib/division.s                       0x00000000   Number         0  aeabi_sdivfast.o ABSOLUTE
    ../clib/division.s                       0x00000000   Number         0  aeabi_sdivfast_div0.o ABSOLUTE
    ../clib/heapalloc.c                      0x00000000   Number         0  hrguard.o ABSOLUTE
    ../clib/heapaux.c                        0x00000000   Number         0  heapauxi.o ABSOLUTE
    ../clib/libinit.s                        0x00000000   Number         0  libinit.o ABSOLUTE
    ../clib/libinit.s                        0x00000000   Number         0  libinit2.o ABSOLUTE
    ../clib/libinit.s                        0x00000000   Number         0  libshutdown.o ABSOLUTE
    ../clib/libinit.s                        0x00000000   Number         0  libshutdown2.o ABSOLUTE
    ../clib/memcpset.c                       0x00000000   Number         0  rt_memcpy.o ABSOLUTE
    ../clib/memcpset.c                       0x00000000   Number         0  rt_memcpy.o ABSOLUTE
    ../clib/memcpset.c                       0x00000000   Number         0  rt_memclr.o ABSOLUTE
    ../clib/printf.c                         0x00000000   Number         0  __2sprintf.o ABSOLUTE
    ../clib/printf.c                         0x00000000   Number         0  noretval__2sprintf.o ABSOLUTE
    ../clib/printf.c                         0x00000000   Number         0  __printf.o ABSOLUTE
    ../clib/printf.c                         0x00000000   Number         0  _printf_str.o ABSOLUTE
    ../clib/printf.c                         0x00000000   Number         0  __printf_flags.o ABSOLUTE
    ../clib/printf.c                         0x00000000   Number         0  __printf_ss.o ABSOLUTE
    ../clib/printf.c                         0x00000000   Number         0  __printf_flags_ss.o ABSOLUTE
    ../clib/printf.c                         0x00000000   Number         0  __printf_wp.o ABSOLUTE
    ../clib/printf.c                         0x00000000   Number         0  __printf_flags_wp.o ABSOLUTE
    ../clib/printf.c                         0x00000000   Number         0  __printf_ss_wp.o ABSOLUTE
    ../clib/printf.c                         0x00000000   Number         0  __printf_flags_ss_wp.o ABSOLUTE
    ../clib/printf.c                         0x00000000   Number         0  _printf_char_common.o ABSOLUTE
    ../clib/printf.c                         0x00000000   Number         0  _sputc.o ABSOLUTE
    ../clib/printf.c                         0x00000000   Number         0  _printf_char.o ABSOLUTE
    ../clib/printf.c                         0x00000000   Number         0  __printf_nopercent.o ABSOLUTE
    ../clib/printf_percent.s                 0x00000000   Number         0  _printf_s.o ABSOLUTE
    ../clib/printf_percent.s                 0x00000000   Number         0  _printf_percent.o ABSOLUTE
    ../clib/printf_percent.s                 0x00000000   Number         0  _printf_percent_end.o ABSOLUTE
    ../clib/signal.c                         0x00000000   Number         0  defsig_fpe_outer.o ABSOLUTE
    ../clib/signal.c                         0x00000000   Number         0  defsig_fpe_formal.o ABSOLUTE
    ../clib/signal.c                         0x00000000   Number         0  defsig_exit.o ABSOLUTE
    ../clib/signal.c                         0x00000000   Number         0  defsig_fpe_inner.o ABSOLUTE
    ../clib/signal.c                         0x00000000   Number         0  __raise.o ABSOLUTE
    ../clib/signal.c                         0x00000000   Number         0  defsig_general.o ABSOLUTE
    ../clib/signal.c                         0x00000000   Number         0  defsig_abrt_inner.o ABSOLUTE
    ../clib/signal.c                         0x00000000   Number         0  defsig_rtred_inner.o ABSOLUTE
    ../clib/signal.c                         0x00000000   Number         0  defsig_rtmem_inner.o ABSOLUTE
    ../clib/signal.c                         0x00000000   Number         0  defsig_rtmem_outer.o ABSOLUTE
    ../clib/signal.c                         0x00000000   Number         0  defsig_rtmem_formal.o ABSOLUTE
    ../clib/signal.c                         0x00000000   Number         0  defsig_stak_inner.o ABSOLUTE
    ../clib/signal.c                         0x00000000   Number         0  defsig_pvfn_inner.o ABSOLUTE
    ../clib/signal.c                         0x00000000   Number         0  defsig_cppl_inner.o ABSOLUTE
    ../clib/signal.c                         0x00000000   Number         0  defsig_segv_inner.o ABSOLUTE
    ../clib/signal.c                         0x00000000   Number         0  defsig_other.o ABSOLUTE
    ../clib/signal.s                         0x00000000   Number         0  defsig.o ABSOLUTE
    ../clib/stdlib.c                         0x00000000   Number         0  exit.o ABSOLUTE
    ../fplib/cfplib/ffix.c                   0x00000000   Number         0  ffixi.o ABSOLUTE
    ../fplib/cfplib/fflt.c                   0x00000000   Number         0  fflti.o ABSOLUTE
    ../fplib/cfplib/fpinit.c                 0x00000000   Number         0  fpinit.o ABSOLUTE
    ../fplib/usenofp.s                       0x00000000   Number         0  usenofp.o ABSOLUTE
    ADC.c                                    0x00000000   Number         0  adc.o ABSOLUTE
    RTE/Device/MKL05Z32xxx4/startup_MKL05Z4.s 0x00000000   Number         0  startup_mkl05z4.o ABSOLUTE
    SPI.c                                    0x00000000   Number         0  spi.o ABSOLUTE
    bitmap.c                                 0x00000000   Number         0  bitmap.o ABSOLUTE
    buttons.c                                0x00000000   Number         0  buttons.o ABSOLUTE
    dc.s                                     0x00000000   Number         0  dc.o ABSOLUTE
    font.c                                   0x00000000   Number         0  font.o ABSOLUTE
    lcd.c                                    0x00000000   Number         0  lcd.o ABSOLUTE
    main.c                                   0x00000000   Number         0  main.o ABSOLUTE
    system_MKL05Z4.c                         0x00000000   Number         0  system_mkl05z4.o ABSOLUTE
    tsi.c                                    0x00000000   Number         0  tsi.o ABSOLUTE
    RESET                                    0x00000000   Section      192  startup_mkl05z4.o(RESET)
    !!!main                                  0x000000c0   Section        8  __main.o(!!!main)
    !!!scatter                               0x000000c8   Section       60  __scatter.o(!!!scatter)
    !!handler_copy                           0x00000104   Section       26  __scatter_copy.o(!!handler_copy)
    !!handler_zi                             0x00000120   Section       28  __scatter_zi.o(!!handler_zi)
    .ARM.Collect$$_printf_percent$$00000000  0x0000013c   Section        2  _printf_percent.o(.ARM.Collect$$_printf_percent$$00000000)
    .ARM.Collect$$_printf_percent$$00000014  0x0000013e   Section       10  _printf_s.o(.ARM.Collect$$_printf_percent$$00000014)
    .ARM.Collect$$_printf_percent$$00000017  0x00000148   Section        4  _printf_percent_end.o(.ARM.Collect$$_printf_percent$$00000017)
    .ARM.Collect$$libinit$$00000000          0x0000014c   Section        2  libinit.o(.ARM.Collect$$libinit$$00000000)
    .ARM.Collect$$libinit$$00000002          0x0000014e   Section        0  libinit2.o(.ARM.Collect$$libinit$$00000002)
    .ARM.Collect$$libinit$$00000004          0x0000014e   Section        0  libinit2.o(.ARM.Collect$$libinit$$00000004)
    .ARM.Collect$$libinit$$0000000A          0x0000014e   Section        0  libinit2.o(.ARM.Collect$$libinit$$0000000A)
    .ARM.Collect$$libinit$$0000000C          0x0000014e   Section        0  libinit2.o(.ARM.Collect$$libinit$$0000000C)
    .ARM.Collect$$libinit$$0000000E          0x0000014e   Section        0  libinit2.o(.ARM.Collect$$libinit$$0000000E)
    .ARM.Collect$$libinit$$00000011          0x0000014e   Section        0  libinit2.o(.ARM.Collect$$libinit$$00000011)
    .ARM.Collect$$libinit$$00000013          0x0000014e   Section        0  libinit2.o(.ARM.Collect$$libinit$$00000013)
    .ARM.Collect$$libinit$$00000015          0x0000014e   Section        0  libinit2.o(.ARM.Collect$$libinit$$00000015)
    .ARM.Collect$$libinit$$00000017          0x0000014e   Section        0  libinit2.o(.ARM.Collect$$libinit$$00000017)
    .ARM.Collect$$libinit$$00000019          0x0000014e   Section        0  libinit2.o(.ARM.Collect$$libinit$$00000019)
    .ARM.Collect$$libinit$$0000001B          0x0000014e   Section        0  libinit2.o(.ARM.Collect$$libinit$$0000001B)
    .ARM.Collect$$libinit$$0000001D          0x0000014e   Section        0  libinit2.o(.ARM.Collect$$libinit$$0000001D)
    .ARM.Collect$$libinit$$0000001F          0x0000014e   Section        0  libinit2.o(.ARM.Collect$$libinit$$0000001F)
    .ARM.Collect$$libinit$$00000021          0x0000014e   Section        0  libinit2.o(.ARM.Collect$$libinit$$00000021)
    .ARM.Collect$$libinit$$00000023          0x0000014e   Section        0  libinit2.o(.ARM.Collect$$libinit$$00000023)
    .ARM.Collect$$libinit$$00000025          0x0000014e   Section        0  libinit2.o(.ARM.Collect$$libinit$$00000025)
    .ARM.Collect$$libinit$$0000002C          0x0000014e   Section        0  libinit2.o(.ARM.Collect$$libinit$$0000002C)
    .ARM.Collect$$libinit$$0000002E          0x0000014e   Section        0  libinit2.o(.ARM.Collect$$libinit$$0000002E)
    .ARM.Collect$$libinit$$00000030          0x0000014e   Section        0  libinit2.o(.ARM.Collect$$libinit$$00000030)
    .ARM.Collect$$libinit$$00000032          0x0000014e   Section        0  libinit2.o(.ARM.Collect$$libinit$$00000032)
    .ARM.Collect$$libinit$$00000033          0x0000014e   Section        2  libinit2.o(.ARM.Collect$$libinit$$00000033)
    .ARM.Collect$$libshutdown$$00000000      0x00000150   Section        2  libshutdown.o(.ARM.Collect$$libshutdown$$00000000)
    .ARM.Collect$$libshutdown$$00000002      0x00000152   Section        0  libshutdown2.o(.ARM.Collect$$libshutdown$$00000002)
    .ARM.Collect$$libshutdown$$00000004      0x00000152   Section        0  libshutdown2.o(.ARM.Collect$$libshutdown$$00000004)
    .ARM.Collect$$libshutdown$$00000007      0x00000152   Section        0  libshutdown2.o(.ARM.Collect$$libshutdown$$00000007)
    .ARM.Collect$$libshutdown$$0000000A      0x00000152   Section        0  libshutdown2.o(.ARM.Collect$$libshutdown$$0000000A)
    .ARM.Collect$$libshutdown$$0000000C      0x00000152   Section        0  libshutdown2.o(.ARM.Collect$$libshutdown$$0000000C)
    .ARM.Collect$$libshutdown$$0000000F      0x00000152   Section        0  libshutdown2.o(.ARM.Collect$$libshutdown$$0000000F)
    .ARM.Collect$$libshutdown$$00000010      0x00000152   Section        2  libshutdown2.o(.ARM.Collect$$libshutdown$$00000010)
    .ARM.Collect$$rtentry$$00000000          0x00000154   Section        0  __rtentry.o(.ARM.Collect$$rtentry$$00000000)
    .ARM.Collect$$rtentry$$00000002          0x00000154   Section        0  __rtentry2.o(.ARM.Collect$$rtentry$$00000002)
    .ARM.Collect$$rtentry$$00000004          0x00000154   Section        6  __rtentry4.o(.ARM.Collect$$rtentry$$00000004)
    .ARM.Collect$$rtentry$$00000009          0x0000015a   Section        0  __rtentry2.o(.ARM.Collect$$rtentry$$00000009)
    .ARM.Collect$$rtentry$$0000000A          0x0000015a   Section        4  __rtentry2.o(.ARM.Collect$$rtentry$$0000000A)
    .ARM.Collect$$rtentry$$0000000C          0x0000015e   Section        0  __rtentry2.o(.ARM.Collect$$rtentry$$0000000C)
    .ARM.Collect$$rtentry$$0000000D          0x0000015e   Section        8  __rtentry2.o(.ARM.Collect$$rtentry$$0000000D)
    .ARM.Collect$$rtexit$$00000000           0x00000166   Section        2  rtexit.o(.ARM.Collect$$rtexit$$00000000)
    .ARM.Collect$$rtexit$$00000002           0x00000168   Section        0  rtexit2.o(.ARM.Collect$$rtexit$$00000002)
    .ARM.Collect$$rtexit$$00000003           0x00000168   Section        4  rtexit2.o(.ARM.Collect$$rtexit$$00000003)
    .ARM.Collect$$rtexit$$00000004           0x0000016c   Section        6  rtexit2.o(.ARM.Collect$$rtexit$$00000004)
    .text                                    0x00000174   Section       52  startup_mkl05z4.o(.text)
    .text                                    0x000001a8   Section        0  noretval__2sprintf.o(.text)
    .text                                    0x000001d0   Section        0  __printf.o(.text)
    .text                                    0x0000023c   Section        0  _printf_str.o(.text)
    .text                                    0x0000028e   Section        0  rt_memclr.o(.text)
    .text                                    0x000002ce   Section        0  heapauxi.o(.text)
    .text                                    0x000002d4   Section        0  ffixi.o(.text)
    .text                                    0x00000320   Section        0  fflti.o(.text)
    _printf_input_char                       0x00000381   Thumb Code    10  _printf_char_common.o(.text)
    .text                                    0x00000380   Section        0  _printf_char_common.o(.text)
    .text                                    0x000003b0   Section        0  _sputc.o(.text)
    .text                                    0x000003ba   Section        0  _printf_char.o(.text)
    .text                                    0x000003e8   Section        0  exit.o(.text)
    .text                                    0x000003f8   Section        8  libspace.o(.text)
    .ARM.__at_0x400                          0x00000400   Section       16  startup_mkl05z4.o(.ARM.__at_0x400)
    .text                                    0x00000410   Section       62  sys_stackheap_outer.o(.text)
    .text                                    0x00000450   Section        0  sys_exit.o(.text)
    .text                                    0x0000045c   Section        2  use_no_semi.o(.text)
    .text                                    0x0000045e   Section        0  indicate_semi.o(.text)
    [Anonymous Symbol]                       0x00000460   Section        0  main.o(.text.ADC0_IRQHandler)
    __arm_cp.0_0                             0x0000048c   Number         4  main.o(.text.ADC0_IRQHandler)
    __arm_cp.0_1                             0x00000490   Number         4  main.o(.text.ADC0_IRQHandler)
    __arm_cp.0_2                             0x00000494   Number         4  main.o(.text.ADC0_IRQHandler)
    __arm_cp.0_3                             0x00000498   Number         4  main.o(.text.ADC0_IRQHandler)
    [Anonymous Symbol]                       0x0000049c   Section        0  adc.o(.text.ADC_Init)
    __arm_cp.0_1                             0x00000544   Number         4  adc.o(.text.ADC_Init)
    __arm_cp.0_2                             0x00000548   Number         4  adc.o(.text.ADC_Init)
    __arm_cp.0_3                             0x0000054c   Number         4  adc.o(.text.ADC_Init)
    [Anonymous Symbol]                       0x00000550   Section        0  buttons.o(.text.PORTB_IRQHandler)
    __arm_cp.0_0                             0x000005a4   Number         4  buttons.o(.text.PORTB_IRQHandler)
    __arm_cp.0_2                             0x000005a8   Number         4  buttons.o(.text.PORTB_IRQHandler)
    __arm_cp.0_3                             0x000005ac   Number         4  buttons.o(.text.PORTB_IRQHandler)
    [Anonymous Symbol]                       0x000005b0   Section        0  spi.o(.text.SPI_Init)
    __arm_cp.0_0                             0x00000640   Number         4  spi.o(.text.SPI_Init)
    __arm_cp.0_1                             0x00000644   Number         4  spi.o(.text.SPI_Init)
    __arm_cp.0_2                             0x00000648   Number         4  spi.o(.text.SPI_Init)
    __arm_cp.0_3                             0x0000064c   Number         4  spi.o(.text.SPI_Init)
    __arm_cp.0_4                             0x00000650   Number         4  spi.o(.text.SPI_Init)
    [Anonymous Symbol]                       0x00000654   Section        0  spi.o(.text.SPI_write)
    __arm_cp.1_0                             0x00000678   Number         4  spi.o(.text.SPI_write)
    __arm_cp.1_1                             0x0000067c   Number         4  spi.o(.text.SPI_write)
    [Anonymous Symbol]                       0x00000680   Section        0  system_mkl05z4.o(.text.SystemInit)
    __arm_cp.0_0                             0x000006bc   Number         4  system_mkl05z4.o(.text.SystemInit)
    __arm_cp.0_1                             0x000006c0   Number         4  system_mkl05z4.o(.text.SystemInit)
    __arm_cp.0_2                             0x000006c4   Number         4  system_mkl05z4.o(.text.SystemInit)
    __arm_cp.0_3                             0x000006c8   Number         4  system_mkl05z4.o(.text.SystemInit)
    [Anonymous Symbol]                       0x000006cc   Section        0  tsi.o(.text.TSI0_IRQHandler)
    __arm_cp.7_0                             0x000006e4   Number         4  tsi.o(.text.TSI0_IRQHandler)
    [Anonymous Symbol]                       0x000006e8   Section        0  tsi.o(.text.TSI_Init)
    __arm_cp.0_1                             0x00000724   Number         4  tsi.o(.text.TSI_Init)
    __arm_cp.0_2                             0x00000728   Number         4  tsi.o(.text.TSI_Init)
    __arm_cp.0_3                             0x0000072c   Number         4  tsi.o(.text.TSI_Init)
    __arm_cp.0_4                             0x00000730   Number         4  tsi.o(.text.TSI_Init)
    __NVIC_ClearPendingIRQ                   0x00000735   Thumb Code    12  buttons.o(.text.__NVIC_ClearPendingIRQ)
    [Anonymous Symbol]                       0x00000734   Section        0  buttons.o(.text.__NVIC_ClearPendingIRQ)
    __NVIC_ClearPendingIRQ                   0x00000741   Thumb Code    12  tsi.o(.text.__NVIC_ClearPendingIRQ)
    [Anonymous Symbol]                       0x00000740   Section        0  tsi.o(.text.__NVIC_ClearPendingIRQ)
    __NVIC_ClearPendingIRQ                   0x0000074d   Thumb Code    16  adc.o(.text.__NVIC_ClearPendingIRQ)
    [Anonymous Symbol]                       0x0000074c   Section        0  adc.o(.text.__NVIC_ClearPendingIRQ)
    __arm_cp.1_0                             0x00000758   Number         4  adc.o(.text.__NVIC_ClearPendingIRQ)
    __NVIC_EnableIRQ                         0x0000075d   Thumb Code    12  main.o(.text.__NVIC_EnableIRQ)
    [Anonymous Symbol]                       0x0000075c   Section        0  main.o(.text.__NVIC_EnableIRQ)
    __NVIC_EnableIRQ                         0x00000769   Thumb Code    12  buttons.o(.text.__NVIC_EnableIRQ)
    [Anonymous Symbol]                       0x00000768   Section        0  buttons.o(.text.__NVIC_EnableIRQ)
    __NVIC_EnableIRQ                         0x00000775   Thumb Code    12  tsi.o(.text.__NVIC_EnableIRQ)
    [Anonymous Symbol]                       0x00000774   Section        0  tsi.o(.text.__NVIC_EnableIRQ)
    __NVIC_EnableIRQ                         0x00000781   Thumb Code    16  adc.o(.text.__NVIC_EnableIRQ)
    [Anonymous Symbol]                       0x00000780   Section        0  adc.o(.text.__NVIC_EnableIRQ)
    __arm_cp.2_0                             0x0000078c   Number         4  adc.o(.text.__NVIC_EnableIRQ)
    __NVIC_SetPriority                       0x00000791   Thumb Code    24  buttons.o(.text.__NVIC_SetPriority)
    [Anonymous Symbol]                       0x00000790   Section        0  buttons.o(.text.__NVIC_SetPriority)
    __arm_cp.10_0                            0x000007a4   Number         4  buttons.o(.text.__NVIC_SetPriority)
    __NVIC_SetPriority                       0x000007a9   Thumb Code    24  tsi.o(.text.__NVIC_SetPriority)
    [Anonymous Symbol]                       0x000007a8   Section        0  tsi.o(.text.__NVIC_SetPriority)
    __arm_cp.1_0                             0x000007bc   Number         4  tsi.o(.text.__NVIC_SetPriority)
    [Anonymous Symbol]                       0x000007c0   Section        0  buttons.o(.text.buttonsInitialize)
    __arm_cp.7_0                             0x00000858   Number         4  buttons.o(.text.buttonsInitialize)
    __arm_cp.7_1                             0x0000085c   Number         4  buttons.o(.text.buttonsInitialize)
    [Anonymous Symbol]                       0x00000860   Section        0  tsi.o(.text.change_electrode)
    __arm_cp.6_0                             0x000008a0   Number         4  tsi.o(.text.change_electrode)
    __arm_cp.6_2                             0x000008a4   Number         4  tsi.o(.text.change_electrode)
    __arm_cp.6_3                             0x000008a8   Number         4  tsi.o(.text.change_electrode)
    [Anonymous Symbol]                       0x000008ac   Section        0  buttons.o(.text.correct_button)
    __arm_cp.3_0                             0x000008b4   Number         4  buttons.o(.text.correct_button)
    [Anonymous Symbol]                       0x000008b8   Section        0  lcd.o(.text.delay_ms)
    __arm_cp.0_0                             0x000008e8   Number         4  lcd.o(.text.delay_ms)
    [Anonymous Symbol]                       0x000008ec   Section        0  buttons.o(.text.incorrect_button)
    __arm_cp.5_0                             0x000008f4   Number         4  buttons.o(.text.incorrect_button)
    [Anonymous Symbol]                       0x000008f8   Section        0  lcd.o(.text.lcd_clear)
    [Anonymous Symbol]                       0x00000908   Section        0  lcd.o(.text.lcd_cmd)
    __arm_cp.3_0                             0x0000091c   Number         4  lcd.o(.text.lcd_cmd)
    [Anonymous Symbol]                       0x00000920   Section        0  lcd.o(.text.lcd_copy)
    [Anonymous Symbol]                       0x00000940   Section        0  lcd.o(.text.lcd_draw_text)
    __arm_cp.6_0                             0x00000994   Number         4  lcd.o(.text.lcd_draw_text)
    __arm_cp.6_1                             0x00000998   Number         4  lcd.o(.text.lcd_draw_text)
    [Anonymous Symbol]                       0x0000099c   Section        0  lcd.o(.text.lcd_reset)
    __arm_cp.2_0                             0x000009bc   Number         4  lcd.o(.text.lcd_reset)
    [Anonymous Symbol]                       0x000009c0   Section        0  lcd.o(.text.lcd_setup)
    [Anonymous Symbol]                       0x000009f8   Section        0  main.o(.text.main)
    __arm_cp.2_1                             0x00000b24   Number         4  main.o(.text.main)
    __arm_cp.2_2                             0x00000b28   Number         4  main.o(.text.main)
    __arm_cp.2_3                             0x00000b2c   Number         4  main.o(.text.main)
    __arm_cp.2_4                             0x00000b30   Number         4  main.o(.text.main)
    __arm_cp.2_5                             0x00000b34   Number         4  main.o(.text.main)
    __arm_cp.2_6                             0x00000b38   Number         4  main.o(.text.main)
    __arm_cp.2_7                             0x00000b3c   Number         4  main.o(.text.main)
    [Anonymous Symbol]                       0x00000b60   Section        0  buttons.o(.text.name_button)
    [Anonymous Symbol]                       0x00000b68   Section        0  tsi.o(.text.self_calibration)
    __arm_cp.4_0                             0x00000c08   Number         4  tsi.o(.text.self_calibration)
    __arm_cp.4_1                             0x00000c0c   Number         4  tsi.o(.text.self_calibration)
    __arm_cp.4_2                             0x00000c10   Number         4  tsi.o(.text.self_calibration)
    [Anonymous Symbol]                       0x00000c14   Section        0  buttons.o(.text.set_v_incorrect)
    __arm_cp.6_0                             0x00000c1c   Number         4  buttons.o(.text.set_v_incorrect)
    [Anonymous Symbol]                       0x00000c20   Section        0  buttons.o(.text.set_v_name)
    __arm_cp.2_0                             0x00000c28   Number         4  buttons.o(.text.set_v_name)
    .text_divfast                            0x00000c2c   Section      502  aeabi_sdivfast.o(.text_divfast)
    x$fpl$usenofp                            0x00000e22   Section        0  usenofp.o(x$fpl$usenofp)
    [Anonymous Symbol]                       0x00000e24   Section        0  main.o(.rodata..L__const.main.znak)
    elec_array                               0x00000eb0   Data           2  tsi.o(.rodata.elec_array)
    [Anonymous Symbol]                       0x00000eb0   Section        0  tsi.o(.rodata.elec_array)
    .L.str                                   0x00001092   Data           2  main.o(.rodata.str1.1)
    [Anonymous Symbol]                       0x00001092   Section        0  main.o(.rodata.str1.1)
    .L.str.27                                0x00001094   Data           2  main.o(.rodata.str1.1)
    .L.str.28                                0x00001096   Data           2  main.o(.rodata.str1.1)
    .L.str.29                                0x00001098   Data           2  main.o(.rodata.str1.1)
    .L.str.1                                 0x0000109a   Data           2  main.o(.rodata.str1.1)
    .L.str.2                                 0x0000109c   Data           2  main.o(.rodata.str1.1)
    .L.str.3                                 0x0000109e   Data           2  main.o(.rodata.str1.1)
    .L.str.4                                 0x000010a0   Data           2  main.o(.rodata.str1.1)
    .L.str.5                                 0x000010a2   Data           2  main.o(.rodata.str1.1)
    .L.str.6                                 0x000010a4   Data           2  main.o(.rodata.str1.1)
    .L.str.7                                 0x000010a6   Data           2  main.o(.rodata.str1.1)
    .L.str.8                                 0x000010a8   Data           2  main.o(.rodata.str1.1)
    .L.str.9                                 0x000010aa   Data           2  main.o(.rodata.str1.1)
    .L.str.10                                0x000010ac   Data           2  main.o(.rodata.str1.1)
    .L.str.11                                0x000010ae   Data           2  main.o(.rodata.str1.1)
    .L.str.12                                0x000010b0   Data           2  main.o(.rodata.str1.1)
    .L.str.13                                0x000010b2   Data           2  main.o(.rodata.str1.1)
    .L.str.14                                0x000010b4   Data           2  main.o(.rodata.str1.1)
    .L.str.15                                0x000010b6   Data           2  main.o(.rodata.str1.1)
    .L.str.16                                0x000010b8   Data           2  main.o(.rodata.str1.1)
    .L.str.17                                0x000010ba   Data           2  main.o(.rodata.str1.1)
    .L.str.18                                0x000010bc   Data           2  main.o(.rodata.str1.1)
    .L.str.19                                0x000010be   Data           2  main.o(.rodata.str1.1)
    .L.str.20                                0x000010c0   Data           2  main.o(.rodata.str1.1)
    .L.str.21                                0x000010c2   Data           2  main.o(.rodata.str1.1)
    .L.str.22                                0x000010c4   Data           2  main.o(.rodata.str1.1)
    .L.str.23                                0x000010c6   Data           2  main.o(.rodata.str1.1)
    .L.str.24                                0x000010c8   Data           2  main.o(.rodata.str1.1)
    .L.str.25                                0x000010ca   Data           2  main.o(.rodata.str1.1)
    .L.str.26                                0x000010cc   Data           2  main.o(.rodata.str1.1)
    .bss                                     0x1ffffc08   Section       96  libspace.o(.bss)
    end_flag                                 0x1ffffc68   Data           1  tsi.o(.bss.end_flag)
    [Anonymous Symbol]                       0x1ffffc68   Section        0  tsi.o(.bss.end_flag)
    gu16Baseline                             0x1ffffc6a   Data           4  tsi.o(.bss.gu16Baseline)
    [Anonymous Symbol]                       0x1ffffc6a   Section        0  tsi.o(.bss.gu16Baseline)
    gu16Delta                                0x1ffffc6e   Data           4  tsi.o(.bss.gu16Delta)
    [Anonymous Symbol]                       0x1ffffc6e   Section        0  tsi.o(.bss.gu16Delta)
    ongoing_elec                             0x1ffffe6d   Data           1  tsi.o(.bss.ongoing_elec)
    [Anonymous Symbol]                       0x1ffffe6d   Section        0  tsi.o(.bss.ongoing_elec)
    Heap_Mem                                 0x1ffffe78   Data           0  startup_mkl05z4.o(HEAP)
    Stack_Mem                                0x1ffffe78   Data         256  startup_mkl05z4.o(STACK)
    HEAP                                     0x1ffffe78   Section        0  startup_mkl05z4.o(HEAP)
    STACK                                    0x1ffffe78   Section      256  startup_mkl05z4.o(STACK)
    __initial_sp                             0x1fffff78   Data           0  startup_mkl05z4.o(STACK)

    Global Symbols

    Symbol Name                              Value     Ov Type        Size  Object(Section)

    BuildAttributes$$THM_ISAv3M$S$PE$A:L22$X:L11$S22$IEEE1$IW$~IW$USESV6$~STKCKD$USESV7$~SHL$OTIME$ROPI$EBA8$UX$STANDARDLIB$REQ8$PRES8$EABIv2 0x00000000   Number         0  anon$$obj.o ABSOLUTE
    __Vectors                                0x00000000   Data           4  startup_mkl05z4.o(RESET)
    __ARM_exceptions_init                     - Undefined Weak Reference
    __alloca_initialize                       - Undefined Weak Reference
    __arm_preinit_                            - Undefined Weak Reference
    __cpp_initialize__aeabi_                  - Undefined Weak Reference
    __cxa_finalize                            - Undefined Weak Reference
    __rt_locale                               - Undefined Weak Reference
    __sigvec_lookup                           - Undefined Weak Reference
    _atexit_init                              - Undefined Weak Reference
    _call_atexit_fns                          - Undefined Weak Reference
    _clock_init                               - Undefined Weak Reference
    _fp_trap_init                             - Undefined Weak Reference
    _fp_trap_shutdown                         - Undefined Weak Reference
    _get_lc_collate                           - Undefined Weak Reference
    _get_lc_ctype                             - Undefined Weak Reference
    _get_lc_monetary                          - Undefined Weak Reference
    _get_lc_numeric                           - Undefined Weak Reference
    _get_lc_time                              - Undefined Weak Reference
    _getenv_init                              - Undefined Weak Reference
    _handle_redirection                       - Undefined Weak Reference
    _init_alloc                               - Undefined Weak Reference
    _init_user_alloc                          - Undefined Weak Reference
    _initio                                   - Undefined Weak Reference
    _printf_mbtowc                            - Undefined Weak Reference
    _printf_post_padding                      - Undefined Weak Reference
    _printf_pre_padding                       - Undefined Weak Reference
    _rand_init                                - Undefined Weak Reference
    _signal_finish                            - Undefined Weak Reference
    _signal_init                              - Undefined Weak Reference
    _terminate_alloc                          - Undefined Weak Reference
    _terminate_user_alloc                     - Undefined Weak Reference
    _terminateio                              - Undefined Weak Reference
    __Vectors_End                            0x000000c0   Data           0  startup_mkl05z4.o(RESET)
    __Vectors_Size                           0x000000c0   Number         0  startup_mkl05z4.o ABSOLUTE
    __main                                   0x000000c1   Thumb Code     8  __main.o(!!!main)
    __scatterload                            0x000000c9   Thumb Code     0  __scatter.o(!!!scatter)
    __scatterload_rt2                        0x000000c9   Thumb Code    52  __scatter.o(!!!scatter)
    __scatterload_rt2_thumb_only             0x000000c9   Thumb Code     0  __scatter.o(!!!scatter)
    __scatterload_null                       0x000000d9   Thumb Code     0  __scatter.o(!!!scatter)
    __scatterload_copy                       0x00000105   Thumb Code    26  __scatter_copy.o(!!handler_copy)
    __scatterload_zeroinit                   0x00000121   Thumb Code    28  __scatter_zi.o(!!handler_zi)
    _printf_percent                          0x0000013d   Thumb Code     0  _printf_percent.o(.ARM.Collect$$_printf_percent$$00000000)
    _printf_s                                0x0000013f   Thumb Code     0  _printf_s.o(.ARM.Collect$$_printf_percent$$00000014)
    _printf_percent_end                      0x00000149   Thumb Code     0  _printf_percent_end.o(.ARM.Collect$$_printf_percent$$00000017)
    __rt_lib_init                            0x0000014d   Thumb Code     0  libinit.o(.ARM.Collect$$libinit$$00000000)
    __rt_lib_init_alloca_1                   0x0000014f   Thumb Code     0  libinit2.o(.ARM.Collect$$libinit$$0000002E)
    __rt_lib_init_argv_1                     0x0000014f   Thumb Code     0  libinit2.o(.ARM.Collect$$libinit$$0000002C)
    __rt_lib_init_atexit_1                   0x0000014f   Thumb Code     0  libinit2.o(.ARM.Collect$$libinit$$0000001B)
    __rt_lib_init_clock_1                    0x0000014f   Thumb Code     0  libinit2.o(.ARM.Collect$$libinit$$00000021)
    __rt_lib_init_cpp_1                      0x0000014f   Thumb Code     0  libinit2.o(.ARM.Collect$$libinit$$00000032)
    __rt_lib_init_exceptions_1               0x0000014f   Thumb Code     0  libinit2.o(.ARM.Collect$$libinit$$00000030)
    __rt_lib_init_fp_1                       0x0000014f   Thumb Code     0  libinit2.o(.ARM.Collect$$libinit$$00000002)
    __rt_lib_init_fp_trap_1                  0x0000014f   Thumb Code     0  libinit2.o(.ARM.Collect$$libinit$$0000001F)
    __rt_lib_init_getenv_1                   0x0000014f   Thumb Code     0  libinit2.o(.ARM.Collect$$libinit$$00000023)
    __rt_lib_init_heap_1                     0x0000014f   Thumb Code     0  libinit2.o(.ARM.Collect$$libinit$$0000000A)
    __rt_lib_init_lc_collate_1               0x0000014f   Thumb Code     0  libinit2.o(.ARM.Collect$$libinit$$00000011)
    __rt_lib_init_lc_ctype_1                 0x0000014f   Thumb Code     0  libinit2.o(.ARM.Collect$$libinit$$00000013)
    __rt_lib_init_lc_monetary_1              0x0000014f   Thumb Code     0  libinit2.o(.ARM.Collect$$libinit$$00000015)
    __rt_lib_init_lc_numeric_1               0x0000014f   Thumb Code     0  libinit2.o(.ARM.Collect$$libinit$$00000017)
    __rt_lib_init_lc_time_1                  0x0000014f   Thumb Code     0  libinit2.o(.ARM.Collect$$libinit$$00000019)
    __rt_lib_init_preinit_1                  0x0000014f   Thumb Code     0  libinit2.o(.ARM.Collect$$libinit$$00000004)
    __rt_lib_init_rand_1                     0x0000014f   Thumb Code     0  libinit2.o(.ARM.Collect$$libinit$$0000000E)
    __rt_lib_init_return                     0x0000014f   Thumb Code     0  libinit2.o(.ARM.Collect$$libinit$$00000033)
    __rt_lib_init_signal_1                   0x0000014f   Thumb Code     0  libinit2.o(.ARM.Collect$$libinit$$0000001D)
    __rt_lib_init_stdio_1                    0x0000014f   Thumb Code     0  libinit2.o(.ARM.Collect$$libinit$$00000025)
    __rt_lib_init_user_alloc_1               0x0000014f   Thumb Code     0  libinit2.o(.ARM.Collect$$libinit$$0000000C)
    __rt_lib_shutdown                        0x00000151   Thumb Code     0  libshutdown.o(.ARM.Collect$$libshutdown$$00000000)
    __rt_lib_shutdown_cpp_1                  0x00000153   Thumb Code     0  libshutdown2.o(.ARM.Collect$$libshutdown$$00000002)
    __rt_lib_shutdown_fp_trap_1              0x00000153   Thumb Code     0  libshutdown2.o(.ARM.Collect$$libshutdown$$00000007)
    __rt_lib_shutdown_heap_1                 0x00000153   Thumb Code     0  libshutdown2.o(.ARM.Collect$$libshutdown$$0000000F)
    __rt_lib_shutdown_return                 0x00000153   Thumb Code     0  libshutdown2.o(.ARM.Collect$$libshutdown$$00000010)
    __rt_lib_shutdown_signal_1               0x00000153   Thumb Code     0  libshutdown2.o(.ARM.Collect$$libshutdown$$0000000A)
    __rt_lib_shutdown_stdio_1                0x00000153   Thumb Code     0  libshutdown2.o(.ARM.Collect$$libshutdown$$00000004)
    __rt_lib_shutdown_user_alloc_1           0x00000153   Thumb Code     0  libshutdown2.o(.ARM.Collect$$libshutdown$$0000000C)
    __rt_entry                               0x00000155   Thumb Code     0  __rtentry.o(.ARM.Collect$$rtentry$$00000000)
    __rt_entry_presh_1                       0x00000155   Thumb Code     0  __rtentry2.o(.ARM.Collect$$rtentry$$00000002)
    __rt_entry_sh                            0x00000155   Thumb Code     0  __rtentry4.o(.ARM.Collect$$rtentry$$00000004)
    __rt_entry_li                            0x0000015b   Thumb Code     0  __rtentry2.o(.ARM.Collect$$rtentry$$0000000A)
    __rt_entry_postsh_1                      0x0000015b   Thumb Code     0  __rtentry2.o(.ARM.Collect$$rtentry$$00000009)
    __rt_entry_main                          0x0000015f   Thumb Code     0  __rtentry2.o(.ARM.Collect$$rtentry$$0000000D)
    __rt_entry_postli_1                      0x0000015f   Thumb Code     0  __rtentry2.o(.ARM.Collect$$rtentry$$0000000C)
    __rt_exit                                0x00000167   Thumb Code     0  rtexit.o(.ARM.Collect$$rtexit$$00000000)
    __rt_exit_ls                             0x00000169   Thumb Code     0  rtexit2.o(.ARM.Collect$$rtexit$$00000003)
    __rt_exit_prels_1                        0x00000169   Thumb Code     0  rtexit2.o(.ARM.Collect$$rtexit$$00000002)
    __rt_exit_exit                           0x0000016d   Thumb Code     0  rtexit2.o(.ARM.Collect$$rtexit$$00000004)
    Reset_Handler                            0x00000175   Thumb Code     8  startup_mkl05z4.o(.text)
    NMI_Handler                              0x0000017d   Thumb Code     2  startup_mkl05z4.o(.text)
    HardFault_Handler                        0x0000017f   Thumb Code     2  startup_mkl05z4.o(.text)
    SVC_Handler                              0x00000181   Thumb Code     2  startup_mkl05z4.o(.text)
    PendSV_Handler                           0x00000183   Thumb Code     2  startup_mkl05z4.o(.text)
    SysTick_Handler                          0x00000185   Thumb Code     2  startup_mkl05z4.o(.text)
    CMP0_IRQHandler                          0x00000187   Thumb Code     0  startup_mkl05z4.o(.text)
    DAC0_IRQHandler                          0x00000187   Thumb Code     0  startup_mkl05z4.o(.text)
    DMA0_IRQHandler                          0x00000187   Thumb Code     0  startup_mkl05z4.o(.text)
    DMA1_IRQHandler                          0x00000187   Thumb Code     0  startup_mkl05z4.o(.text)
    DMA2_IRQHandler                          0x00000187   Thumb Code     0  startup_mkl05z4.o(.text)
    DMA3_IRQHandler                          0x00000187   Thumb Code     0  startup_mkl05z4.o(.text)
    DefaultISR                               0x00000187   Thumb Code     0  startup_mkl05z4.o(.text)
    FTFA_IRQHandler                          0x00000187   Thumb Code     0  startup_mkl05z4.o(.text)
    I2C0_IRQHandler                          0x00000187   Thumb Code     0  startup_mkl05z4.o(.text)
    LLW_IRQHandler                           0x00000187   Thumb Code     0  startup_mkl05z4.o(.text)
    LPTimer_IRQHandler                       0x00000187   Thumb Code     0  startup_mkl05z4.o(.text)
    LVD_LVW_IRQHandler                       0x00000187   Thumb Code     0  startup_mkl05z4.o(.text)
    MCG_IRQHandler                           0x00000187   Thumb Code     0  startup_mkl05z4.o(.text)
    PIT_IRQHandler                           0x00000187   Thumb Code     0  startup_mkl05z4.o(.text)
    PORTA_IRQHandler                         0x00000187   Thumb Code     0  startup_mkl05z4.o(.text)
    RTC_IRQHandler                           0x00000187   Thumb Code     0  startup_mkl05z4.o(.text)
    RTC_Seconds_IRQHandler                   0x00000187   Thumb Code     0  startup_mkl05z4.o(.text)
    Reserved20_IRQHandler                    0x00000187   Thumb Code     0  startup_mkl05z4.o(.text)
    Reserved25_IRQHandler                    0x00000187   Thumb Code     0  startup_mkl05z4.o(.text)
    Reserved27_IRQHandler                    0x00000187   Thumb Code     0  startup_mkl05z4.o(.text)
    Reserved29_IRQHandler                    0x00000187   Thumb Code     0  startup_mkl05z4.o(.text)
    Reserved30_IRQHandler                    0x00000187   Thumb Code     0  startup_mkl05z4.o(.text)
    Reserved35_IRQHandler                    0x00000187   Thumb Code     0  startup_mkl05z4.o(.text)
    Reserved39_IRQHandler                    0x00000187   Thumb Code     0  startup_mkl05z4.o(.text)
    Reserved40_IRQHandler                    0x00000187   Thumb Code     0  startup_mkl05z4.o(.text)
    Reserved45_IRQHandler                    0x00000187   Thumb Code     0  startup_mkl05z4.o(.text)
    SPI0_IRQHandler                          0x00000187   Thumb Code     0  startup_mkl05z4.o(.text)
    TPM0_IRQHandler                          0x00000187   Thumb Code     0  startup_mkl05z4.o(.text)
    TPM1_IRQHandler                          0x00000187   Thumb Code     0  startup_mkl05z4.o(.text)
    UART0_IRQHandler                         0x00000187   Thumb Code     0  startup_mkl05z4.o(.text)
    __user_initial_stackheap                 0x00000189   Thumb Code     0  startup_mkl05z4.o(.text)
    __2sprintf                               0x000001a9   Thumb Code    36  noretval__2sprintf.o(.text)
    __printf                                 0x000001d1   Thumb Code   108  __printf.o(.text)
    _printf_str                              0x0000023d   Thumb Code    82  _printf_str.o(.text)
    _memset_w                                0x0000028f   Thumb Code    26  rt_memclr.o(.text)
    _memset                                  0x000002a9   Thumb Code    30  rt_memclr.o(.text)
    __aeabi_memclr                           0x000002c7   Thumb Code     4  rt_memclr.o(.text)
    __rt_memclr                              0x000002c7   Thumb Code     0  rt_memclr.o(.text)
    __aeabi_memclr4                          0x000002cb   Thumb Code     0  rt_memclr.o(.text)
    __aeabi_memclr8                          0x000002cb   Thumb Code     0  rt_memclr.o(.text)
    __rt_memclr_w                            0x000002cb   Thumb Code     4  rt_memclr.o(.text)
    __use_two_region_memory                  0x000002cf   Thumb Code     2  heapauxi.o(.text)
    __rt_heap_escrow$2region                 0x000002d1   Thumb Code     2  heapauxi.o(.text)
    __rt_heap_expand$2region                 0x000002d3   Thumb Code     2  heapauxi.o(.text)
    __aeabi_f2iz                             0x000002d5   Thumb Code     0  ffixi.o(.text)
    _ffix                                    0x000002d5   Thumb Code    76  ffixi.o(.text)
    __aeabi_i2f_normalise                    0x00000321   Thumb Code    72  fflti.o(.text)
    __aeabi_i2f                              0x00000369   Thumb Code    16  fflti.o(.text)
    _fflt                                    0x00000369   Thumb Code     0  fflti.o(.text)
    __aeabi_ui2f                             0x00000379   Thumb Code     6  fflti.o(.text)
    _ffltu                                   0x00000379   Thumb Code     0  fflti.o(.text)
    _printf_char_common                      0x0000038b   Thumb Code    32  _printf_char_common.o(.text)
    _sputc                                   0x000003b1   Thumb Code    10  _sputc.o(.text)
    _printf_cs_common                        0x000003bb   Thumb Code    22  _printf_char.o(.text)
    _printf_char                             0x000003d1   Thumb Code    16  _printf_char.o(.text)
    _printf_string                           0x000003e1   Thumb Code     8  _printf_char.o(.text)
    exit                                     0x000003e9   Thumb Code    16  exit.o(.text)
    __user_libspace                          0x000003f9   Thumb Code     8  libspace.o(.text)
    __user_perproc_libspace                  0x000003f9   Thumb Code     0  libspace.o(.text)
    __user_perthread_libspace                0x000003f9   Thumb Code     0  libspace.o(.text)
    __user_setup_stackheap                   0x00000411   Thumb Code    62  sys_stackheap_outer.o(.text)
    _sys_exit                                0x00000451   Thumb Code     8  sys_exit.o(.text)
    __I$use$semihosting                      0x0000045d   Thumb Code     0  use_no_semi.o(.text)
    __use_no_semihosting_swi                 0x0000045d   Thumb Code     2  use_no_semi.o(.text)
    __semihosting_library_function           0x0000045f   Thumb Code     0  indicate_semi.o(.text)
    ADC0_IRQHandler                          0x00000461   Thumb Code    60  main.o(.text.ADC0_IRQHandler)
    ADC_Init                                 0x0000049d   Thumb Code   180  adc.o(.text.ADC_Init)
    PORTB_IRQHandler                         0x00000551   Thumb Code    96  buttons.o(.text.PORTB_IRQHandler)
    SPI_Init                                 0x000005b1   Thumb Code   164  spi.o(.text.SPI_Init)
    SPI_write                                0x00000655   Thumb Code    44  spi.o(.text.SPI_write)
    SystemInit                               0x00000681   Thumb Code    76  system_mkl05z4.o(.text.SystemInit)
    TSI0_IRQHandler                          0x000006cd   Thumb Code    28  tsi.o(.text.TSI0_IRQHandler)
    TSI_Init                                 0x000006e9   Thumb Code    76  tsi.o(.text.TSI_Init)
    buttonsInitialize                        0x000007c1   Thumb Code   160  buttons.o(.text.buttonsInitialize)
    change_electrode                         0x00000861   Thumb Code    76  tsi.o(.text.change_electrode)
    correct_button                           0x000008ad   Thumb Code    12  buttons.o(.text.correct_button)
    delay_ms                                 0x000008b9   Thumb Code    52  lcd.o(.text.delay_ms)
    incorrect_button                         0x000008ed   Thumb Code    12  buttons.o(.text.incorrect_button)
    lcd_clear                                0x000008f9   Thumb Code    16  lcd.o(.text.lcd_clear)
    lcd_cmd                                  0x00000909   Thumb Code    24  lcd.o(.text.lcd_cmd)
    lcd_copy                                 0x00000921   Thumb Code    32  lcd.o(.text.lcd_copy)
    lcd_draw_text                            0x00000941   Thumb Code    92  lcd.o(.text.lcd_draw_text)
    lcd_reset                                0x0000099d   Thumb Code    36  lcd.o(.text.lcd_reset)
    lcd_setup                                0x000009c1   Thumb Code    54  lcd.o(.text.lcd_setup)
    main                                     0x000009f9   Thumb Code   360  main.o(.text.main)
    name_button                              0x00000b61   Thumb Code     8  buttons.o(.text.name_button)
    self_calibration                         0x00000b69   Thumb Code   172  tsi.o(.text.self_calibration)
    set_v_incorrect                          0x00000c15   Thumb Code    12  buttons.o(.text.set_v_incorrect)
    set_v_name                               0x00000c21   Thumb Code    12  buttons.o(.text.set_v_name)
    __aeabi_uidiv                            0x00000c2d   Thumb Code    68  aeabi_sdivfast.o(.text_divfast)
    __aeabi_idiv                             0x00000c71   Thumb Code   434  aeabi_sdivfast.o(.text_divfast)
    __I$use$fp                               0x00000e22   Number         0  usenofp.o(x$fpl$usenofp)
    font_ASCII                               0x00000eb2   Data         480  font.o(.rodata.font_ASCII)
    Region$$Table$$Base                      0x000010d0   Number         0  anon$$obj.o(Region$$Table)
    Region$$Table$$Limit                     0x000010f0   Number         0  anon$$obj.o(Region$$Table)
    correct                                  0x1ffffc00   Data           1  buttons.o(.data.correct)
    __libspace_start                         0x1ffffc08   Data          96  libspace.o(.bss)
    __temporary_stack_top$libspace           0x1ffffc68   Data           0  libspace.o(.bss)
    incorrect                                0x1ffffc72   Data           1  buttons.o(.bss.incorrect)
    lcd_buffer                               0x1ffffc74   Data         504  lcd.o(.bss.lcd_buffer)
    name                                     0x1ffffe6c   Data           1  buttons.o(.bss.name)
    temp                                     0x1ffffe6e   Data           2  main.o(.bss.temp)
    wynik                                    0x1ffffe70   Data           4  main.o(.bss.wynik)
    wynik_ok                                 0x1ffffe74   Data           1  main.o(.bss.wynik_ok)



==============================================================================

Memory Map of the image

  Image Entry point : 0x00000175

  Load Region LR_1 (Base: 0x00000000, Size: 0x000010f4, Max: 0xffffffff, ABSOLUTE)

    Execution Region ER_RO (Exec base: 0x00000000, Load base: 0x00000000, Size: 0x000010f0, Max: 0xffffffff, ABSOLUTE)

    Exec Addr    Load Addr    Size         Type   Attr      Idx    E Section Name        Object

    0x00000000   0x00000000   0x000000c0   Data   RO          151    RESET               startup_mkl05z4.o
    0x000000c0   0x000000c0   0x00000008   Code   RO          222  * !!!main             c_p.l(__main.o)
    0x000000c8   0x000000c8   0x0000003c   Code   RO          411    !!!scatter          c_p.l(__scatter.o)
    0x00000104   0x00000104   0x0000001a   Code   RO          413    !!handler_copy      c_p.l(__scatter_copy.o)
    0x0000011e   0x0000011e   0x00000002   PAD
    0x00000120   0x00000120   0x0000001c   Code   RO          415    !!handler_zi        c_p.l(__scatter_zi.o)
    0x0000013c   0x0000013c   0x00000002   Code   RO          205    .ARM.Collect$$_printf_percent$$00000000  c_p.l(_printf_percent.o)
    0x0000013e   0x0000013e   0x0000000a   Code   RO          204    .ARM.Collect$$_printf_percent$$00000014  c_p.l(_printf_s.o)
    0x00000148   0x00000148   0x00000004   Code   RO          239    .ARM.Collect$$_printf_percent$$00000017  c_p.l(_printf_percent_end.o)
    0x0000014c   0x0000014c   0x00000002   Code   RO          274    .ARM.Collect$$libinit$$00000000  c_p.l(libinit.o)
    0x0000014e   0x0000014e   0x00000000   Code   RO          288    .ARM.Collect$$libinit$$00000002  c_p.l(libinit2.o)
    0x0000014e   0x0000014e   0x00000000   Code   RO          290    .ARM.Collect$$libinit$$00000004  c_p.l(libinit2.o)
    0x0000014e   0x0000014e   0x00000000   Code   RO          293    .ARM.Collect$$libinit$$0000000A  c_p.l(libinit2.o)
    0x0000014e   0x0000014e   0x00000000   Code   RO          295    .ARM.Collect$$libinit$$0000000C  c_p.l(libinit2.o)
    0x0000014e   0x0000014e   0x00000000   Code   RO          297    .ARM.Collect$$libinit$$0000000E  c_p.l(libinit2.o)
    0x0000014e   0x0000014e   0x00000000   Code   RO          300    .ARM.Collect$$libinit$$00000011  c_p.l(libinit2.o)
    0x0000014e   0x0000014e   0x00000000   Code   RO          302    .ARM.Collect$$libinit$$00000013  c_p.l(libinit2.o)
    0x0000014e   0x0000014e   0x00000000   Code   RO          304    .ARM.Collect$$libinit$$00000015  c_p.l(libinit2.o)
    0x0000014e   0x0000014e   0x00000000   Code   RO          306    .ARM.Collect$$libinit$$00000017  c_p.l(libinit2.o)
    0x0000014e   0x0000014e   0x00000000   Code   RO          308    .ARM.Collect$$libinit$$00000019  c_p.l(libinit2.o)
    0x0000014e   0x0000014e   0x00000000   Code   RO          310    .ARM.Collect$$libinit$$0000001B  c_p.l(libinit2.o)
    0x0000014e   0x0000014e   0x00000000   Code   RO          312    .ARM.Collect$$libinit$$0000001D  c_p.l(libinit2.o)
    0x0000014e   0x0000014e   0x00000000   Code   RO          314    .ARM.Collect$$libinit$$0000001F  c_p.l(libinit2.o)
    0x0000014e   0x0000014e   0x00000000   Code   RO          316    .ARM.Collect$$libinit$$00000021  c_p.l(libinit2.o)
    0x0000014e   0x0000014e   0x00000000   Code   RO          318    .ARM.Collect$$libinit$$00000023  c_p.l(libinit2.o)
    0x0000014e   0x0000014e   0x00000000   Code   RO          320    .ARM.Collect$$libinit$$00000025  c_p.l(libinit2.o)
    0x0000014e   0x0000014e   0x00000000   Code   RO          324    .ARM.Collect$$libinit$$0000002C  c_p.l(libinit2.o)
    0x0000014e   0x0000014e   0x00000000   Code   RO          326    .ARM.Collect$$libinit$$0000002E  c_p.l(libinit2.o)
    0x0000014e   0x0000014e   0x00000000   Code   RO          328    .ARM.Collect$$libinit$$00000030  c_p.l(libinit2.o)
    0x0000014e   0x0000014e   0x00000000   Code   RO          330    .ARM.Collect$$libinit$$00000032  c_p.l(libinit2.o)
    0x0000014e   0x0000014e   0x00000002   Code   RO          331    .ARM.Collect$$libinit$$00000033  c_p.l(libinit2.o)
    0x00000150   0x00000150   0x00000002   Code   RO          366    .ARM.Collect$$libshutdown$$00000000  c_p.l(libshutdown.o)
    0x00000152   0x00000152   0x00000000   Code   RO          394    .ARM.Collect$$libshutdown$$00000002  c_p.l(libshutdown2.o)
    0x00000152   0x00000152   0x00000000   Code   RO          396    .ARM.Collect$$libshutdown$$00000004  c_p.l(libshutdown2.o)
    0x00000152   0x00000152   0x00000000   Code   RO          399    .ARM.Collect$$libshutdown$$00000007  c_p.l(libshutdown2.o)
    0x00000152   0x00000152   0x00000000   Code   RO          402    .ARM.Collect$$libshutdown$$0000000A  c_p.l(libshutdown2.o)
    0x00000152   0x00000152   0x00000000   Code   RO          404    .ARM.Collect$$libshutdown$$0000000C  c_p.l(libshutdown2.o)
    0x00000152   0x00000152   0x00000000   Code   RO          407    .ARM.Collect$$libshutdown$$0000000F  c_p.l(libshutdown2.o)
    0x00000152   0x00000152   0x00000002   Code   RO          408    .ARM.Collect$$libshutdown$$00000010  c_p.l(libshutdown2.o)
    0x00000154   0x00000154   0x00000000   Code   RO          228    .ARM.Collect$$rtentry$$00000000  c_p.l(__rtentry.o)
    0x00000154   0x00000154   0x00000000   Code   RO          242    .ARM.Collect$$rtentry$$00000002  c_p.l(__rtentry2.o)
    0x00000154   0x00000154   0x00000006   Code   RO          254    .ARM.Collect$$rtentry$$00000004  c_p.l(__rtentry4.o)
    0x0000015a   0x0000015a   0x00000000   Code   RO          244    .ARM.Collect$$rtentry$$00000009  c_p.l(__rtentry2.o)
    0x0000015a   0x0000015a   0x00000004   Code   RO          245    .ARM.Collect$$rtentry$$0000000A  c_p.l(__rtentry2.o)
    0x0000015e   0x0000015e   0x00000000   Code   RO          247    .ARM.Collect$$rtentry$$0000000C  c_p.l(__rtentry2.o)
    0x0000015e   0x0000015e   0x00000008   Code   RO          248    .ARM.Collect$$rtentry$$0000000D  c_p.l(__rtentry2.o)
    0x00000166   0x00000166   0x00000002   Code   RO          279    .ARM.Collect$$rtexit$$00000000  c_p.l(rtexit.o)
    0x00000168   0x00000168   0x00000000   Code   RO          337    .ARM.Collect$$rtexit$$00000002  c_p.l(rtexit2.o)
    0x00000168   0x00000168   0x00000004   Code   RO          338    .ARM.Collect$$rtexit$$00000003  c_p.l(rtexit2.o)
    0x0000016c   0x0000016c   0x00000006   Code   RO          339    .ARM.Collect$$rtexit$$00000004  c_p.l(rtexit2.o)
    0x00000172   0x00000172   0x00000002   PAD
    0x00000174   0x00000174   0x00000034   Code   RO          153  * .text               startup_mkl05z4.o
    0x000001a8   0x000001a8   0x00000028   Code   RO          178    .text               c_p.l(noretval__2sprintf.o)
    0x000001d0   0x000001d0   0x0000006c   Code   RO          180    .text               c_p.l(__printf.o)
    0x0000023c   0x0000023c   0x00000052   Code   RO          182    .text               c_p.l(_printf_str.o)
    0x0000028e   0x0000028e   0x00000040   Code   RO          210    .text               c_p.l(rt_memclr.o)
    0x000002ce   0x000002ce   0x00000006   Code   RO          220    .text               c_p.l(heapauxi.o)
    0x000002d4   0x000002d4   0x0000004c   Code   RO          224    .text               fz_ps.l(ffixi.o)
    0x00000320   0x00000320   0x0000005e   Code   RO          226    .text               fz_ps.l(fflti.o)
    0x0000037e   0x0000037e   0x00000002   PAD
    0x00000380   0x00000380   0x00000030   Code   RO          233    .text               c_p.l(_printf_char_common.o)
    0x000003b0   0x000003b0   0x0000000a   Code   RO          235    .text               c_p.l(_sputc.o)
    0x000003ba   0x000003ba   0x0000002e   Code   RO          237    .text               c_p.l(_printf_char.o)
    0x000003e8   0x000003e8   0x00000010   Code   RO          263    .text               c_p.l(exit.o)
    0x000003f8   0x000003f8   0x00000008   Code   RO          275    .text               c_p.l(libspace.o)
    0x00000400   0x00000400   0x00000010   Code   RO          152    .ARM.__at_0x400     startup_mkl05z4.o
    0x00000410   0x00000410   0x0000003e   Code   RO          260    .text               c_p.l(sys_stackheap_outer.o)
    0x0000044e   0x0000044e   0x00000002   PAD
    0x00000450   0x00000450   0x0000000c   Code   RO          332    .text               c_p.l(sys_exit.o)
    0x0000045c   0x0000045c   0x00000002   Code   RO          355    .text               c_p.l(use_no_semi.o)
    0x0000045e   0x0000045e   0x00000000   Code   RO          357    .text               c_p.l(indicate_semi.o)
    0x0000045e   0x0000045e   0x00000002   PAD
    0x00000460   0x00000460   0x0000003c   Code   RO            2    .text.ADC0_IRQHandler  main.o
    0x0000049c   0x0000049c   0x000000b4   Code   RO          136    .text.ADC_Init      adc.o
    0x00000550   0x00000550   0x00000060   Code   RO           74    .text.PORTB_IRQHandler  buttons.o
    0x000005b0   0x000005b0   0x000000a4   Code   RO           25    .text.SPI_Init      spi.o
    0x00000654   0x00000654   0x0000002c   Code   RO           27    .text.SPI_write     spi.o
    0x00000680   0x00000680   0x0000004c   Code   RO          162    .text.SystemInit    system_mkl05z4.o
    0x000006cc   0x000006cc   0x0000001c   Code   RO          121    .text.TSI0_IRQHandler  tsi.o
    0x000006e8   0x000006e8   0x0000004c   Code   RO          107    .text.TSI_Init      tsi.o
    0x00000734   0x00000734   0x0000000c   Code   RO           90    .text.__NVIC_ClearPendingIRQ  buttons.o
    0x00000740   0x00000740   0x0000000c   Code   RO          111    .text.__NVIC_ClearPendingIRQ  tsi.o
    0x0000074c   0x0000074c   0x00000010   Code   RO          138    .text.__NVIC_ClearPendingIRQ  adc.o
    0x0000075c   0x0000075c   0x0000000c   Code   RO            4    .text.__NVIC_EnableIRQ  main.o
    0x00000768   0x00000768   0x0000000c   Code   RO           92    .text.__NVIC_EnableIRQ  buttons.o
    0x00000774   0x00000774   0x0000000c   Code   RO          113    .text.__NVIC_EnableIRQ  tsi.o
    0x00000780   0x00000780   0x00000010   Code   RO          140    .text.__NVIC_EnableIRQ  adc.o
    0x00000790   0x00000790   0x00000018   Code   RO           94    .text.__NVIC_SetPriority  buttons.o
    0x000007a8   0x000007a8   0x00000018   Code   RO          109    .text.__NVIC_SetPriority  tsi.o
    0x000007c0   0x000007c0   0x000000a0   Code   RO           88    .text.buttonsInitialize  buttons.o
    0x00000860   0x00000860   0x0000004c   Code   RO          119    .text.change_electrode  tsi.o
    0x000008ac   0x000008ac   0x0000000c   Code   RO           80    .text.correct_button  buttons.o
    0x000008b8   0x000008b8   0x00000034   Code   RO           49    .text.delay_ms      lcd.o
    0x000008ec   0x000008ec   0x0000000c   Code   RO           84    .text.incorrect_button  buttons.o
    0x000008f8   0x000008f8   0x00000010   Code   RO           59    .text.lcd_clear     lcd.o
    0x00000908   0x00000908   0x00000018   Code   RO           55    .text.lcd_cmd       lcd.o
    0x00000920   0x00000920   0x00000020   Code   RO           63    .text.lcd_copy      lcd.o
    0x00000940   0x00000940   0x0000005c   Code   RO           61    .text.lcd_draw_text  lcd.o
    0x0000099c   0x0000099c   0x00000024   Code   RO           53    .text.lcd_reset     lcd.o
    0x000009c0   0x000009c0   0x00000036   Code   RO           51    .text.lcd_setup     lcd.o
    0x000009f6   0x000009f6   0x00000002   PAD
    0x000009f8   0x000009f8   0x00000168   Code   RO            6    .text.main          main.o
    0x00000b60   0x00000b60   0x00000008   Code   RO           76    .text.name_button   buttons.o
    0x00000b68   0x00000b68   0x000000ac   Code   RO          115    .text.self_calibration  tsi.o
    0x00000c14   0x00000c14   0x0000000c   Code   RO           86    .text.set_v_incorrect  buttons.o
    0x00000c20   0x00000c20   0x0000000c   Code   RO           78    .text.set_v_name    buttons.o
    0x00000c2c   0x00000c2c   0x000001f6   Code   RO          213    .text_divfast       c_p.l(aeabi_sdivfast.o)
    0x00000e22   0x00000e22   0x00000000   Code   RO          240    x$fpl$usenofp       fz_ps.l(usenofp.o)
    0x00000e22   0x00000e22   0x00000002   PAD
    0x00000e24   0x00000e24   0x0000008c   Data   RO           14    .rodata..L__const.main.znak  main.o
    0x00000eb0   0x00000eb0   0x00000002   Data   RO          125    .rodata.elec_array  tsi.o
    0x00000eb2   0x00000eb2   0x000001e0   Data   RO           43    .rodata.font_ASCII  font.o
    0x00001092   0x00001092   0x0000003c   Data   RO           13    .rodata.str1.1      main.o
    0x000010ce   0x000010ce   0x00000002   PAD
    0x000010d0   0x000010d0   0x00000020   Data   RO          410    Region$$Table       anon$$obj.o


    Execution Region ER_RW (Exec base: 0x1ffffc00, Load base: 0x000010f0, Size: 0x00000004, Max: 0xffffffff, ABSOLUTE)

    Exec Addr    Load Addr    Size         Type   Attr      Idx    E Section Name        Object

    0x1ffffc00   0x000010f0   0x00000001   Data   RW           98    .data.correct       buttons.o


    Execution Region ER_ZI (Exec base: 0x1ffffc08, Load base: 0x000010f4, Size: 0x00000370, Max: 0xffffffff, ABSOLUTE)

    Exec Addr    Load Addr    Size         Type   Attr      Idx    E Section Name        Object

    0x1ffffc08        -       0x00000060   Zero   RW          276    .bss                c_p.l(libspace.o)
    0x1ffffc68        -       0x00000001   Zero   RW          123    .bss.end_flag       tsi.o
    0x1ffffc69   0x000010f4   0x00000001   PAD
    0x1ffffc6a        -       0x00000004   Zero   RW          126    .bss.gu16Baseline   tsi.o
    0x1ffffc6e        -       0x00000004   Zero   RW          124    .bss.gu16Delta      tsi.o
    0x1ffffc72        -       0x00000001   Zero   RW           97    .bss.incorrect      buttons.o
    0x1ffffc73   0x000010f4   0x00000001   PAD
    0x1ffffc74        -       0x000001f8   Zero   RW           65    .bss.lcd_buffer     lcd.o
    0x1ffffe6c        -       0x00000001   Zero   RW           96    .bss.name           buttons.o
    0x1ffffe6d        -       0x00000001   Zero   RW          127    .bss.ongoing_elec   tsi.o
    0x1ffffe6e        -       0x00000002   Zero   RW           11    .bss.temp           main.o
    0x1ffffe70        -       0x00000004   Zero   RW           12    .bss.wynik          main.o
    0x1ffffe74        -       0x00000001   Zero   RW            9    .bss.wynik_ok       main.o
    0x1ffffe75   0x000010f4   0x00000003   PAD
    0x1ffffe78        -       0x00000000   Zero   RW          150    HEAP                startup_mkl05z4.o
    0x1ffffe78        -       0x00000100   Zero   RW          149    STACK               startup_mkl05z4.o


==============================================================================

Image component sizes


      Code (inc. data)   RO Data    RW Data    ZI Data      Debug   Object Name

       212         20          0          0          0       3633   adc.o
       360         40          0          1          2       4649   buttons.o
         0          0        480          0          0        469   font.o
       306         20          0          0        504       2441   lcd.o
       432         88        200          0          7       3493   main.o
       208         28          0          0          0       2144   spi.o
        68         38        192          0        256        900   startup_mkl05z4.o
        76         16          0          0          0       2355   system_mkl05z4.o
       400         48          2          0         10       4764   tsi.o

    ----------------------------------------------------------------------
      2064        298        908          4        784      24848   Object Totals
         0          0         32          0          0          0   (incl. Generated)
         2          0          2          3          5          0   (incl. Padding)

    ----------------------------------------------------------------------

      Code (inc. data)   RO Data    RW Data    ZI Data      Debug   Library Member Name

         8          0          0          0          0         68   __main.o
       108          0          0          0          0         76   __printf.o
         0          0          0          0          0          0   __rtentry.o
        12          0          0          0          0          0   __rtentry2.o
         6          0          0          0          0          0   __rtentry4.o
        60          8          0          0          0          0   __scatter.o
        26          0          0          0          0          0   __scatter_copy.o
        28          0          0          0          0          0   __scatter_zi.o
        46          0          0          0          0        100   _printf_char.o
        48          6          0          0          0         88   _printf_char_common.o
         2          0          0          0          0          0   _printf_percent.o
         4          0          0          0          0          0   _printf_percent_end.o
        10          0          0          0          0          0   _printf_s.o
        82          0          0          0          0         72   _printf_str.o
        10          0          0          0          0         60   _sputc.o
       502          0          0          0          0         92   aeabi_sdivfast.o
        16          0          0          0          0         68   exit.o
         6          0          0          0          0        136   heapauxi.o
         0          0          0          0          0          0   indicate_semi.o
         2          0          0          0          0          0   libinit.o
         2          0          0          0          0          0   libinit2.o
         2          0          0          0          0          0   libshutdown.o
         2          0          0          0          0          0   libshutdown2.o
         8          4          0          0         96         68   libspace.o
        40          4          0          0          0         84   noretval__2sprintf.o
        64          0          0          0          0        108   rt_memclr.o
         2          0          0          0          0          0   rtexit.o
        10          0          0          0          0          0   rtexit2.o
        12          4          0          0          0         60   sys_exit.o
        62          0          0          0          0         80   sys_stackheap_outer.o
         2          0          0          0          0         68   use_no_semi.o
        76          0          0          0          0         68   ffixi.o
        94          0          0          0          0         92   fflti.o
         0          0          0          0          0          0   usenofp.o

    ----------------------------------------------------------------------
      1364         26          0          0         96       1388   Library Totals
        12          0          0          0          0          0   (incl. Padding)

    ----------------------------------------------------------------------

      Code (inc. data)   RO Data    RW Data    ZI Data      Debug   Library Name

      1182         26          0          0         96       1228   c_p.l
       170          0          0          0          0        160   fz_ps.l

    ----------------------------------------------------------------------
      1364         26          0          0         96       1388   Library Totals

    ----------------------------------------------------------------------

==============================================================================


      Code (inc. data)   RO Data    RW Data    ZI Data      Debug   

      3428        324        908          4        880      25600   Grand Totals
      3428        324        908          4        880      25600   ELF Image Totals
      3428        324        908          4          0          0   ROM Totals

==============================================================================

    Total RO  Size (Code + RO Data)                 4336 (   4.23kB)
    Total RW  Size (RW Data + ZI Data)               884 (   0.86kB)
    Total ROM Size (Code + RO Data + RW Data)       4340 (   4.24kB)

==============================================================================

