Component: ARM Compiler 6.14.1 Tool: armlink [5db06d00]

==============================================================================

Section Cross References

    lcd.o(.ARM.exidx.text.delay_ms) refers to lcd.o(.text.delay_ms) for [Anonymous Symbol]
    lcd.o(.text.lcd_setup) refers to spi.o(.text.SPI_Init) for SPI_Init
    lcd.o(.text.lcd_setup) refers to lcd.o(.text.lcd_reset) for lcd_reset
    lcd.o(.text.lcd_setup) refers to lcd.o(.text.lcd_cmd) for lcd_cmd
    lcd.o(.ARM.exidx.text.lcd_setup) refers to lcd.o(.text.lcd_setup) for [Anonymous Symbol]
    lcd.o(.text.lcd_reset) refers to lcd.o(.text.delay_ms) for delay_ms
    lcd.o(.ARM.exidx.text.lcd_reset) refers to lcd.o(.text.lcd_reset) for [Anonymous Symbol]
    lcd.o(.text.lcd_cmd) refers to spi.o(.text.SPI_write) for SPI_write
    lcd.o(.ARM.exidx.text.lcd_cmd) refers to lcd.o(.text.lcd_cmd) for [Anonymous Symbol]
    lcd.o(.text.lcd_draw_bitmap) refers to rt_memcpy.o(.text) for __aeabi_memcpy
    lcd.o(.text.lcd_draw_bitmap) refers to lcd.o(.bss.lcd_buffer) for lcd_buffer
    lcd.o(.ARM.exidx.text.lcd_draw_bitmap) refers to lcd.o(.text.lcd_draw_bitmap) for [Anonymous Symbol]
    lcd.o(.text.lcd_clear) refers to rt_memclr.o(.text) for __aeabi_memclr4
    lcd.o(.text.lcd_clear) refers to lcd.o(.bss.lcd_buffer) for lcd_buffer
    lcd.o(.ARM.exidx.text.lcd_clear) refers to lcd.o(.text.lcd_clear) for [Anonymous Symbol]
    lcd.o(.text.lcd_draw_text) refers to lcd.o(.bss.lcd_buffer) for lcd_buffer
    lcd.o(.text.lcd_draw_text) refers to font.o(.rodata.font_ASCII) for font_ASCII
    lcd.o(.ARM.exidx.text.lcd_draw_text) refers to lcd.o(.text.lcd_draw_text) for [Anonymous Symbol]
    lcd.o(.text.lcd_draw_pixel) refers to lcd.o(.bss.lcd_buffer) for lcd_buffer
    lcd.o(.ARM.exidx.text.lcd_draw_pixel) refers to lcd.o(.text.lcd_draw_pixel) for [Anonymous Symbol]
    lcd.o(.text.lcd_del_pixel) refers to lcd.o(.bss.lcd_buffer) for lcd_buffer
    lcd.o(.ARM.exidx.text.lcd_del_pixel) refers to lcd.o(.text.lcd_del_pixel) for [Anonymous Symbol]
    lcd.o(.text.lcd_draw_line_x_or_y) refers to lcd.o(.text.lcd_draw_pixel) for lcd_draw_pixel
    lcd.o(.ARM.exidx.text.lcd_draw_line_x_or_y) refers to lcd.o(.text.lcd_draw_line_x_or_y) for [Anonymous Symbol]
    lcd.o(.text.lcd_copy) refers to spi.o(.text.SPI_write) for SPI_write
    lcd.o(.text.lcd_copy) refers to lcd.o(.bss.lcd_buffer) for lcd_buffer
    lcd.o(.ARM.exidx.text.lcd_copy) refers to lcd.o(.text.lcd_copy) for [Anonymous Symbol]
    spi.o(.ARM.exidx.text.SPI_Init) refers to spi.o(.text.SPI_Init) for [Anonymous Symbol]
    spi.o(.text.SPI_write) refers to lcd.o(.text.delay_ms) for delay_ms
    spi.o(.ARM.exidx.text.SPI_write) refers to spi.o(.text.SPI_write) for [Anonymous Symbol]
    tsi.o(.text.TSI_Init) refers to tsi.o(.text.__NVIC_SetPriority) for __NVIC_SetPriority
    tsi.o(.text.TSI_Init) refers to tsi.o(.text.__NVIC_ClearPendingIRQ) for __NVIC_ClearPendingIRQ
    tsi.o(.text.TSI_Init) refers to tsi.o(.text.__NVIC_EnableIRQ) for __NVIC_EnableIRQ
    tsi.o(.text.TSI_Init) refers to tsi.o(.text.self_calibration) for self_calibration
    tsi.o(.ARM.exidx.text.TSI_Init) refers to tsi.o(.text.TSI_Init) for [Anonymous Symbol]
    tsi.o(.ARM.exidx.text.__NVIC_SetPriority) refers to tsi.o(.text.__NVIC_SetPriority) for [Anonymous Symbol]
    tsi.o(.ARM.exidx.text.__NVIC_ClearPendingIRQ) refers to tsi.o(.text.__NVIC_ClearPendingIRQ) for [Anonymous Symbol]
    tsi.o(.ARM.exidx.text.__NVIC_EnableIRQ) refers to tsi.o(.text.__NVIC_EnableIRQ) for [Anonymous Symbol]
    tsi.o(.text.self_calibration) refers to tsi.o(.rodata.elec_array) for [Anonymous Symbol]
    tsi.o(.text.self_calibration) refers to tsi.o(.bss.gu16Baseline) for [Anonymous Symbol]
    tsi.o(.ARM.exidx.text.self_calibration) refers to tsi.o(.text.self_calibration) for [Anonymous Symbol]
    tsi.o(.text.TSI_ReadSlider) refers to aeabi_sdivfast.o(.text_divfast) for __aeabi_uidiv
    tsi.o(.text.TSI_ReadSlider) refers to tsi.o(.bss.end_flag) for [Anonymous Symbol]
    tsi.o(.text.TSI_ReadSlider) refers to tsi.o(.bss.gu16Delta) for [Anonymous Symbol]
    tsi.o(.ARM.exidx.text.TSI_ReadSlider) refers to tsi.o(.text.TSI_ReadSlider) for [Anonymous Symbol]
    tsi.o(.text.change_electrode) refers to tsi.o(.bss.ongoing_elec) for [Anonymous Symbol]
    tsi.o(.text.change_electrode) refers to tsi.o(.bss.gu16Baseline) for [Anonymous Symbol]
    tsi.o(.text.change_electrode) refers to tsi.o(.bss.gu16Delta) for [Anonymous Symbol]
    tsi.o(.text.change_electrode) refers to tsi.o(.rodata.elec_array) for [Anonymous Symbol]
    tsi.o(.ARM.exidx.text.change_electrode) refers to tsi.o(.text.change_electrode) for [Anonymous Symbol]
    tsi.o(.text.TSI0_IRQHandler) refers to tsi.o(.text.change_electrode) for change_electrode
    tsi.o(.text.TSI0_IRQHandler) refers to tsi.o(.bss.end_flag) for [Anonymous Symbol]
    tsi.o(.ARM.exidx.text.TSI0_IRQHandler) refers to tsi.o(.text.TSI0_IRQHandler) for [Anonymous Symbol]
[...]
    .ARM.Collect$$libinit$$0000000A          0x00000158   Section        0  libinit2.o(.ARM.Collect$$libinit$$0000000A)
    .ARM.Collect$$libinit$$0000000C          0x00000158   Section        0  libinit2.o(.ARM.Collect$$libinit$$0000000C)
    .ARM.Collect$$libinit$$0000000E          0x00000158   Section        0  libinit2.o(.ARM.Collect$$libinit$$0000000E)
    .ARM.Collect$$libinit$$00000011          0x00000158   Section        0  libinit2.o(.ARM.Collect$$libinit$$00000011)
    .ARM.Collect$$libinit$$00000013          0x00000158   Section        0  libinit2.o(.ARM.Collect$$libinit$$00000013)
    .ARM.Collect$$libinit$$00000015          0x00000158   Section        0  libinit2.o(.ARM.Collect$$libinit$$00000015)
    .ARM.Collect$$libinit$$00000017          0x00000158   Section        0  libinit2.o(.ARM.Collect$$libinit$$00000017)
    .ARM.Collect$$libinit$$00000019          0x00000158   Section        0  libinit2.o(.ARM.Collect$$libinit$$00000019)
    .ARM.Collect$$libinit$$0000001B          0x00000158   Section        0  libinit2.o(.ARM.Collect$$libinit$$0000001B)
    .ARM.Collect$$libinit$$0000001D          0x00000158   Section        0  libinit2.o(.ARM.Collect$$libinit$$0000001D)
    .ARM.Collect$$libinit$$0000001F          0x00000158   Section        0  libinit2.o(.ARM.Collect$$libinit$$0000001F)
    .ARM.Collect$$libinit$$00000021          0x00000158   Section        0  libinit2.o(.ARM.Collect$$libinit$$00000021)
    .ARM.Collect$$libinit$$00000023          0x00000158   Section        0  libinit2.o(.ARM.Collect$$libinit$$00000023)
    .ARM.Collect$$libinit$$00000025          0x00000158   Section        0  libinit2.o(.ARM.Collect$$libinit$$00000025)
    .ARM.Collect$$libinit$$0000002C          0x00000158   Section        0  libinit2.o(.ARM.Collect$$libinit$$0000002C)
    .ARM.Collect$$libinit$$0000002E          0x00000158   Section        0  libinit2.o(.ARM.Collect$$libinit$$0000002E)
    .ARM.Collect$$libinit$$00000030          0x00000158   Section        0  libinit2.o(.ARM.Collect$$libinit$$00000030)
    .ARM.Collect$$libinit$$00000032          0x00000158   Section        0  libinit2.o(.ARM.Collect$$libinit$$00000032)
    .ARM.Collect$$libinit$$00000033          0x00000158   Section        2  libinit2.o(.ARM.Collect$$libinit$$00000033)
    .ARM.Collect$$libshutdown$$00000000      0x0000015a   Section        2  libshutdown.o(.ARM.Collect$$libshutdown$$00000000)
    .ARM.Collect$$libshutdown$$00000002      0x0000015c   Section        0  libshutdown2.o(.ARM.Collect$$libshutdown$$00000002)
    .ARM.Collect$$libshutdown$$00000004      0x0000015c   Section        0  libshutdown2.o(.ARM.Collect$$libshutdown$$00000004)
    .ARM.Collect$$libshutdown$$00000007      0x0000015c   Section        0  libshutdown2.o(.ARM.Collect$$libshutdown$$00000007)
    .ARM.Collect$$libshutdown$$0000000A      0x0000015c   Section        0  libshutdown2.o(.ARM.Collect$$libshutdown$$0000000A)
    .ARM.Collect$$libshutdown$$0000000C      0x0000015c   Section        0  libshutdown2.o(.ARM.Collect$$libshutdown$$0000000C)
    .ARM.Collect$$libshutdown$$0000000F      0x0000015c   Section        0  libshutdown2.o(.ARM.Collect$$libshutdown$$0000000F)
    .ARM.Collect$$libshutdown$$00000010      0x0000015c   Section        2  libshutdown2.o(.ARM.Collect$$libshutdown$$00000010)
    .ARM.Collect$$rtentry$$00000000          0x0000015e   Section        0  __rtentry.o(.ARM.Collect$$rtentry$$00000000)
    .ARM.Collect$$rtentry$$00000002          0x0000015e   Section        0  __rtentry2.o(.ARM.Collect$$rtentry$$00000002)
    .ARM.Collect$$rtentry$$00000004          0x0000015e   Section        6  __rtentry4.o(.ARM.Collect$$rtentry$$00000004)
    .ARM.Collect$$rtentry$$00000009          0x00000164   Section        0  __rtentry2.o(.ARM.Collect$$rtentry$$00000009)
    .ARM.Collect$$rtentry$$0000000A          0x00000164   Section        4  __rtentry2.o(.ARM.Collect$$rtentry$$0000000A)
    .ARM.Collect$$rtentry$$0000000C          0x00000168   Section        0  __rtentry2.o(.ARM.Collect$$rtentry$$0000000C)
    .ARM.Collect$$rtentry$$0000000D          0x00000168   Section        8  __rtentry2.o(.ARM.Collect$$rtentry$$0000000D)
    .ARM.Collect$$rtexit$$00000000           0x00000170   Section        2  rtexit.o(.ARM.Collect$$rtexit$$00000000)
    .ARM.Collect$$rtexit$$00000002           0x00000172   Section        0  rtexit2.o(.ARM.Collect$$rtexit$$00000002)
    .ARM.Collect$$rtexit$$00000003           0x00000172   Section        4  rtexit2.o(.ARM.Collect$$rtexit$$00000003)
    .ARM.Collect$$rtexit$$00000004           0x00000176   Section        6  rtexit2.o(.ARM.Collect$$rtexit$$00000004)
    .emb_text                                0x0000017c   Section       56  rt_memcpy.o(.emb_text)
    .text                                    0x000001b4   Section       52  startup_mkl05z4.o(.text)
    .text                                    0x000001e8   Section        0  noretval__2sprintf.o(.text)
    .text                                    0x00000210   Section        0  __printf.o(.text)
    .text                                    0x0000027c   Section        0  _printf_str.o(.text)
    .text                                    0x000002d0   Section        0  _printf_dec.o(.text)
    .text                                    0x0000033c   Section        0  rt_memcpy.o(.text)
    .text                                    0x000003be   Section        0  aeabi_memset4.o(.text)
    .text                                    0x000003d0   Section        0  heapauxi.o(.text)
    .text                                    0x000003d6   Section        0  _sputc.o(.text)
    .text                                    0x000003e0   Section        0  exit.o(.text)
    .text                                    0x000003f0   Section        8  libspace.o(.text)
    .text                                    0x000003f8   Section        2  use_no_semi.o(.text)
    elec_array                               0x000003fa   Data           2  tsi.o(.rodata.elec_array)
    [Anonymous Symbol]                       0x000003fa   Section        0  tsi.o(.rodata.elec_array)
    .text                                    0x000003fa   Section        0  indicate_semi.o(.text)
    x$fpl$usenofp                            0x000003fa   Section        0  usenofp.o(x$fpl$usenofp)
    .L.str                                   0x000003fc   Data           3  snake.o(.rodata.str1.1)
    [Anonymous Symbol]                       0x000003fc   Section        0  snake.o(.rodata.str1.1)
    .L.str.4                                 0x000003fd   Data           2  snake.o(.rodata.str1.1)
    .ARM.__at_0x400                          0x00000400   Section       16  startup_mkl05z4.o(.ARM.__at_0x400)
    .text                                    0x00000410   Section        0  rt_memclr.o(.text)
    .text                                    0x00000450   Section      504  aeabi_sdivfast.o(.text)
    .text                                    0x00000648   Section        0  ffixi.o(.text)
    .text                                    0x00000694   Section        0  fflti.o(.text)
    .text                                    0x000006f2   Section        0  _printf_intcommon.o(.text)
    _printf_input_char                       0x000007a5   Thumb Code    10  _printf_char_common.o(.text)
    .text                                    0x000007a4   Section        0  _printf_char_common.o(.text)
    .text                                    0x000007d4   Section        0  _printf_char.o(.text)
    .text                                    0x00000802   Section        0  rtudiv10.o(.text)
    .text                                    0x0000082a   Section       62  sys_stackheap_outer.o(.text)
    .text                                    0x00000868   Section        0  sys_exit.o(.text)
    [Anonymous Symbol]                       0x00000874   Section        0  player_name.o(.text.ADC0_IRQHandler)
    __arm_cp.3_0                             0x000008b8   Number         4  player_name.o(.text.ADC0_IRQHandler)
    __arm_cp.3_1                             0x000008bc   Number         4  player_name.o(.text.ADC0_IRQHandler)
    __arm_cp.3_2                             0x000008c0   Number         4  player_name.o(.text.ADC0_IRQHandler)
    __arm_cp.3_3                             0x000008c4   Number         4  player_name.o(.text.ADC0_IRQHandler)
    [Anonymous Symbol]                       0x000008c8   Section        0  adc.o(.text.ADC_Init)
    __arm_cp.0_0                             0x00000974   Number         4  adc.o(.text.ADC_Init)
    __arm_cp.0_1                             0x00000978   Number         4  adc.o(.text.ADC_Init)
    __arm_cp.0_2                             0x0000097c   Number         4  adc.o(.text.ADC_Init)
    __arm_cp.0_3                             0x00000980   Number         4  adc.o(.text.ADC_Init)
    [Anonymous Symbol]                       0x00000984   Section        0  buttons.o(.text.PORTB_IRQHandler)
    __arm_cp.0_0                             0x00000a2c   Number         4  buttons.o(.text.PORTB_IRQHandler)
    __arm_cp.0_1                             0x00000a30   Number         4  buttons.o(.text.PORTB_IRQHandler)
    __arm_cp.0_2                             0x00000a34   Number         4  buttons.o(.text.PORTB_IRQHandler)
    __arm_cp.0_3                             0x00000a38   Number         4  buttons.o(.text.PORTB_IRQHandler)
    __arm_cp.0_4                             0x00000a3c   Number         4  buttons.o(.text.PORTB_IRQHandler)
    __arm_cp.0_5                             0x00000a40   Number         4  buttons.o(.text.PORTB_IRQHandler)
    __arm_cp.0_6                             0x00000a44   Number         4  buttons.o(.text.PORTB_IRQHandler)
    [Anonymous Symbol]                       0x00000a48   Section        0  spi.o(.text.SPI_Init)
    __arm_cp.0_0                             0x00000ad8   Number         4  spi.o(.text.SPI_Init)
    __arm_cp.0_1                             0x00000adc   Number         4  spi.o(.text.SPI_Init)
    __arm_cp.0_2                             0x00000ae0   Number         4  spi.o(.text.SPI_Init)
    __arm_cp.0_3                             0x00000ae4   Number         4  spi.o(.text.SPI_Init)
    __arm_cp.0_4                             0x00000ae8   Number         4  spi.o(.text.SPI_Init)
    [Anonymous Symbol]                       0x00000aec   Section        0  spi.o(.text.SPI_write)
    __arm_cp.1_0                             0x00000b10   Number         4  spi.o(.text.SPI_write)
    __arm_cp.1_1                             0x00000b14   Number         4  spi.o(.text.SPI_write)
    SysTick_Config                           0x00000b19   Thumb Code    32  main.o(.text.SysTick_Config)
    [Anonymous Symbol]                       0x00000b18   Section        0  main.o(.text.SysTick_Config)
    __arm_cp.2_0                             0x00000b34   Number         4  main.o(.text.SysTick_Config)
    [Anonymous Symbol]                       0x00000b38   Section        0  main.o(.text.SysTick_Handler)
    __arm_cp.3_0                             0x00000b64   Number         4  main.o(.text.SysTick_Handler)
    __arm_cp.3_1                             0x00000b68   Number         4  main.o(.text.SysTick_Handler)
    [Anonymous Symbol]                       0x00000b6c   Section        0  system_mkl05z4.o(.text.SystemInit)
    __arm_cp.0_0                             0x00000ba8   Number         4  system_mkl05z4.o(.text.SystemInit)
    __arm_cp.0_1                             0x00000bac   Number         4  system_mkl05z4.o(.text.SystemInit)
    __arm_cp.0_2                             0x00000bb0   Number         4  system_mkl05z4.o(.text.SystemInit)
    __arm_cp.0_3                             0x00000bb4   Number         4  system_mkl05z4.o(.text.SystemInit)
    [Anonymous Symbol]                       0x00000bb8   Section        0  tpm_pcm.o(.text.TPM0_IRQHandler)
    __arm_cp.5_1                             0x00000c04   Number         4  tpm_pcm.o(.text.TPM0_IRQHandler)
    __arm_cp.5_2                             0x00000c08   Number         4  tpm_pcm.o(.text.TPM0_IRQHandler)
    __arm_cp.5_4                             0x00000c0c   Number         4  tpm_pcm.o(.text.TPM0_IRQHandler)
    __arm_cp.5_5                             0x00000c10   Number         4  tpm_pcm.o(.text.TPM0_IRQHandler)
    [Anonymous Symbol]                       0x00000c14   Section        0  tpm_pcm.o(.text.TPM0_Init_PCM)
    __arm_cp.0_0                             0x00000c88   Number         4  tpm_pcm.o(.text.TPM0_Init_PCM)
    __arm_cp.0_1                             0x00000c8c   Number         4  tpm_pcm.o(.text.TPM0_Init_PCM)
    __arm_cp.0_2                             0x00000c90   Number         4  tpm_pcm.o(.text.TPM0_Init_PCM)
    [Anonymous Symbol]                       0x00000c94   Section        0  tpm_pcm.o(.text.TPM0_PCM_Play)
    __arm_cp.4_0                             0x00000ca0   Number         4  tpm_pcm.o(.text.TPM0_PCM_Play)
    __arm_cp.4_1                             0x00000ca4   Number         4  tpm_pcm.o(.text.TPM0_PCM_Play)
    [Anonymous Symbol]                       0x00000ca8   Section        0  tsi.o(.text.TSI0_IRQHandler)
    [Anonymous Symbol]                       0x00000cc0   Section        0  tsi.o(.text.TSI_Init)
    __arm_cp.0_1                             0x00000cfc   Number         4  tsi.o(.text.TSI_Init)
    __arm_cp.0_2                             0x00000d00   Number         4  tsi.o(.text.TSI_Init)
    __arm_cp.0_3                             0x00000d04   Number         4  tsi.o(.text.TSI_Init)
    __arm_cp.0_4                             0x00000d08   Number         4  tsi.o(.text.TSI_Init)
    [Anonymous Symbol]                       0x00000d0c   Section        0  tsi.o(.text.TSI_ReadSlider)
    __arm_cp.5_0                             0x00000d58   Number         4  tsi.o(.text.TSI_ReadSlider)
    __NVIC_ClearPendingIRQ                   0x00000d5d   Thumb Code    12  tsi.o(.text.__NVIC_ClearPendingIRQ)
    [Anonymous Symbol]                       0x00000d5c   Section        0  tsi.o(.text.__NVIC_ClearPendingIRQ)
    __NVIC_ClearPendingIRQ                   0x00000d69   Thumb Code    12  adc.o(.text.__NVIC_ClearPendingIRQ)
    [Anonymous Symbol]                       0x00000d68   Section        0  adc.o(.text.__NVIC_ClearPendingIRQ)
    __NVIC_ClearPendingIRQ                   0x00000d75   Thumb Code    12  buttons.o(.text.__NVIC_ClearPendingIRQ)
    [Anonymous Symbol]                       0x00000d74   Section        0  buttons.o(.text.__NVIC_ClearPendingIRQ)
    __NVIC_ClearPendingIRQ                   0x00000d81   Thumb Code    16  tpm_pcm.o(.text.__NVIC_ClearPendingIRQ)
    [Anonymous Symbol]                       0x00000d80   Section        0  tpm_pcm.o(.text.__NVIC_ClearPendingIRQ)
    __arm_cp.2_0                             0x00000d8c   Number         4  tpm_pcm.o(.text.__NVIC_ClearPendingIRQ)
    __NVIC_EnableIRQ                         0x00000d91   Thumb Code    12  tsi.o(.text.__NVIC_EnableIRQ)
    [Anonymous Symbol]                       0x00000d90   Section        0  tsi.o(.text.__NVIC_EnableIRQ)
    __NVIC_EnableIRQ                         0x00000d9d   Thumb Code    12  adc.o(.text.__NVIC_EnableIRQ)
    [Anonymous Symbol]                       0x00000d9c   Section        0  adc.o(.text.__NVIC_EnableIRQ)
    __NVIC_EnableIRQ                         0x00000da9   Thumb Code    12  buttons.o(.text.__NVIC_EnableIRQ)
    [Anonymous Symbol]                       0x00000da8   Section        0  buttons.o(.text.__NVIC_EnableIRQ)
    __NVIC_EnableIRQ                         0x00000db5   Thumb Code    12  player_name.o(.text.__NVIC_EnableIRQ)
    [Anonymous Symbol]                       0x00000db4   Section        0  player_name.o(.text.__NVIC_EnableIRQ)
    __NVIC_EnableIRQ                         0x00000dc1   Thumb Code    16  tpm_pcm.o(.text.__NVIC_EnableIRQ)
    [Anonymous Symbol]                       0x00000dc0   Section        0  tpm_pcm.o(.text.__NVIC_EnableIRQ)
    __arm_cp.3_0                             0x00000dcc   Number         4  tpm_pcm.o(.text.__NVIC_EnableIRQ)
    __NVIC_SetPriority                       0x00000dd1   Thumb Code    24  tsi.o(.text.__NVIC_SetPriority)
    [Anonymous Symbol]                       0x00000dd0   Section        0  tsi.o(.text.__NVIC_SetPriority)
    __arm_cp.1_0                             0x00000de4   Number         4  tsi.o(.text.__NVIC_SetPriority)
    __NVIC_SetPriority                       0x00000de9   Thumb Code    24  main.o(.text.__NVIC_SetPriority)
    [Anonymous Symbol]                       0x00000de8   Section        0  main.o(.text.__NVIC_SetPriority)
    __arm_cp.4_0                             0x00000dfc   Number         4  main.o(.text.__NVIC_SetPriority)
    __NVIC_SetPriority                       0x00000e01   Thumb Code    24  buttons.o(.text.__NVIC_SetPriority)
    [Anonymous Symbol]                       0x00000e00   Section        0  buttons.o(.text.__NVIC_SetPriority)
    __arm_cp.14_0                            0x00000e14   Number         4  buttons.o(.text.__NVIC_SetPriority)
    __NVIC_SetPriority                       0x00000e19   Thumb Code    24  tpm_pcm.o(.text.__NVIC_SetPriority)
    [Anonymous Symbol]                       0x00000e18   Section        0  tpm_pcm.o(.text.__NVIC_SetPriority)
    __arm_cp.1_0                             0x00000e2c   Number         4  tpm_pcm.o(.text.__NVIC_SetPriority)
    [Anonymous Symbol]                       0x00000e30   Section        0  buttons.o(.text.buttonsInitialize)
    __arm_cp.11_0                            0x00000ec8   Number         4  buttons.o(.text.buttonsInitialize)
    __arm_cp.11_1                            0x00000ecc   Number         4  buttons.o(.text.buttonsInitialize)
    [Anonymous Symbol]                       0x00000ed0   Section        0  tsi.o(.text.change_electrode)
    __arm_cp.6_0                             0x00000f10   Number         4  tsi.o(.text.change_electrode)
    __arm_cp.6_1                             0x00000f14   Number         4  tsi.o(.text.change_electrode)
    __arm_cp.6_2                             0x00000f18   Number         4  tsi.o(.text.change_electrode)
    __arm_cp.6_3                             0x00000f1c   Number         4  tsi.o(.text.change_electrode)
    __arm_cp.6_4                             0x00000f20   Number         4  tsi.o(.text.change_electrode)
    [Anonymous Symbol]                       0x00000f24   Section        0  snake.o(.text.colision)
    __arm_cp.12_3                            0x00000f80   Number         4  snake.o(.text.colision)
    [Anonymous Symbol]                       0x00000f84   Section        0  buttons.o(.text.correct_button)
    __arm_cp.7_0                             0x00000f8c   Number         4  buttons.o(.text.correct_button)
    [Anonymous Symbol]                       0x00000f90   Section        0  snake.o(.text.del_square)
    [Anonymous Symbol]                       0x00000fc0   Section        0  lcd.o(.text.delay_ms)
    __arm_cp.0_0                             0x00000ff0   Number         4  lcd.o(.text.delay_ms)
    [Anonymous Symbol]                       0x00000ff4   Section        0  snake.o(.text.draw_snake)
    [Anonymous Symbol]                       0x0000102c   Section        0  snake.o(.text.draw_square)
    [Anonymous Symbol]                       0x0000105c   Section        0  snake.o(.text.eat_food)
    __arm_cp.5_0                             0x000010bc   Number         4  snake.o(.text.eat_food)
    __arm_cp.5_1                             0x000010c0   Number         4  snake.o(.text.eat_food)
    __arm_cp.5_2                             0x000010c4   Number         4  snake.o(.text.eat_food)
    __arm_cp.5_3                             0x000010c8   Number         4  snake.o(.text.eat_food)
    __arm_cp.5_5                             0x000010cc   Number         4  snake.o(.text.eat_food)
    __arm_cp.5_6                             0x000010d0   Number         4  snake.o(.text.eat_food)
    __arm_cp.5_7                             0x000010d4   Number         4  snake.o(.text.eat_food)
    [Anonymous Symbol]                       0x000010d8   Section        0  snake.o(.text.get_game_over)
    __arm_cp.13_0                            0x000010e0   Number         4  snake.o(.text.get_game_over)
    [Anonymous Symbol]                       0x000010e4   Section        0  buttons.o(.text.get_pause)
    __arm_cp.3_0                             0x000010ec   Number         4  buttons.o(.text.get_pause)
    [Anonymous Symbol]                       0x000010f0   Section        0  snake.o(.text.get_point)
    __arm_cp.14_0                            0x000010f8   Number         4  snake.o(.text.get_point)
    [Anonymous Symbol]                       0x000010fc   Section        0  buttons.o(.text.get_reset)
    __arm_cp.4_0                             0x00001104   Number         4  buttons.o(.text.get_reset)
    [Anonymous Symbol]                       0x00001108   Section        0  player_name.o(.text.get_resultADC)
    __arm_cp.0_0                             0x00001110   Number         4  player_name.o(.text.get_resultADC)
    [Anonymous Symbol]                       0x00001114   Section        0  player_name.o(.text.get_result_ok)
    __arm_cp.1_0                             0x0000111c   Number         4  player_name.o(.text.get_result_ok)
    [Anonymous Symbol]                       0x00001120   Section        0  buttons.o(.text.incorrect_button)
    __arm_cp.9_0                             0x00001128   Number         4  buttons.o(.text.incorrect_button)
    [Anonymous Symbol]                       0x0000112c   Section        0  lcd.o(.text.lcd_clear)
    [Anonymous Symbol]                       0x0000113c   Section        0  lcd.o(.text.lcd_cmd)
    __arm_cp.3_0                             0x00001150   Number         4  lcd.o(.text.lcd_cmd)
    [Anonymous Symbol]                       0x00001154   Section        0  lcd.o(.text.lcd_copy)
    [Anonymous Symbol]                       0x00001174   Section        0  lcd.o(.text.lcd_del_pixel)
    [Anonymous Symbol]                       0x00001190   Section        0  lcd.o(.text.lcd_draw_bitmap)
    [Anonymous Symbol]                       0x000011a0   Section        0  lcd.o(.text.lcd_draw_line_x_or_y)
    [Anonymous Symbol]                       0x000011e0   Section        0  lcd.o(.text.lcd_draw_pixel)
    [Anonymous Symbol]                       0x000011fc   Section        0  lcd.o(.text.lcd_draw_text)
    __arm_cp.6_0                             0x00001250   Number         4  lcd.o(.text.lcd_draw_text)
    __arm_cp.6_1                             0x00001254   Number         4  lcd.o(.text.lcd_draw_text)
    [Anonymous Symbol]                       0x00001258   Section        0  lcd.o(.text.lcd_reset)
    __arm_cp.2_0                             0x00001278   Number         4  lcd.o(.text.lcd_reset)
    [Anonymous Symbol]                       0x0000127c   Section        0  lcd.o(.text.lcd_setup)
    [Anonymous Symbol]                       0x000012b4   Section        0  main.o(.text.main)
    __arm_cp.1_1                             0x0000137c   Number         4  main.o(.text.main)
    __arm_cp.1_2                             0x00001380   Number         4  main.o(.text.main)
    __arm_cp.1_3                             0x00001384   Number         4  main.o(.text.main)
    [Anonymous Symbol]                       0x00001388   Section        0  snake.o(.text.move)
    __arm_cp.15_0                            0x0000147c   Number         4  snake.o(.text.move)
    __arm_cp.15_1                            0x00001480   Number         4  snake.o(.text.move)
    __arm_cp.15_4                            0x00001484   Number         4  snake.o(.text.move)
    [Anonymous Symbol]                       0x00001488   Section        0  buttons.o(.text.name_button)
    [Anonymous Symbol]                       0x00001490   Section        0  player_name.o(.text.player_name_init)
    __arm_cp.5_0                             0x000014a4   Number         4  player_name.o(.text.player_name_init)
    [Anonymous Symbol]                       0x000014a8   Section        0  snake.o(.text.rand_xFood)
    __arm_cp.2_3                             0x000014e8   Number         4  snake.o(.text.rand_xFood)
    [Anonymous Symbol]                       0x000014ec   Section        0  snake.o(.text.rand_yFood)
    __arm_cp.3_0                             0x00001528   Number         4  snake.o(.text.rand_yFood)
    __arm_cp.3_1                             0x0000152c   Number         4  snake.o(.text.rand_yFood)
    __arm_cp.3_2                             0x00001530   Number         4  snake.o(.text.rand_yFood)
    __arm_cp.3_3                             0x00001534   Number         4  snake.o(.text.rand_yFood)
    [Anonymous Symbol]                       0x00001538   Section        0  snake.o(.text.random_food)
    [Anonymous Symbol]                       0x00001554   Section        0  snake.o(.text.reset_game)
    __arm_cp.10_2                            0x0000158c   Number         4  snake.o(.text.reset_game)
    __arm_cp.10_3                            0x00001590   Number         4  snake.o(.text.reset_game)
    __arm_cp.10_6                            0x00001594   Number         4  snake.o(.text.reset_game)
    [Anonymous Symbol]                       0x00001598   Section        0  snake.o(.text.scoreboard)
    __arm_cp.1_0                             0x000015e4   Number         4  snake.o(.text.scoreboard)
    __arm_cp.1_1                             0x000015e8   Number         4  snake.o(.text.scoreboard)
    __arm_cp.1_2                             0x000015ec   Number         4  snake.o(.text.scoreboard)
    __arm_cp.1_3                             0x000015f0   Number         4  snake.o(.text.scoreboard)
    __arm_cp.1_4                             0x000015f4   Number         4  snake.o(.text.scoreboard)
    [Anonymous Symbol]                       0x000015f8   Section        0  tsi.o(.text.self_calibration)
    __arm_cp.4_0                             0x00001698   Number         4  tsi.o(.text.self_calibration)
    __arm_cp.4_1                             0x0000169c   Number         4  tsi.o(.text.self_calibration)
    __arm_cp.4_2                             0x000016a0   Number         4  tsi.o(.text.self_calibration)
    [Anonymous Symbol]                       0x000016a4   Section        0  buttons.o(.text.set_pause)
    __arm_cp.2_0                             0x000016ac   Number         4  buttons.o(.text.set_pause)
    [Anonymous Symbol]                       0x000016b0   Section        0  player_name.o(.text.set_player_name)
    __arm_cp.7_1                             0x000017b0   Number         4  player_name.o(.text.set_player_name)
    __arm_cp.7_2                             0x000017b4   Number         4  player_name.o(.text.set_player_name)
    __arm_cp.7_3                             0x000017b8   Number         4  player_name.o(.text.set_player_name)
    __arm_cp.7_4                             0x000017bc   Number         4  player_name.o(.text.set_player_name)
    __arm_cp.7_7                             0x000017d4   Number         4  player_name.o(.text.set_player_name)
    [Anonymous Symbol]                       0x000017d8   Section        0  buttons.o(.text.set_reset)
    __arm_cp.1_0                             0x000017e0   Number         4  buttons.o(.text.set_reset)
    [Anonymous Symbol]                       0x000017e4   Section        0  player_name.o(.text.set_result_ok)
    __arm_cp.2_0                             0x000017ec   Number         4  player_name.o(.text.set_result_ok)
    [Anonymous Symbol]                       0x000017f0   Section        0  buttons.o(.text.set_v_incorrect)
    __arm_cp.10_0                            0x000017f8   Number         4  buttons.o(.text.set_v_incorrect)
    [Anonymous Symbol]                       0x000017fc   Section        0  buttons.o(.text.set_v_name)
    __arm_cp.6_0                             0x00001804   Number         4  buttons.o(.text.set_v_name)
    [Anonymous Symbol]                       0x00001808   Section        0  snake.o(.text.snake_init)
    [Anonymous Symbol]                       0x00001848   Section        0  snake.o(.text.snake_intro)
    __arm_cp.0_0                             0x00001864   Number         4  snake.o(.text.snake_intro)
    [Anonymous Symbol]                       0x00001868   Section        0  snake.o(.text.snake_move)
    __arm_cp.11_0                            0x000018f8   Number         4  snake.o(.text.snake_move)
    __arm_cp.11_1                            0x000018fc   Number         4  snake.o(.text.snake_move)
    __arm_cp.11_2                            0x00001900   Number         4  snake.o(.text.snake_move)
    __arm_cp.11_3                            0x00001904   Number         4  snake.o(.text.snake_move)
    __arm_cp.11_4                            0x00001908   Number         4  snake.o(.text.snake_move)
    [Anonymous Symbol]                       0x0000190c   Section        0  main.o(.text.the_end)
    __arm_cp.0_2                             0x00001980   Number         4  main.o(.text.the_end)
    .text_divfast                            0x000019a8   Section      502  aeabi_sdivfast.o(.text_divfast)
    x$fpl$fmul                               0x00001ba0   Section      176  fmul.o(x$fpl$fmul)
    music                                    0x00002028   Data         600  tpm_pcm.o(.rodata.music)
    [Anonymous Symbol]                       0x00002028   Section        0  tpm_pcm.o(.rodata.music)
    .L.str                                   0x00002670   Data           2  player_name.o(.rodata.str1.1)
    [Anonymous Symbol]                       0x00002670   Section        0  player_name.o(.rodata.str1.1)
    .L.str.27                                0x00002672   Data           2  player_name.o(.rodata.str1.1)
    .L.str.28                                0x00002674   Data           2  player_name.o(.rodata.str1.1)
    .L.str.29                                0x00002676   Data           2  player_name.o(.rodata.str1.1)
    .L.str.1                                 0x00002678   Data           2  player_name.o(.rodata.str1.1)
    .L.str.2                                 0x0000267a   Data           2  player_name.o(.rodata.str1.1)
    .L.str.3                                 0x0000267c   Data           2  player_name.o(.rodata.str1.1)
    .L.str.5                                 0x0000267e   Data           2  player_name.o(.rodata.str1.1)
    .L.str.6                                 0x00002680   Data           2  player_name.o(.rodata.str1.1)
    .L.str.7                                 0x00002682   Data           2  player_name.o(.rodata.str1.1)
    .L.str.8                                 0x00002684   Data           2  player_name.o(.rodata.str1.1)
    .L.str.9                                 0x00002686   Data           2  player_name.o(.rodata.str1.1)
    .L.str.10                                0x00002688   Data           2  player_name.o(.rodata.str1.1)
    .L.str.11                                0x0000268a   Data           2  player_name.o(.rodata.str1.1)
    .L.str.12                                0x0000268c   Data           2  player_name.o(.rodata.str1.1)
    .L.str.13                                0x0000268e   Data           2  player_name.o(.rodata.str1.1)
    .L.str.14                                0x00002690   Data           2  player_name.o(.rodata.str1.1)
    .L.str.15                                0x00002692   Data           2  player_name.o(.rodata.str1.1)
    .L.str.16                                0x00002694   Data           2  player_name.o(.rodata.str1.1)
    .L.str.17                                0x00002696   Data           2  player_name.o(.rodata.str1.1)
    .L.str.18                                0x00002698   Data           2  player_name.o(.rodata.str1.1)
    .L.str.19                                0x0000269a   Data           2  player_name.o(.rodata.str1.1)
    .L.str.20                                0x0000269c   Data           2  player_name.o(.rodata.str1.1)
    .L.str.21                                0x0000269e   Data           2  player_name.o(.rodata.str1.1)
    .L.str.22                                0x000026a0   Data           2  player_name.o(.rodata.str1.1)
    .L.str.23                                0x000026a2   Data           2  player_name.o(.rodata.str1.1)
    .L.str.24                                0x000026a4   Data           2  player_name.o(.rodata.str1.1)
    .L.str.25                                0x000026a6   Data           2  player_name.o(.rodata.str1.1)
    .L.str.26                                0x000026a8   Data           2  player_name.o(.rodata.str1.1)
    PAUSE                                    0x1ffffc00   Data           1  buttons.o(.data.PAUSE)
    [Anonymous Symbol]                       0x1ffffc00   Section        0  buttons.o(.data.PAUSE)
    correct                                  0x1ffffc08   Data           1  buttons.o(.data.correct)
    [Anonymous Symbol]                       0x1ffffc08   Section        0  buttons.o(.data.correct)
    snake_lenght                             0x1ffffc1e   Data           1  snake.o(.data.snake_lenght)
    [Anonymous Symbol]                       0x1ffffc1e   Section        0  snake.o(.data.snake_lenght)
    vectorX                                  0x1ffffc20   Data           4  snake.o(.data.vectorX)
    [Anonymous Symbol]                       0x1ffffc20   Section        0  snake.o(.data.vectorX)
    .bss                                     0x1ffffcb0   Section       96  libspace.o(.bss)
    HORIZONTAL                               0x1ffffd14   Data           1  snake.o(.bss.HORIZONTAL)
    [Anonymous Symbol]                       0x1ffffd14   Section        0  snake.o(.bss.HORIZONTAL)
    RESET                                    0x1ffffd15   Data           1  buttons.o(.bss.RESET)
    [Anonymous Symbol]                       0x1ffffd15   Section        0  buttons.o(.bss.RESET)
    TimeMS                                   0x1ffffd18   Data           4  main.o(.bss.TimeMS)
    [Anonymous Symbol]                       0x1ffffd18   Section        0  main.o(.bss.TimeMS)
    end_flag                                 0x1ffffd28   Data           1  tsi.o(.bss.end_flag)
    [Anonymous Symbol]                       0x1ffffd28   Section        0  tsi.o(.bss.end_flag)
    gu16Baseline                             0x1ffffd2a   Data           4  tsi.o(.bss.gu16Baseline)
    [Anonymous Symbol]                       0x1ffffd2a   Section        0  tsi.o(.bss.gu16Baseline)
    gu16Delta                                0x1ffffd2e   Data           4  tsi.o(.bss.gu16Delta)
    [Anonymous Symbol]                       0x1ffffd2e   Section        0  tsi.o(.bss.gu16Delta)
    incorrect                                0x1ffffd32   Data           1  buttons.o(.bss.incorrect)
    [Anonymous Symbol]                       0x1ffffd32   Section        0  buttons.o(.bss.incorrect)
    left                                     0x1fffff2c   Data           1  snake.o(.bss.left)
    [Anonymous Symbol]                       0x1fffff2c   Section        0  snake.o(.bss.left)
    name                                     0x1fffff2d   Data           1  buttons.o(.bss.name)
    [Anonymous Symbol]                       0x1fffff2d   Section        0  buttons.o(.bss.name)
    ongoing_elec                             0x1fffff2e   Data           1  tsi.o(.bss.ongoing_elec)
    [Anonymous Symbol]                       0x1fffff2e   Section        0  tsi.o(.bss.ongoing_elec)
    playFlag                                 0x1fffff2f   Data           1  tpm_pcm.o(.bss.playFlag)
    [Anonymous Symbol]                       0x1fffff2f   Section        0  tpm_pcm.o(.bss.playFlag)
    point                                    0x1fffff30   Data           1  snake.o(.bss.point)
    [Anonymous Symbol]                       0x1fffff30   Section        0  snake.o(.bss.point)
    right                                    0x1fffff39   Data           1  snake.o(.bss.right)
    [Anonymous Symbol]                       0x1fffff39   Section        0  snake.o(.bss.right)
    sampleCNT                                0x1fffff3a   Data           2  tpm_pcm.o(.bss.sampleCNT)
    [Anonymous Symbol]                       0x1fffff3a   Section        0  tpm_pcm.o(.bss.sampleCNT)
    snakeCol                                 0x1fffff40   Data          36  snake.o(.bss.snakeCol)
    [Anonymous Symbol]                       0x1fffff40   Section        0  snake.o(.bss.snakeCol)
    snakeRow                                 0x1fffff64   Data          84  snake.o(.bss.snakeRow)
    [Anonymous Symbol]                       0x1fffff64   Section        0  snake.o(.bss.snakeRow)
    upSampleCNT                              0x1fffffba   Data           2  tpm_pcm.o(.bss.upSampleCNT)
    [Anonymous Symbol]                       0x1fffffba   Section        0  tpm_pcm.o(.bss.upSampleCNT)
    vectorY                                  0x1fffffbc   Data           4  snake.o(.bss.vectorY)
    [Anonymous Symbol]                       0x1fffffbc   Section        0  snake.o(.bss.vectorY)
    xFood                                    0x1fffffc0   Data           1  snake.o(.bss.xFood)
    [Anonymous Symbol]                       0x1fffffc0   Section        0  snake.o(.bss.xFood)
    yFood                                    0x1fffffc1   Data           1  snake.o(.bss.yFood)
    [Anonymous Symbol]                       0x1fffffc1   Section        0  snake.o(.bss.yFood)
    Heap_Mem                                 0x1fffffc8   Data           0  startup_mkl05z4.o(HEAP)
    Stack_Mem                                0x1fffffc8   Data         256  startup_mkl05z4.o(STACK)
    HEAP                                     0x1fffffc8   Section        0  startup_mkl05z4.o(HEAP)
    STACK                                    0x1fffffc8   Section      256  startup_mkl05z4.o(STACK)
    __initial_sp                             0x200000c8   Data           0  startup_mkl05z4.o(STACK)

    Global Symbols

    Symbol Name                              Value     Ov Type        Size  Object(Section)

    BuildAttributes$$THM_ISAv3M$S$PE$A:L22$X:L11$S22$IEEE1$IW$~IW$USESV6$~STKCKD$USESV7$~SHL$OTIME$ROPI$EBA8$UX$STANDARDLIB$REQ8$PRES8$EABIv2 0x00000000   Number         0  anon$$obj.o ABSOLUTE
    __Vectors                                0x00000000   Data           4  startup_mkl05z4.o(RESET)
    __ARM_exceptions_init                     - Undefined Weak Reference
    __alloca_initialize                       - Undefined Weak Reference
    __arm_preinit_                            - Undefined Weak Reference
    __cpp_initialize__aeabi_                  - Undefined Weak Reference
    __cxa_finalize                            - Undefined Weak Reference
    __rt_locale                               - Undefined Weak Reference
    __sigvec_lookup                           - Undefined Weak Reference
    _atexit_init                              - Undefined Weak Reference
    _call_atexit_fns                          - Undefined Weak Reference
    _clock_init                               - Undefined Weak Reference
    _fp_trap_init                             - Undefined Weak Reference
    _fp_trap_shutdown                         - Undefined Weak Reference
    _get_lc_collate                           - Undefined Weak Reference
    _get_lc_ctype                             - Undefined Weak Reference
    _get_lc_monetary                          - Undefined Weak Reference
    _get_lc_numeric                           - Undefined Weak Reference
    _get_lc_time                              - Undefined Weak Reference
    _getenv_init                              - Undefined Weak Reference
    _handle_redirection                       - Undefined Weak Reference
    _init_alloc                               - Undefined Weak Reference
    _init_user_alloc                          - Undefined Weak Reference
    _initio                                   - Undefined Weak Reference
    _printf_mbtowc                            - Undefined Weak Reference
    _printf_post_padding                      - Undefined Weak Reference
    _printf_pre_padding                       - Undefined Weak Reference
    _printf_truncate_signed                   - Undefined Weak Reference
    _printf_truncate_unsigned                 - Undefined Weak Reference
    _rand_init                                - Undefined Weak Reference
    _signal_finish                            - Undefined Weak Reference
    _signal_init                              - Undefined Weak Reference
    _terminate_alloc                          - Undefined Weak Reference
    _terminate_user_alloc                     - Undefined Weak Reference
    _terminateio                              - Undefined Weak Reference
    __Vectors_End                            0x000000c0   Data           0  startup_mkl05z4.o(RESET)
    __Vectors_Size                           0x000000c0   Number         0  startup_mkl05z4.o ABSOLUTE
    __main                                   0x000000c1   Thumb Code     8  __main.o(!!!main)
    __scatterload                            0x000000c9   Thumb Code     0  __scatter.o(!!!scatter)
    __scatterload_rt2                        0x000000c9   Thumb Code    52  __scatter.o(!!!scatter)
    __scatterload_rt2_thumb_only             0x000000c9   Thumb Code     0  __scatter.o(!!!scatter)
    __scatterload_null                       0x000000d9   Thumb Code     0  __scatter.o(!!!scatter)
    __scatterload_copy                       0x00000105   Thumb Code    26  __scatter_copy.o(!!handler_copy)
    __scatterload_zeroinit                   0x00000121   Thumb Code    28  __scatter_zi.o(!!handler_zi)
    _printf_percent                          0x0000013d   Thumb Code     0  _printf_percent.o(.ARM.Collect$$_printf_percent$$00000000)
    _printf_d                                0x0000013f   Thumb Code     0  _printf_d.o(.ARM.Collect$$_printf_percent$$00000009)
    _printf_s                                0x00000149   Thumb Code     0  _printf_s.o(.ARM.Collect$$_printf_percent$$00000014)
    _printf_percent_end                      0x00000153   Thumb Code     0  _printf_percent_end.o(.ARM.Collect$$_printf_percent$$00000017)
    __rt_lib_init                            0x00000157   Thumb Code     0  libinit.o(.ARM.Collect$$libinit$$00000000)
    __rt_lib_init_alloca_1                   0x00000159   Thumb Code     0  libinit2.o(.ARM.Collect$$libinit$$0000002E)
    __rt_lib_init_argv_1                     0x00000159   Thumb Code     0  libinit2.o(.ARM.Collect$$libinit$$0000002C)
    __rt_lib_init_atexit_1                   0x00000159   Thumb Code     0  libinit2.o(.ARM.Collect$$libinit$$0000001B)
    __rt_lib_init_clock_1                    0x00000159   Thumb Code     0  libinit2.o(.ARM.Collect$$libinit$$00000021)
    __rt_lib_init_cpp_1                      0x00000159   Thumb Code     0  libinit2.o(.ARM.Collect$$libinit$$00000032)
    __rt_lib_init_exceptions_1               0x00000159   Thumb Code     0  libinit2.o(.ARM.Collect$$libinit$$00000030)
    __rt_lib_init_fp_1                       0x00000159   Thumb Code     0  libinit2.o(.ARM.Collect$$libinit$$00000002)
    __rt_lib_init_fp_trap_1                  0x00000159   Thumb Code     0  libinit2.o(.ARM.Collect$$libinit$$0000001F)
    __rt_lib_init_getenv_1                   0x00000159   Thumb Code     0  libinit2.o(.ARM.Collect$$libinit$$00000023)
    __rt_lib_init_heap_1                     0x00000159   Thumb Code     0  libinit2.o(.ARM.Collect$$libinit$$0000000A)
    __rt_lib_init_lc_collate_1               0x00000159   Thumb Code     0  libinit2.o(.ARM.Collect$$libinit$$00000011)
    __rt_lib_init_lc_ctype_1                 0x00000159   Thumb Code     0  libinit2.o(.ARM.Collect$$libinit$$00000013)
    __rt_lib_init_lc_monetary_1              0x00000159   Thumb Code     0  libinit2.o(.ARM.Collect$$libinit$$00000015)
    __rt_lib_init_lc_numeric_1               0x00000159   Thumb Code     0  libinit2.o(.ARM.Collect$$libinit$$00000017)
    __rt_lib_init_lc_time_1                  0x00000159   Thumb Code     0  libinit2.o(.ARM.Collect$$libinit$$00000019)
    __rt_lib_init_preinit_1                  0x00000159   Thumb Code     0  libinit2.o(.ARM.Collect$$libinit$$00000004)
    __rt_lib_init_rand_1                     0x00000159   Thumb Code     0  libinit2.o(.ARM.Collect$$libinit$$0000000E)
    __rt_lib_init_return                     0x00000159   Thumb Code     0  libinit2.o(.ARM.Collect$$libinit$$00000033)
    __rt_lib_init_signal_1                   0x00000159   Thumb Code     0  libinit2.o(.ARM.Collect$$libinit$$0000001D)
    __rt_lib_init_stdio_1                    0x00000159   Thumb Code     0  libinit2.o(.ARM.Collect$$libinit$$00000025)
    __rt_lib_init_user_alloc_1               0x00000159   Thumb Code     0  libinit2.o(.ARM.Collect$$libinit$$0000000C)
    __rt_lib_shutdown                        0x0000015b   Thumb Code     0  libshutdown.o(.ARM.Collect$$libshutdown$$00000000)
    __rt_lib_shutdown_cpp_1                  0x0000015d   Thumb Code     0  libshutdown2.o(.ARM.Collect$$libshutdown$$00000002)
    __rt_lib_shutdown_fp_trap_1              0x0000015d   Thumb Code     0  libshutdown2.o(.ARM.Collect$$libshutdown$$00000007)
    __rt_lib_shutdown_heap_1                 0x0000015d   Thumb Code     0  libshutdown2.o(.ARM.Collect$$libshutdown$$0000000F)
    __rt_lib_shutdown_return                 0x0000015d   Thumb Code     0  libshutdown2.o(.ARM.Collect$$libshutdown$$00000010)
    __rt_lib_shutdown_signal_1               0x0000015d   Thumb Code     0  libshutdown2.o(.ARM.Collect$$libshutdown$$0000000A)
    __rt_lib_shutdown_stdio_1                0x0000015d   Thumb Code     0  libshutdown2.o(.ARM.Collect$$libshutdown$$00000004)
    __rt_lib_shutdown_user_alloc_1           0x0000015d   Thumb Code     0  libshutdown2.o(.ARM.Collect$$libshutdown$$0000000C)
    __rt_entry                               0x0000015f   Thumb Code     0  __rtentry.o(.ARM.Collect$$rtentry$$00000000)
    __rt_entry_presh_1                       0x0000015f   Thumb Code     0  __rtentry2.o(.ARM.Collect$$rtentry$$00000002)
    __rt_entry_sh                            0x0000015f   Thumb Code     0  __rtentry4.o(.ARM.Collect$$rtentry$$00000004)
    __rt_entry_li                            0x00000165   Thumb Code     0  __rtentry2.o(.ARM.Collect$$rtentry$$0000000A)
    __rt_entry_postsh_1                      0x00000165   Thumb Code     0  __rtentry2.o(.ARM.Collect$$rtentry$$00000009)
    __rt_entry_main                          0x00000169   Thumb Code     0  __rtentry2.o(.ARM.Collect$$rtentry$$0000000D)
    __rt_entry_postli_1                      0x00000169   Thumb Code     0  __rtentry2.o(.ARM.Collect$$rtentry$$0000000C)
    __rt_exit                                0x00000171   Thumb Code     0  rtexit.o(.ARM.Collect$$rtexit$$00000000)
    __rt_exit_ls                             0x00000173   Thumb Code     0  rtexit2.o(.ARM.Collect$$rtexit$$00000003)
    __rt_exit_prels_1                        0x00000173   Thumb Code     0  rtexit2.o(.ARM.Collect$$rtexit$$00000002)
    __rt_exit_exit                           0x00000177   Thumb Code     0  rtexit2.o(.ARM.Collect$$rtexit$$00000004)
    __aeabi_memcpy4                          0x0000017d   Thumb Code    56  rt_memcpy.o(.emb_text)
    __aeabi_memcpy8                          0x0000017d   Thumb Code     0  rt_memcpy.o(.emb_text)
    Reset_Handler                            0x000001b5   Thumb Code     8  startup_mkl05z4.o(.text)
    NMI_Handler                              0x000001bd   Thumb Code     2  startup_mkl05z4.o(.text)
    HardFault_Handler                        0x000001bf   Thumb Code     2  startup_mkl05z4.o(.text)
    SVC_Handler                              0x000001c1   Thumb Code     2  startup_mkl05z4.o(.text)
    PendSV_Handler                           0x000001c3   Thumb Code     2  startup_mkl05z4.o(.text)
    CMP0_IRQHandler                          0x000001c7   Thumb Code     0  startup_mkl05z4.o(.text)
    DAC0_IRQHandler                          0x000001c7   Thumb Code     0  startup_mkl05z4.o(.text)
    DMA0_IRQHandler                          0x000001c7   Thumb Code     0  startup_mkl05z4.o(.text)
    DMA1_IRQHandler                          0x000001c7   Thumb Code     0  startup_mkl05z4.o(.text)
    DMA2_IRQHandler                          0x000001c7   Thumb Code     0  startup_mkl05z4.o(.text)
    DMA3_IRQHandler                          0x000001c7   Thumb Code     0  startup_mkl05z4.o(.text)
    DefaultISR                               0x000001c7   Thumb Code     0  startup_mkl05z4.o(.text)
    FTFA_IRQHandler                          0x000001c7   Thumb Code     0  startup_mkl05z4.o(.text)
    I2C0_IRQHandler                          0x000001c7   Thumb Code     0  startup_mkl05z4.o(.text)
    LLW_IRQHandler                           0x000001c7   Thumb Code     0  startup_mkl05z4.o(.text)
    LPTimer_IRQHandler                       0x000001c7   Thumb Code     0  startup_mkl05z4.o(.text)
    LVD_LVW_IRQHandler                       0x000001c7   Thumb Code     0  startup_mkl05z4.o(.text)
    MCG_IRQHandler                           0x000001c7   Thumb Code     0  startup_mkl05z4.o(.text)
    PIT_IRQHandler                           0x000001c7   Thumb Code     0  startup_mkl05z4.o(.text)
    PORTA_IRQHandler                         0x000001c7   Thumb Code     0  startup_mkl05z4.o(.text)
    RTC_IRQHandler                           0x000001c7   Thumb Code     0  startup_mkl05z4.o(.text)
    RTC_Seconds_IRQHandler                   0x000001c7   Thumb Code     0  startup_mkl05z4.o(.text)
    Reserved20_IRQHandler                    0x000001c7   Thumb Code     0  startup_mkl05z4.o(.text)
    Reserved25_IRQHandler                    0x000001c7   Thumb Code     0  startup_mkl05z4.o(.text)
    Reserved27_IRQHandler                    0x000001c7   Thumb Code     0  startup_mkl05z4.o(.text)
    Reserved29_IRQHandler                    0x000001c7   Thumb Code     0  startup_mkl05z4.o(.text)
    Reserved30_IRQHandler                    0x000001c7   Thumb Code     0  startup_mkl05z4.o(.text)
    Reserved35_IRQHandler                    0x000001c7   Thumb Code     0  startup_mkl05z4.o(.text)
    Reserved39_IRQHandler                    0x000001c7   Thumb Code     0  startup_mkl05z4.o(.text)
    Reserved40_IRQHandler                    0x000001c7   Thumb Code     0  startup_mkl05z4.o(.text)
    Reserved45_IRQHandler                    0x000001c7   Thumb Code     0  startup_mkl05z4.o(.text)
    SPI0_IRQHandler                          0x000001c7   Thumb Code     0  startup_mkl05z4.o(.text)
    TPM1_IRQHandler                          0x000001c7   Thumb Code     0  startup_mkl05z4.o(.text)
    UART0_IRQHandler                         0x000001c7   Thumb Code     0  startup_mkl05z4.o(.text)
    __user_initial_stackheap                 0x000001c9   Thumb Code     0  startup_mkl05z4.o(.text)
    __2sprintf                               0x000001e9   Thumb Code    36  noretval__2sprintf.o(.text)
    __printf                                 0x00000211   Thumb Code   108  __printf.o(.text)
    _printf_str                              0x0000027d   Thumb Code    82  _printf_str.o(.text)
    _printf_int_dec                          0x000002d1   Thumb Code    90  _printf_dec.o(.text)
    __aeabi_memcpy                           0x0000033d   Thumb Code   130  rt_memcpy.o(.text)
    __rt_memcpy                              0x0000033d   Thumb Code     0  rt_memcpy.o(.text)
    __aeabi_memset4                          0x000003bf   Thumb Code    18  aeabi_memset4.o(.text)
    __aeabi_memset8                          0x000003bf   Thumb Code     0  aeabi_memset4.o(.text)
    __use_two_region_memory                  0x000003d1   Thumb Code     2  heapauxi.o(.text)
    __rt_heap_escrow$2region                 0x000003d3   Thumb Code     2  heapauxi.o(.text)
    __rt_heap_expand$2region                 0x000003d5   Thumb Code     2  heapauxi.o(.text)
    _sputc                                   0x000003d7   Thumb Code    10  _sputc.o(.text)
    exit                                     0x000003e1   Thumb Code    16  exit.o(.text)
    __user_libspace                          0x000003f1   Thumb Code     8  libspace.o(.text)
    __user_perproc_libspace                  0x000003f1   Thumb Code     0  libspace.o(.text)
    __user_perthread_libspace                0x000003f1   Thumb Code     0  libspace.o(.text)
    __I$use$semihosting                      0x000003f9   Thumb Code     0  use_no_semi.o(.text)
    __use_no_semihosting_swi                 0x000003f9   Thumb Code     2  use_no_semi.o(.text)
    __I$use$fp                               0x000003fa   Number         0  usenofp.o(x$fpl$usenofp)
    __semihosting_library_function           0x000003fb   Thumb Code     0  indicate_semi.o(.text)
    _memset_w                                0x00000411   Thumb Code    26  rt_memclr.o(.text)
    _memset                                  0x0000042b   Thumb Code    30  rt_memclr.o(.text)
    __aeabi_memclr                           0x00000449   Thumb Code     4  rt_memclr.o(.text)
    __rt_memclr                              0x00000449   Thumb Code     0  rt_memclr.o(.text)
    __aeabi_memclr4                          0x0000044d   Thumb Code     0  rt_memclr.o(.text)
    __aeabi_memclr8                          0x0000044d   Thumb Code     0  rt_memclr.o(.text)
    __rt_memclr_w                            0x0000044d   Thumb Code     4  rt_memclr.o(.text)
    __aeabi_uidivmod                         0x00000451   Thumb Code    28  aeabi_sdivfast.o(.text)
    __aeabi_idivmod                          0x0000046d   Thumb Code   472  aeabi_sdivfast.o(.text)
    __aeabi_f2iz                             0x00000649   Thumb Code     0  ffixi.o(.text)
    _ffix                                    0x00000649   Thumb Code    76  ffixi.o(.text)
    __aeabi_i2f_normalise                    0x00000695   Thumb Code    72  fflti.o(.text)
    __aeabi_i2f                              0x000006dd   Thumb Code    16  fflti.o(.text)
    _fflt                                    0x000006dd   Thumb Code     0  fflti.o(.text)
    __aeabi_ui2f                             0x000006ed   Thumb Code     6  fflti.o(.text)
    _ffltu                                   0x000006ed   Thumb Code     0  fflti.o(.text)
    _printf_int_common                       0x000006f3   Thumb Code   176  _printf_intcommon.o(.text)
    _printf_char_common                      0x000007af   Thumb Code    32  _printf_char_common.o(.text)
    _printf_cs_common                        0x000007d5   Thumb Code    22  _printf_char.o(.text)
    _printf_char                             0x000007eb   Thumb Code    16  _printf_char.o(.text)
    _printf_string                           0x000007fb   Thumb Code     8  _printf_char.o(.text)
    __rt_udiv10                              0x00000803   Thumb Code    40  rtudiv10.o(.text)
    __user_setup_stackheap                   0x0000082b   Thumb Code    62  sys_stackheap_outer.o(.text)
    _sys_exit                                0x00000869   Thumb Code     8  sys_exit.o(.text)
    ADC0_IRQHandler                          0x00000875   Thumb Code    84  player_name.o(.text.ADC0_IRQHandler)
    ADC_Init                                 0x000008c9   Thumb Code   188  adc.o(.text.ADC_Init)
    PORTB_IRQHandler                         0x00000985   Thumb Code   196  buttons.o(.text.PORTB_IRQHandler)
    SPI_Init                                 0x00000a49   Thumb Code   164  spi.o(.text.SPI_Init)
    SPI_write                                0x00000aed   Thumb Code    44  spi.o(.text.SPI_write)
    SysTick_Handler                          0x00000b39   Thumb Code    52  main.o(.text.SysTick_Handler)
    SystemInit                               0x00000b6d   Thumb Code    76  system_mkl05z4.o(.text.SystemInit)
    TPM0_IRQHandler                          0x00000bb9   Thumb Code    92  tpm_pcm.o(.text.TPM0_IRQHandler)
    TPM0_Init_PCM                            0x00000c15   Thumb Code   128  tpm_pcm.o(.text.TPM0_Init_PCM)
    TPM0_PCM_Play                            0x00000c95   Thumb Code    20  tpm_pcm.o(.text.TPM0_PCM_Play)
    TSI0_IRQHandler                          0x00000ca9   Thumb Code    24  tsi.o(.text.TSI0_IRQHandler)
    TSI_Init                                 0x00000cc1   Thumb Code    76  tsi.o(.text.TSI_Init)
    TSI_ReadSlider                           0x00000d0d   Thumb Code    80  tsi.o(.text.TSI_ReadSlider)
    buttonsInitialize                        0x00000e31   Thumb Code   160  buttons.o(.text.buttonsInitialize)
    change_electrode                         0x00000ed1   Thumb Code    84  tsi.o(.text.change_electrode)
    colision                                 0x00000f25   Thumb Code    96  snake.o(.text.colision)
    correct_button                           0x00000f85   Thumb Code    12  buttons.o(.text.correct_button)
    del_square                               0x00000f91   Thumb Code    48  snake.o(.text.del_square)
    delay_ms                                 0x00000fc1   Thumb Code    52  lcd.o(.text.delay_ms)
    draw_snake                               0x00000ff5   Thumb Code    56  snake.o(.text.draw_snake)
    draw_square                              0x0000102d   Thumb Code    48  snake.o(.text.draw_square)
    eat_food                                 0x0000105d   Thumb Code   124  snake.o(.text.eat_food)
    get_game_over                            0x000010d9   Thumb Code    12  snake.o(.text.get_game_over)
    get_pause                                0x000010e5   Thumb Code    12  buttons.o(.text.get_pause)
    get_point                                0x000010f1   Thumb Code    12  snake.o(.text.get_point)
    get_reset                                0x000010fd   Thumb Code    12  buttons.o(.text.get_reset)
    get_resultADC                            0x00001109   Thumb Code    12  player_name.o(.text.get_resultADC)
    get_result_ok                            0x00001115   Thumb Code    12  player_name.o(.text.get_result_ok)
    incorrect_button                         0x00001121   Thumb Code    12  buttons.o(.text.incorrect_button)
    lcd_clear                                0x0000112d   Thumb Code    16  lcd.o(.text.lcd_clear)
    lcd_cmd                                  0x0000113d   Thumb Code    24  lcd.o(.text.lcd_cmd)
    lcd_copy                                 0x00001155   Thumb Code    32  lcd.o(.text.lcd_copy)
    lcd_del_pixel                            0x00001175   Thumb Code    28  lcd.o(.text.lcd_del_pixel)
    lcd_draw_bitmap                          0x00001191   Thumb Code    16  lcd.o(.text.lcd_draw_bitmap)
    lcd_draw_line_x_or_y                     0x000011a1   Thumb Code    64  lcd.o(.text.lcd_draw_line_x_or_y)
    lcd_draw_pixel                           0x000011e1   Thumb Code    28  lcd.o(.text.lcd_draw_pixel)
    lcd_draw_text                            0x000011fd   Thumb Code    92  lcd.o(.text.lcd_draw_text)
    lcd_reset                                0x00001259   Thumb Code    36  lcd.o(.text.lcd_reset)
    lcd_setup                                0x0000127d   Thumb Code    54  lcd.o(.text.lcd_setup)
    main                                     0x000012b5   Thumb Code   212  main.o(.text.main)
    move                                     0x00001389   Thumb Code   256  snake.o(.text.move)
    name_button                              0x00001489   Thumb Code     8  buttons.o(.text.name_button)
    player_name_init                         0x00001491   Thumb Code    24  player_name.o(.text.player_name_init)
    rand_xFood                               0x000014a9   Thumb Code    68  snake.o(.text.rand_xFood)
    rand_yFood                               0x000014ed   Thumb Code    76  snake.o(.text.rand_yFood)
    random_food                              0x00001539   Thumb Code    26  snake.o(.text.random_food)
    reset_game                               0x00001555   Thumb Code    68  snake.o(.text.reset_game)
    scoreboard                               0x00001599   Thumb Code    96  snake.o(.text.scoreboard)
    self_calibration                         0x000015f9   Thumb Code   172  tsi.o(.text.self_calibration)
    set_pause                                0x000016a5   Thumb Code    12  buttons.o(.text.set_pause)
    set_player_name                          0x000016b1   Thumb Code   296  player_name.o(.text.set_player_name)
    set_reset                                0x000017d9   Thumb Code    12  buttons.o(.text.set_reset)
    set_result_ok                            0x000017e5   Thumb Code    12  player_name.o(.text.set_result_ok)
    set_v_incorrect                          0x000017f1   Thumb Code    12  buttons.o(.text.set_v_incorrect)
    set_v_name                               0x000017fd   Thumb Code    12  buttons.o(.text.set_v_name)
    snake_init                               0x00001809   Thumb Code    64  snake.o(.text.snake_init)
    snake_intro                              0x00001849   Thumb Code    32  snake.o(.text.snake_intro)
    snake_move                               0x00001869   Thumb Code   164  snake.o(.text.snake_move)
    the_end                                  0x0000190d   Thumb Code   156  main.o(.text.the_end)
    __aeabi_uidiv                            0x000019a9   Thumb Code    68  aeabi_sdivfast.o(.text_divfast)
    __aeabi_idiv                             0x000019ed   Thumb Code   434  aeabi_sdivfast.o(.text_divfast)
    __aeabi_fmul                             0x00001ba1   Thumb Code     0  fmul.o(x$fpl$fmul)
    _fmul                                    0x00001ba1   Thumb Code   172  fmul.o(x$fpl$fmul)
    font_ASCII                               0x00001c50   Data         480  font.o(.rodata.font_ASCII)
    intro                                    0x00001e30   Data         504  bitmap.o(.rodata.intro)
    pause                                    0x00002280   Data         504  bitmap.o(.rodata.pause)
    play                                     0x00002478   Data         504  bitmap.o(.rodata.play)
    Region$$Table$$Base                      0x000026ac   Number         0  anon$$obj.o(Region$$Table)
    Region$$Table$$Limit                     0x000026cc   Number         0  anon$$obj.o(Region$$Table)
    SystemCoreClock                          0x1ffffc04   Data           4  system_mkl05z4.o(.data.SystemCoreClock)
    correct_ADC                              0x1ffffc0c   Data           4  snake.o(.data.correct_ADC)
    name                                     0x1ffffc10   Data          11  player_name.o(.data.name)
    points                                   0x1ffffc1b   Data           3  snake.o(.data.points)
    znak                                     0x1ffffc24   Data         140  player_name.o(.data.znak)
    __libspace_start                         0x1ffffcb0   Data          96  libspace.o(.bss)
    ADC                                      0x1ffffd10   Data           4  snake.o(.bss.ADC)
    __temporary_stack_top$libspace           0x1ffffd10   Data           0  libspace.o(.bss)
    TimeS                                    0x1ffffd1c   Data           1  main.o(.bss.TimeS)
    a                                        0x1ffffd20   Data           4  player_name.o(.bss.a)
    adc                                      0x1ffffd24   Data           4  player_name.o(.bss.adc)
    game_over                                0x1ffffd29   Data           1  snake.o(.bss.game_over)
    lcd_buffer                               0x1ffffd34   Data         504  lcd.o(.bss.lcd_buffer)
    result_ADC                               0x1fffff34   Data           4  player_name.o(.bss.result_ADC)
    result_ok                                0x1fffff38   Data           1  player_name.o(.bss.result_ok)
    slider                                   0x1fffff3c   Data           1  main.o(.bss.slider)
    temp                                     0x1fffffb8   Data           2  player_name.o(.bss.temp)



==============================================================================

Memory Map of the image

  Image Entry point : 0x000001b5

  Load Region LR_1 (Base: 0x00000000, Size: 0x0000277c, Max: 0xffffffff, ABSOLUTE)

    Execution Region ER_RO (Exec base: 0x00000000, Load base: 0x00000000, Size: 0x000026cc, Max: 0xffffffff, ABSOLUTE)

    Exec Addr    Load Addr    Size         Type   Attr      Idx    E Section Name        Object

    0x00000000   0x00000000   0x000000c0   Data   RO          282    RESET               startup_mkl05z4.o
    0x000000c0   0x000000c0   0x00000008   Code   RO          358  * !!!main             c_p.l(__main.o)
    0x000000c8   0x000000c8   0x0000003c   Code   RO          553    !!!scatter          c_p.l(__scatter.o)
    0x00000104   0x00000104   0x0000001a   Code   RO          555    !!handler_copy      c_p.l(__scatter_copy.o)
    0x0000011e   0x0000011e   0x00000002   PAD
    0x00000120   0x00000120   0x0000001c   Code   RO          557    !!handler_zi        c_p.l(__scatter_zi.o)
    0x0000013c   0x0000013c   0x00000002   Code   RO          339    .ARM.Collect$$_printf_percent$$00000000  c_p.l(_printf_percent.o)
    0x0000013e   0x0000013e   0x0000000a   Code   RO          338    .ARM.Collect$$_printf_percent$$00000009  c_p.l(_printf_d.o)
    0x00000148   0x00000148   0x0000000a   Code   RO          337    .ARM.Collect$$_printf_percent$$00000014  c_p.l(_printf_s.o)
    0x00000152   0x00000152   0x00000004   Code   RO          379    .ARM.Collect$$_printf_percent$$00000017  c_p.l(_printf_percent_end.o)
    0x00000156   0x00000156   0x00000002   Code   RO          416    .ARM.Collect$$libinit$$00000000  c_p.l(libinit.o)
    0x00000158   0x00000158   0x00000000   Code   RO          430    .ARM.Collect$$libinit$$00000002  c_p.l(libinit2.o)
    0x00000158   0x00000158   0x00000000   Code   RO          432    .ARM.Collect$$libinit$$00000004  c_p.l(libinit2.o)
    0x00000158   0x00000158   0x00000000   Code   RO          435    .ARM.Collect$$libinit$$0000000A  c_p.l(libinit2.o)
    0x00000158   0x00000158   0x00000000   Code   RO          437    .ARM.Collect$$libinit$$0000000C  c_p.l(libinit2.o)
    0x00000158   0x00000158   0x00000000   Code   RO          439    .ARM.Collect$$libinit$$0000000E  c_p.l(libinit2.o)
    0x00000158   0x00000158   0x00000000   Code   RO          442    .ARM.Collect$$libinit$$00000011  c_p.l(libinit2.o)
    0x00000158   0x00000158   0x00000000   Code   RO          444    .ARM.Collect$$libinit$$00000013  c_p.l(libinit2.o)
    0x00000158   0x00000158   0x00000000   Code   RO          446    .ARM.Collect$$libinit$$00000015  c_p.l(libinit2.o)
    0x00000158   0x00000158   0x00000000   Code   RO          448    .ARM.Collect$$libinit$$00000017  c_p.l(libinit2.o)
    0x00000158   0x00000158   0x00000000   Code   RO          450    .ARM.Collect$$libinit$$00000019  c_p.l(libinit2.o)
    0x00000158   0x00000158   0x00000000   Code   RO          452    .ARM.Collect$$libinit$$0000001B  c_p.l(libinit2.o)
    0x00000158   0x00000158   0x00000000   Code   RO          454    .ARM.Collect$$libinit$$0000001D  c_p.l(libinit2.o)
    0x00000158   0x00000158   0x00000000   Code   RO          456    .ARM.Collect$$libinit$$0000001F  c_p.l(libinit2.o)
    0x00000158   0x00000158   0x00000000   Code   RO          458    .ARM.Collect$$libinit$$00000021  c_p.l(libinit2.o)
    0x00000158   0x00000158   0x00000000   Code   RO          460    .ARM.Collect$$libinit$$00000023  c_p.l(libinit2.o)
    0x00000158   0x00000158   0x00000000   Code   RO          462    .ARM.Collect$$libinit$$00000025  c_p.l(libinit2.o)
    0x00000158   0x00000158   0x00000000   Code   RO          466    .ARM.Collect$$libinit$$0000002C  c_p.l(libinit2.o)
    0x00000158   0x00000158   0x00000000   Code   RO          468    .ARM.Collect$$libinit$$0000002E  c_p.l(libinit2.o)
    0x00000158   0x00000158   0x00000000   Code   RO          470    .ARM.Collect$$libinit$$00000030  c_p.l(libinit2.o)
    0x00000158   0x00000158   0x00000000   Code   RO          472    .ARM.Collect$$libinit$$00000032  c_p.l(libinit2.o)
    0x00000158   0x00000158   0x00000002   Code   RO          473    .ARM.Collect$$libinit$$00000033  c_p.l(libinit2.o)
    0x0000015a   0x0000015a   0x00000002   Code   RO          508    .ARM.Collect$$libshutdown$$00000000  c_p.l(libshutdown.o)
    0x0000015c   0x0000015c   0x00000000   Code   RO          536    .ARM.Collect$$libshutdown$$00000002  c_p.l(libshutdown2.o)
    0x0000015c   0x0000015c   0x00000000   Code   RO          538    .ARM.Collect$$libshutdown$$00000004  c_p.l(libshutdown2.o)
    0x0000015c   0x0000015c   0x00000000   Code   RO          541    .ARM.Collect$$libshutdown$$00000007  c_p.l(libshutdown2.o)
    0x0000015c   0x0000015c   0x00000000   Code   RO          544    .ARM.Collect$$libshutdown$$0000000A  c_p.l(libshutdown2.o)
    0x0000015c   0x0000015c   0x00000000   Code   RO          546    .ARM.Collect$$libshutdown$$0000000C  c_p.l(libshutdown2.o)
    0x0000015c   0x0000015c   0x00000000   Code   RO          549    .ARM.Collect$$libshutdown$$0000000F  c_p.l(libshutdown2.o)
    0x0000015c   0x0000015c   0x00000002   Code   RO          550    .ARM.Collect$$libshutdown$$00000010  c_p.l(libshutdown2.o)
    0x0000015e   0x0000015e   0x00000000   Code   RO          366    .ARM.Collect$$rtentry$$00000000  c_p.l(__rtentry.o)
    0x0000015e   0x0000015e   0x00000000   Code   RO          384    .ARM.Collect$$rtentry$$00000002  c_p.l(__rtentry2.o)
    0x0000015e   0x0000015e   0x00000006   Code   RO          396    .ARM.Collect$$rtentry$$00000004  c_p.l(__rtentry4.o)
    0x00000164   0x00000164   0x00000000   Code   RO          386    .ARM.Collect$$rtentry$$00000009  c_p.l(__rtentry2.o)
    0x00000164   0x00000164   0x00000004   Code   RO          387    .ARM.Collect$$rtentry$$0000000A  c_p.l(__rtentry2.o)
    0x00000168   0x00000168   0x00000000   Code   RO          389    .ARM.Collect$$rtentry$$0000000C  c_p.l(__rtentry2.o)
    0x00000168   0x00000168   0x00000008   Code   RO          390    .ARM.Collect$$rtentry$$0000000D  c_p.l(__rtentry2.o)
    0x00000170   0x00000170   0x00000002   Code   RO          421    .ARM.Collect$$rtexit$$00000000  c_p.l(rtexit.o)
    0x00000172   0x00000172   0x00000000   Code   RO          479    .ARM.Collect$$rtexit$$00000002  c_p.l(rtexit2.o)
    0x00000172   0x00000172   0x00000004   Code   RO          480    .ARM.Collect$$rtexit$$00000003  c_p.l(rtexit2.o)
    0x00000176   0x00000176   0x00000006   Code   RO          481    .ARM.Collect$$rtexit$$00000004  c_p.l(rtexit2.o)
    0x0000017c   0x0000017c   0x00000038   Code   RO          340    .emb_text           c_p.l(rt_memcpy.o)
    0x000001b4   0x000001b4   0x00000034   Code   RO          284  * .text               startup_mkl05z4.o
    0x000001e8   0x000001e8   0x00000028   Code   RO          309    .text               c_p.l(noretval__2sprintf.o)
    0x00000210   0x00000210   0x0000006c   Code   RO          311    .text               c_p.l(__printf.o)
    0x0000027c   0x0000027c   0x00000052   Code   RO          313    .text               c_p.l(_printf_str.o)
    0x000002ce   0x000002ce   0x00000002   PAD
    0x000002d0   0x000002d0   0x0000006c   Code   RO          315    .text               c_p.l(_printf_dec.o)
    0x0000033c   0x0000033c   0x00000082   Code   RO          341    .text               c_p.l(rt_memcpy.o)
    0x000003be   0x000003be   0x00000012   Code   RO          344    .text               c_p.l(aeabi_memset4.o)
    0x000003d0   0x000003d0   0x00000006   Code   RO          356    .text               c_p.l(heapauxi.o)
    0x000003d6   0x000003d6   0x0000000a   Code   RO          375    .text               c_p.l(_sputc.o)
    0x000003e0   0x000003e0   0x00000010   Code   RO          405    .text               c_p.l(exit.o)
    0x000003f0   0x000003f0   0x00000008   Code   RO          417    .text               c_p.l(libspace.o)
    0x000003f8   0x000003f8   0x00000002   Code   RO          497    .text               c_p.l(use_no_semi.o)
    0x000003fa   0x000003fa   0x00000000   Code   RO          499    .text               c_p.l(indicate_semi.o)
    0x000003fa   0x000003fa   0x00000000   Code   RO          382    x$fpl$usenofp       fz_ps.l(usenofp.o)
    0x000003fa   0x000003fa   0x00000002   Data   RO           77    .rodata.elec_array  tsi.o
    0x000003fc   0x000003fc   0x00000003   Data   RO          123    .rodata.str1.1      snake.o
    0x000003ff   0x000003ff   0x00000001   PAD
    0x00000400   0x00000400   0x00000010   Code   RO          283    .ARM.__at_0x400     startup_mkl05z4.o
    0x00000410   0x00000410   0x00000040   Code   RO          346    .text               c_p.l(rt_memclr.o)
    0x00000450   0x00000450   0x000001f8   Code   RO          348    .text               c_p.l(aeabi_sdivfast.o)
    0x00000648   0x00000648   0x0000004c   Code   RO          360    .text               fz_ps.l(ffixi.o)
    0x00000694   0x00000694   0x0000005e   Code   RO          362    .text               fz_ps.l(fflti.o)
    0x000006f2   0x000006f2   0x000000b0   Code   RO          371    .text               c_p.l(_printf_intcommon.o)
    0x000007a2   0x000007a2   0x00000002   PAD
    0x000007a4   0x000007a4   0x00000030   Code   RO          373    .text               c_p.l(_printf_char_common.o)
    0x000007d4   0x000007d4   0x0000002e   Code   RO          377    .text               c_p.l(_printf_char.o)
    0x00000802   0x00000802   0x00000028   Code   RO          380    .text               c_p.l(rtudiv10.o)
    0x0000082a   0x0000082a   0x0000003e   Code   RO          402    .text               c_p.l(sys_stackheap_outer.o)
    0x00000868   0x00000868   0x0000000c   Code   RO          474    .text               c_p.l(sys_exit.o)
    0x00000874   0x00000874   0x00000054   Code   RO          231    .text.ADC0_IRQHandler  player_name.o
    0x000008c8   0x000008c8   0x000000bc   Code   RO          168    .text.ADC_Init      adc.o
    0x00000984   0x00000984   0x000000c4   Code   RO          182    .text.PORTB_IRQHandler  buttons.o
    0x00000a48   0x00000a48   0x000000a4   Code   RO           47    .text.SPI_Init      spi.o
    0x00000aec   0x00000aec   0x0000002c   Code   RO           49    .text.SPI_write     spi.o
    0x00000b18   0x00000b18   0x00000020   Code   RO          149    .text.SysTick_Config  main.o
    0x00000b38   0x00000b38   0x00000034   Code   RO          151    .text.SysTick_Handler  main.o
    0x00000b6c   0x00000b6c   0x0000004c   Code   RO          293    .text.SystemInit    system_mkl05z4.o
    0x00000bb8   0x00000bb8   0x0000005c   Code   RO          268    .text.TPM0_IRQHandler  tpm_pcm.o
    0x00000c14   0x00000c14   0x00000080   Code   RO          258    .text.TPM0_Init_PCM  tpm_pcm.o
    0x00000c94   0x00000c94   0x00000014   Code   RO          266    .text.TPM0_PCM_Play  tpm_pcm.o
    0x00000ca8   0x00000ca8   0x00000018   Code   RO           73    .text.TSI0_IRQHandler  tsi.o
    0x00000cc0   0x00000cc0   0x0000004c   Code   RO           59    .text.TSI_Init      tsi.o
    0x00000d0c   0x00000d0c   0x00000050   Code   RO           69    .text.TSI_ReadSlider  tsi.o
    0x00000d5c   0x00000d5c   0x0000000c   Code   RO           63    .text.__NVIC_ClearPendingIRQ  tsi.o
    0x00000d68   0x00000d68   0x0000000c   Code   RO          170    .text.__NVIC_ClearPendingIRQ  adc.o
    0x00000d74   0x00000d74   0x0000000c   Code   RO          206    .text.__NVIC_ClearPendingIRQ  buttons.o
    0x00000d80   0x00000d80   0x00000010   Code   RO          262    .text.__NVIC_ClearPendingIRQ  tpm_pcm.o
    0x00000d90   0x00000d90   0x0000000c   Code   RO           65    .text.__NVIC_EnableIRQ  tsi.o
    0x00000d9c   0x00000d9c   0x0000000c   Code   RO          172    .text.__NVIC_EnableIRQ  adc.o
    0x00000da8   0x00000da8   0x0000000c   Code   RO          208    .text.__NVIC_EnableIRQ  buttons.o
    0x00000db4   0x00000db4   0x0000000c   Code   RO          233    .text.__NVIC_EnableIRQ  player_name.o
    0x00000dc0   0x00000dc0   0x00000010   Code   RO          264    .text.__NVIC_EnableIRQ  tpm_pcm.o
    0x00000dd0   0x00000dd0   0x00000018   Code   RO           61    .text.__NVIC_SetPriority  tsi.o
    0x00000de8   0x00000de8   0x00000018   Code   RO          153    .text.__NVIC_SetPriority  main.o
    0x00000e00   0x00000e00   0x00000018   Code   RO          210    .text.__NVIC_SetPriority  buttons.o
    0x00000e18   0x00000e18   0x00000018   Code   RO          260    .text.__NVIC_SetPriority  tpm_pcm.o
    0x00000e30   0x00000e30   0x000000a0   Code   RO          204    .text.buttonsInitialize  buttons.o
    0x00000ed0   0x00000ed0   0x00000054   Code   RO           71    .text.change_electrode  tsi.o
    0x00000f24   0x00000f24   0x00000060   Code   RO          112    .text.colision      snake.o
    0x00000f84   0x00000f84   0x0000000c   Code   RO          196    .text.correct_button  buttons.o
    0x00000f90   0x00000f90   0x00000030   Code   RO          100    .text.del_square    snake.o
    0x00000fc0   0x00000fc0   0x00000034   Code   RO           16    .text.delay_ms      lcd.o
    0x00000ff4   0x00000ff4   0x00000038   Code   RO          102    .text.draw_snake    snake.o
    0x0000102c   0x0000102c   0x00000030   Code   RO          104    .text.draw_square   snake.o
    0x0000105c   0x0000105c   0x0000007c   Code   RO           98    .text.eat_food      snake.o
    0x000010d8   0x000010d8   0x0000000c   Code   RO          114    .text.get_game_over  snake.o
    0x000010e4   0x000010e4   0x0000000c   Code   RO          188    .text.get_pause     buttons.o
    0x000010f0   0x000010f0   0x0000000c   Code   RO          116    .text.get_point     snake.o
    0x000010fc   0x000010fc   0x0000000c   Code   RO          190    .text.get_reset     buttons.o
    0x00001108   0x00001108   0x0000000c   Code   RO          225    .text.get_resultADC  player_name.o
    0x00001114   0x00001114   0x0000000c   Code   RO          227    .text.get_result_ok  player_name.o
    0x00001120   0x00001120   0x0000000c   Code   RO          200    .text.incorrect_button  buttons.o
    0x0000112c   0x0000112c   0x00000010   Code   RO           26    .text.lcd_clear     lcd.o
    0x0000113c   0x0000113c   0x00000018   Code   RO           22    .text.lcd_cmd       lcd.o
    0x00001154   0x00001154   0x00000020   Code   RO           36    .text.lcd_copy      lcd.o
    0x00001174   0x00001174   0x0000001c   Code   RO           32    .text.lcd_del_pixel  lcd.o
    0x00001190   0x00001190   0x00000010   Code   RO           24    .text.lcd_draw_bitmap  lcd.o
    0x000011a0   0x000011a0   0x00000040   Code   RO           34    .text.lcd_draw_line_x_or_y  lcd.o
    0x000011e0   0x000011e0   0x0000001c   Code   RO           30    .text.lcd_draw_pixel  lcd.o
    0x000011fc   0x000011fc   0x0000005c   Code   RO           28    .text.lcd_draw_text  lcd.o
    0x00001258   0x00001258   0x00000024   Code   RO           20    .text.lcd_reset     lcd.o
    0x0000127c   0x0000127c   0x00000036   Code   RO           18    .text.lcd_setup     lcd.o
    0x000012b2   0x000012b2   0x00000002   PAD
    0x000012b4   0x000012b4   0x000000d4   Code   RO          147    .text.main          main.o
    0x00001388   0x00001388   0x00000100   Code   RO          118    .text.move          snake.o
    0x00001488   0x00001488   0x00000008   Code   RO          192    .text.name_button   buttons.o
    0x00001490   0x00001490   0x00000018   Code   RO          235    .text.player_name_init  player_name.o
    0x000014a8   0x000014a8   0x00000044   Code   RO           92    .text.rand_xFood    snake.o
    0x000014ec   0x000014ec   0x0000004c   Code   RO           94    .text.rand_yFood    snake.o
    0x00001538   0x00001538   0x0000001a   Code   RO           96    .text.random_food   snake.o
    0x00001552   0x00001552   0x00000002   PAD
    0x00001554   0x00001554   0x00000044   Code   RO          108    .text.reset_game    snake.o
    0x00001598   0x00001598   0x00000060   Code   RO           90    .text.scoreboard    snake.o
    0x000015f8   0x000015f8   0x000000ac   Code   RO           67    .text.self_calibration  tsi.o
    0x000016a4   0x000016a4   0x0000000c   Code   RO          186    .text.set_pause     buttons.o
    0x000016b0   0x000016b0   0x00000128   Code   RO          239    .text.set_player_name  player_name.o
    0x000017d8   0x000017d8   0x0000000c   Code   RO          184    .text.set_reset     buttons.o
    0x000017e4   0x000017e4   0x0000000c   Code   RO          229    .text.set_result_ok  player_name.o
    0x000017f0   0x000017f0   0x0000000c   Code   RO          202    .text.set_v_incorrect  buttons.o
    0x000017fc   0x000017fc   0x0000000c   Code   RO          194    .text.set_v_name    buttons.o
    0x00001808   0x00001808   0x00000040   Code   RO          106    .text.snake_init    snake.o
    0x00001848   0x00001848   0x00000020   Code   RO           88    .text.snake_intro   snake.o
    0x00001868   0x00001868   0x000000a4   Code   RO          110    .text.snake_move    snake.o
    0x0000190c   0x0000190c   0x0000009c   Code   RO          145    .text.the_end       main.o
    0x000019a8   0x000019a8   0x000001f6   Code   RO          349    .text_divfast       c_p.l(aeabi_sdivfast.o)
    0x00001b9e   0x00001b9e   0x00000002   PAD
    0x00001ba0   0x00001ba0   0x000000b0   Code   RO          364    x$fpl$fmul          fz_ps.l(fmul.o)
    0x00001c50   0x00001c50   0x000001e0   Data   RO           10    .rodata.font_ASCII  font.o
    0x00001e30   0x00001e30   0x000001f8   Data   RO            4    .rodata.intro       bitmap.o
    0x00002028   0x00002028   0x00000258   Data   RO          273    .rodata.music       tpm_pcm.o
    0x00002280   0x00002280   0x000001f8   Data   RO            3    .rodata.pause       bitmap.o
    0x00002478   0x00002478   0x000001f8   Data   RO            2    .rodata.play        bitmap.o
    0x00002670   0x00002670   0x0000003a   Data   RO          243    .rodata.str1.1      player_name.o
    0x000026aa   0x000026aa   0x00000002   PAD
    0x000026ac   0x000026ac   0x00000020   Data   RO          552    Region$$Table       anon$$obj.o


    Execution Region ER_RW (Exec base: 0x1ffffc00, Load base: 0x000026cc, Size: 0x000000b0, Max: 0xffffffff, ABSOLUTE)

    Exec Addr    Load Addr    Size         Type   Attr      Idx    E Section Name        Object

    0x1ffffc00   0x000026cc   0x00000001   Data   RW          215    .data.PAUSE         buttons.o
    0x1ffffc01   0x000026cd   0x00000003   PAD
    0x1ffffc04   0x000026d0   0x00000004   Data   RW          297    .data.SystemCoreClock  system_mkl05z4.o
    0x1ffffc08   0x000026d4   0x00000001   Data   RW          212    .data.correct       buttons.o
    0x1ffffc09   0x000026d5   0x00000003   PAD
    0x1ffffc0c   0x000026d8   0x00000004   Data   RW          122    .data.correct_ADC   snake.o
    0x1ffffc10   0x000026dc   0x0000000b   Data   RW          245    .data.name          player_name.o
    0x1ffffc1b   0x000026e7   0x00000003   Data   RW          120    .data.points        snake.o
    0x1ffffc1e   0x000026ea   0x00000001   Data   RW          130    .data.snake_lenght  snake.o
    0x1ffffc1f   0x000026eb   0x00000001   PAD
    0x1ffffc20   0x000026ec   0x00000004   Data   RW          131    .data.vectorX       snake.o
    0x1ffffc24   0x000026f0   0x0000008c   Data   RW          244    .data.znak          player_name.o


    Execution Region ER_ZI (Exec base: 0x1ffffcb0, Load base: 0x0000277c, Size: 0x00000418, Max: 0xffffffff, ABSOLUTE)

    Exec Addr    Load Addr    Size         Type   Attr      Idx    E Section Name        Object

    0x1ffffcb0        -       0x00000060   Zero   RW          418    .bss                c_p.l(libspace.o)
    0x1ffffd10        -       0x00000004   Zero   RW          125    .bss.ADC            snake.o
    0x1ffffd14        -       0x00000001   Zero   RW          133    .bss.HORIZONTAL     snake.o
    0x1ffffd15        -       0x00000001   Zero   RW          216    .bss.RESET          buttons.o
    0x1ffffd16   0x0000277c   0x00000002   PAD
    0x1ffffd18        -       0x00000004   Zero   RW          157    .bss.TimeMS         main.o
    0x1ffffd1c        -       0x00000001   Zero   RW          155    .bss.TimeS          main.o
    0x1ffffd1d   0x0000277c   0x00000003   PAD
    0x1ffffd20        -       0x00000004   Zero   RW          242    .bss.a              player_name.o
    0x1ffffd24        -       0x00000004   Zero   RW          249    .bss.adc            player_name.o
    0x1ffffd28        -       0x00000001   Zero   RW           75    .bss.end_flag       tsi.o
    0x1ffffd29        -       0x00000001   Zero   RW          121    .bss.game_over      snake.o
    0x1ffffd2a        -       0x00000004   Zero   RW           78    .bss.gu16Baseline   tsi.o
    0x1ffffd2e        -       0x00000004   Zero   RW           76    .bss.gu16Delta      tsi.o
    0x1ffffd32        -       0x00000001   Zero   RW          214    .bss.incorrect      buttons.o
    0x1ffffd33   0x0000277c   0x00000001   PAD
    0x1ffffd34        -       0x000001f8   Zero   RW           38    .bss.lcd_buffer     lcd.o
    0x1fffff2c        -       0x00000001   Zero   RW          135    .bss.left           snake.o
    0x1fffff2d        -       0x00000001   Zero   RW          213    .bss.name           buttons.o
    0x1fffff2e        -       0x00000001   Zero   RW           79    .bss.ongoing_elec   tsi.o
    0x1fffff2f        -       0x00000001   Zero   RW          271    .bss.playFlag       tpm_pcm.o
    0x1fffff30        -       0x00000001   Zero   RW          124    .bss.point          snake.o
    0x1fffff31   0x0000277c   0x00000003   PAD
    0x1fffff34        -       0x00000004   Zero   RW          247    .bss.result_ADC     player_name.o
    0x1fffff38        -       0x00000001   Zero   RW          246    .bss.result_ok      player_name.o
    0x1fffff39        -       0x00000001   Zero   RW          134    .bss.right          snake.o
    0x1fffff3a        -       0x00000002   Zero   RW          270    .bss.sampleCNT      tpm_pcm.o
    0x1fffff3c        -       0x00000001   Zero   RW          156    .bss.slider         main.o
    0x1fffff3d   0x0000277c   0x00000003   PAD
    0x1fffff40        -       0x00000024   Zero   RW          129    .bss.snakeCol       snake.o
    0x1fffff64        -       0x00000054   Zero   RW          128    .bss.snakeRow       snake.o
    0x1fffffb8        -       0x00000002   Zero   RW          248    .bss.temp           player_name.o
    0x1fffffba        -       0x00000002   Zero   RW          272    .bss.upSampleCNT    tpm_pcm.o
    0x1fffffbc        -       0x00000004   Zero   RW          132    .bss.vectorY        snake.o
    0x1fffffc0        -       0x00000001   Zero   RW          126    .bss.xFood          snake.o
    0x1fffffc1        -       0x00000001   Zero   RW          127    .bss.yFood          snake.o
    0x1fffffc2   0x0000277c   0x00000006   PAD
    0x1fffffc8        -       0x00000000   Zero   RW          281    HEAP                startup_mkl05z4.o
    0x1fffffc8        -       0x00000100   Zero   RW          280    STACK               startup_mkl05z4.o


==============================================================================

Image component sizes


      Code (inc. data)   RO Data    RW Data    ZI Data      Debug   Object Name

       212         16          0          0          0       3631   adc.o
         0          0       1512          0          0        504   bitmap.o
       508         72          0          2          3       5229   buttons.o
         0          0        480          0          0        463   font.o
       442         20          0          0        504       3445   lcd.o
       476         88          0          0          6       3845   main.o
       452         84         58        151         15       4072   player_name.o
      1246        128          3         12        135       4171   snake.o
       208         28          0          0          0       2138   spi.o
        68         38        192          0        256        888   startup_mkl05z4.o
        76         16          0          4          0       2349   system_mkl05z4.o
       296         48        600          0          5       4154   tpm_pcm.o
       484         56          2          0         10       4758   tsi.o

    ----------------------------------------------------------------------
      4472        594       2882        176        952      39647   Object Totals
         0          0         32          0          0          0   (incl. Generated)
         4          0          3          7         18          0   (incl. Padding)

    ----------------------------------------------------------------------

      Code (inc. data)   RO Data    RW Data    ZI Data      Debug   Library Member Name

         8          0          0          0          0         68   __main.o
       108          0          0          0          0         76   __printf.o
         0          0          0          0          0          0   __rtentry.o
        12          0          0          0          0          0   __rtentry2.o
         6          0          0          0          0          0   __rtentry4.o
        60          8          0          0          0          0   __scatter.o
        26          0          0          0          0          0   __scatter_copy.o
        28          0          0          0          0          0   __scatter_zi.o
        46          0          0          0          0        100   _printf_char.o
        48          6          0          0          0         88   _printf_char_common.o
        10          0          0          0          0          0   _printf_d.o
       108         18          0          0          0         76   _printf_dec.o
       176          0          0          0          0         84   _printf_intcommon.o
         2          0          0          0          0          0   _printf_percent.o
         4          0          0          0          0          0   _printf_percent_end.o
        10          0          0          0          0          0   _printf_s.o
        82          0          0          0          0         72   _printf_str.o
        10          0          0          0          0         60   _sputc.o
        18          0          0          0          0         68   aeabi_memset4.o
      1006          4          0          0          0        184   aeabi_sdivfast.o
        16          0          0          0          0         68   exit.o
         6          0          0          0          0        136   heapauxi.o
         0          0          0          0          0          0   indicate_semi.o
         2          0          0          0          0          0   libinit.o
         2          0          0          0          0          0   libinit2.o
         2          0          0          0          0          0   libshutdown.o
         2          0          0          0          0          0   libshutdown2.o
         8          4          0          0         96         68   libspace.o
        40          4          0          0          0         84   noretval__2sprintf.o
        64          0          0          0          0        108   rt_memclr.o
       186          0          0          0          0        144   rt_memcpy.o
         2          0          0          0          0          0   rtexit.o
        10          0          0          0          0          0   rtexit2.o
        40          0          0          0          0         60   rtudiv10.o
        12          4          0          0          0         60   sys_exit.o
        62          0          0          0          0         80   sys_stackheap_outer.o
         2          0          0          0          0         68   use_no_semi.o
        76          0          0          0          0         68   ffixi.o
        94          0          0          0          0         92   fflti.o
       176          4          0          0          0         80   fmul.o
         0          0          0          0          0          0   usenofp.o

    ----------------------------------------------------------------------
      2578         52          0          0         96       1992   Library Totals
         8          0          0          0          0          0   (incl. Padding)

    ----------------------------------------------------------------------

      Code (inc. data)   RO Data    RW Data    ZI Data      Debug   Library Name

      2224         48          0          0         96       1752   c_p.l
       346          4          0          0          0        240   fz_ps.l

    ----------------------------------------------------------------------
      2578         52          0          0         96       1992   Library Totals

    ----------------------------------------------------------------------

==============================================================================


      Code (inc. data)   RO Data    RW Data    ZI Data      Debug   

      7050        646       2882        176       1048      40579   Grand Totals
      7050        646       2882        176       1048      40579   ELF Image Totals
      7050        646       2882        176          0          0   ROM Totals

==============================================================================

    Total RO  Size (Code + RO Data)                 9932 (   9.70kB)
    Total RW  Size (RW Data + ZI Data)              1224 (   1.20kB)
    Total ROM Size (Code + RO Data + RW Data)      10108 (   9.87kB)

==============================================================================

